Component: ARM Compiler 5.06 update 5 (build 528) Tool: armlink [4d35e2]

==============================================================================

Section Cross References

    startup_stm32f767xx.o(RESET) refers to startup_stm32f767xx.o(STACK) for __initial_sp
    startup_stm32f767xx.o(RESET) refers to startup_stm32f767xx.o(.text) for Reset_Handler
    startup_stm32f767xx.o(RESET) refers to stm32f7xx_it.o(i.NMI_Handler) for NMI_Handler
    startup_stm32f767xx.o(RESET) refers to stm32f7xx_it.o(i.HardFault_Handler) for HardFault_Handler
    startup_stm32f767xx.o(RESET) refers to stm32f7xx_it.o(i.MemManage_Handler) for MemManage_Handler
    startup_stm32f767xx.o(RESET) refers to stm32f7xx_it.o(i.BusFault_Handler) for BusFault_Handler
    startup_stm32f767xx.o(RESET) refers to stm32f7xx_it.o(i.UsageFault_Handler) for UsageFault_Handler
    startup_stm32f767xx.o(RESET) refers to stm32f7xx_it.o(i.SVC_Handler) for SVC_Handler
    startup_stm32f767xx.o(RESET) refers to stm32f7xx_it.o(i.DebugMon_Handler) for DebugMon_Handler
    startup_stm32f767xx.o(RESET) refers to stm32f7xx_it.o(i.PendSV_Handler) for PendSV_Handler
    startup_stm32f767xx.o(RESET) refers to stm32f7xx_it.o(i.SysTick_Handler) for SysTick_Handler
    startup_stm32f767xx.o(RESET) refers to stm32f7xx_it.o(i.USART1_IRQHandler) for USART1_IRQHandler
    startup_stm32f767xx.o(RESET) refers to stm32f7xx_it.o(i.USART2_IRQHandler) for USART2_IRQHandler
    startup_stm32f767xx.o(RESET) refers to stm32f7xx_it.o(i.USART3_IRQHandler) for USART3_IRQHandler
    startup_stm32f767xx.o(RESET) refers to stm32f7xx_it.o(i.UART4_IRQHandler) for UART4_IRQHandler
    startup_stm32f767xx.o(RESET) refers to stm32f7xx_it.o(i.UART5_IRQHandler) for UART5_IRQHandler
    startup_stm32f767xx.o(RESET) refers to stm32f7xx_it.o(i.USART6_IRQHandler) for USART6_IRQHandler
    startup_stm32f767xx.o(RESET) refers to stm32f7xx_it.o(i.UART7_IRQHandler) for UART7_IRQHandler
    startup_stm32f767xx.o(RESET) refers to stm32f7xx_it.o(i.UART8_IRQHandler) for UART8_IRQHandler
    startup_stm32f767xx.o(.text) refers to system_stm32f7xx.o(i.SystemInit) for SystemInit
    startup_stm32f767xx.o(.text) refers to entry.o(.ARM.Collect$$$$00000000) for __main
    stm32f7xx_hal_flash.o(i.FLASH_SetErrorCode) refers to stm32f7xx_hal_flash.o(.bss) for pFlash
    stm32f7xx_hal_flash.o(i.FLASH_WaitForLastOperation) refers to stm32f7xx_hal.o(i.HAL_GetTick) for HAL_GetTick
    stm32f7xx_hal_flash.o(i.FLASH_WaitForLastOperation) refers to stm32f7xx_hal_flash.o(i.FLASH_SetErrorCode) for FLASH_SetErrorCode
    stm32f7xx_hal_flash.o(i.FLASH_WaitForLastOperation) refers to stm32f7xx_hal_flash.o(.bss) for pFlash
    stm32f7xx_hal_flash.o(i.HAL_FLASH_GetError) refers to stm32f7xx_hal_flash.o(.bss) for pFlash
    stm32f7xx_hal_flash.o(i.HAL_FLASH_IRQHandler) refers to stm32f7xx_hal_flash.o(i.HAL_FLASH_EndOfOperationCallback) for HAL_FLASH_EndOfOperationCallback
    stm32f7xx_hal_flash.o(i.HAL_FLASH_IRQHandler) refers to stm32f7xx_hal_flash_ex.o(i.FLASH_Erase_Sector) for FLASH_Erase_Sector
    stm32f7xx_hal_flash.o(i.HAL_FLASH_IRQHandler) refers to stm32f7xx_hal_flash.o(i.FLASH_SetErrorCode) for FLASH_SetErrorCode
    stm32f7xx_hal_flash.o(i.HAL_FLASH_IRQHandler) refers to stm32f7xx_hal_flash.o(i.HAL_FLASH_OperationErrorCallback) for HAL_FLASH_OperationErrorCallback
    stm32f7xx_hal_flash.o(i.HAL_FLASH_IRQHandler) refers to stm32f7xx_hal_flash.o(.bss) for pFlash
    stm32f7xx_hal_flash.o(i.HAL_FLASH_OB_Launch) refers to stm32f7xx_hal_flash.o(i.FLASH_WaitForLastOperation) for FLASH_WaitForLastOperation
    stm32f7xx_hal_flash.o(i.HAL_FLASH_Program) refers to stm32f7xx_hal_flash.o(i.FLASH_WaitForLastOperation) for FLASH_WaitForLastOperation
    stm32f7xx_hal_flash.o(i.HAL_FLASH_Program) refers to stm32f7xx_hal_flash.o(i.FLASH_Program_Byte) for FLASH_Program_Byte
    stm32f7xx_hal_flash.o(i.HAL_FLASH_Program) refers to stm32f7xx_hal_flash.o(i.FLASH_Program_HalfWord) for FLASH_Program_HalfWord
    stm32f7xx_hal_flash.o(i.HAL_FLASH_Program) refers to stm32f7xx_hal_flash.o(i.FLASH_Program_Word) for FLASH_Program_Word
    stm32f7xx_hal_flash.o(i.HAL_FLASH_Program) refers to stm32f7xx_hal_flash.o(i.FLASH_Program_DoubleWord) for FLASH_Program_DoubleWord
    stm32f7xx_hal_flash.o(i.HAL_FLASH_Program) refers to stm32f7xx_hal_flash.o(.bss) for pFlash
    stm32f7xx_hal_flash.o(i.HAL_FLASH_Program_IT) refers to stm32f7xx_hal_flash.o(i.FLASH_Program_Byte) for FLASH_Program_Byte
    stm32f7xx_hal_flash.o(i.HAL_FLASH_Program_IT) refers to stm32f7xx_hal_flash.o(i.FLASH_Program_HalfWord) for FLASH_Program_HalfWord
    stm32f7xx_hal_flash.o(i.HAL_FLASH_Program_IT) refers to stm32f7xx_hal_flash.o(i.FLASH_Program_Word) for FLASH_Program_Word
    stm32f7xx_hal_flash.o(i.HAL_FLASH_Program_IT) refers to stm32f7xx_hal_flash.o(i.FLASH_Program_DoubleWord) for FLASH_Program_DoubleWord
    stm32f7xx_hal_flash.o(i.HAL_FLASH_Program_IT) refers to stm32f7xx_hal_flash.o(.bss) for pFlash
[...]
    Removing stm32f7xx_hal_i2c.o(i.I2C_WaitOnFlagUntilTimeout), (86 bytes).
    Removing stm32f7xx_hal_i2c.o(i.I2C_WaitOnRXNEFlagUntilTimeout), (144 bytes).
    Removing stm32f7xx_hal_i2c.o(i.I2C_WaitOnSTOPFlagUntilTimeout), (86 bytes).
    Removing stm32f7xx_hal_i2c.o(i.I2C_WaitOnTXISFlagUntilTimeout), (90 bytes).
    Removing stm32f7xx_hal_i2c_ex.o(.rev16_text), (4 bytes).
    Removing stm32f7xx_hal_i2c_ex.o(.revsh_text), (4 bytes).
    Removing stm32f7xx_hal_i2c_ex.o(.rrx_text), (6 bytes).
    Removing stm32f7xx_hal_i2c_ex.o(i.HAL_I2CEx_ConfigAnalogFilter), (106 bytes).
    Removing stm32f7xx_hal_i2c_ex.o(i.HAL_I2CEx_ConfigDigitalFilter), (106 bytes).
    Removing stm32f7xx_hal_i2c_ex.o(i.HAL_I2CEx_DisableFastModePlus), (52 bytes).
    Removing stm32f7xx_hal_i2c_ex.o(i.HAL_I2CEx_EnableFastModePlus), (52 bytes).
    Removing system_stm32f7xx.o(.rev16_text), (4 bytes).
    Removing system_stm32f7xx.o(.revsh_text), (4 bytes).
    Removing system_stm32f7xx.o(.rrx_text), (6 bytes).
    Removing system_stm32f7xx.o(i.SystemCoreClockUpdate), (192 bytes).
    Removing main.o(.rev16_text), (4 bytes).
    Removing main.o(.revsh_text), (4 bytes).
    Removing main.o(.rrx_text), (6 bytes).
    Removing main.o(i.WIFI_ResetWIFI), (36 bytes).
    Removing main.o(i.WIFI_UARTSend), (24 bytes).
    Removing main.o(i.WIFI_UARTSendString), (36 bytes).
    Removing main.o(i.WIFI_setParameter), (232 bytes).
    Removing stm32f7xx_hal_msp.o(.rev16_text), (4 bytes).
    Removing stm32f7xx_hal_msp.o(.revsh_text), (4 bytes).
    Removing stm32f7xx_hal_msp.o(.rrx_text), (6 bytes).
    Removing stm32f7xx_hal_msp.o(i.HAL_SPI_MspDeInit), (48 bytes).
    Removing stm32f7xx_hal_msp.o(i.HAL_UART_MspDeInit), (372 bytes).
    Removing stm32f7xx_it.o(.rev16_text), (4 bytes).
    Removing stm32f7xx_it.o(.revsh_text), (4 bytes).
    Removing stm32f7xx_it.o(.rrx_text), (6 bytes).
    Removing eleweight.o(.rev16_text), (4 bytes).
    Removing eleweight.o(.revsh_text), (4 bytes).
    Removing eleweight.o(.rrx_text), (6 bytes).
    Removing eleweight.o(i.GetWeightValue), (32 bytes).
    Removing eleweight.o(i.SetWeightZero), (32 bytes).
    Removing eleweight.o(i.analyWeightValue), (228 bytes).
    Removing eleweight.o(i.loopWeight), (108 bytes).
    Removing eleweight.o(.constdata), (15 bytes).
    Removing iocontrol.o(.rev16_text), (4 bytes).
    Removing iocontrol.o(.revsh_text), (4 bytes).
    Removing iocontrol.o(.rrx_text), (6 bytes).
    Removing iocontrol.o(i.getRelayState), (80 bytes).
    Removing rs485loop.o(.rev16_text), (4 bytes).
    Removing rs485loop.o(.revsh_text), (4 bytes).
    Removing rs485loop.o(.rrx_text), (6 bytes).
    Removing rs485loop.o(i.AnalyVortexData), (352 bytes).
    Removing rs485loop.o(i.AnanlyReadHeatMeterData), (552 bytes).
    Removing rs485loop.o(i.GetVortexData), (60 bytes).
    Removing rs485loop.o(i.SetInverterFreq), (108 bytes).
    Removing rs485loop.o(i.getVortexFlowrate), (12 bytes).
    Removing rs485loop.o(i.getVortexTotalFlow), (12 bytes).
    Removing rs485loop.o(i.loopHeatMeter), (288 bytes).
    Removing rs485loop.o(i.loopVortex), (280 bytes).
    Removing rs485loop.o(i.readHeatMeter), (80 bytes).
    Removing rs485loop.o(i.uart3_change_baudrate_2400), (60 bytes).
    Removing rs485loop.o(i.uart3_change_baudrate_9600), (56 bytes).
    Removing tcpserver.o(.rev16_text), (4 bytes).
    Removing tcpserver.o(.revsh_text), (4 bytes).
    Removing tcpserver.o(.rrx_text), (6 bytes).
    Removing tcpserver.o(i.SLOT_TCPdecoder), (292 bytes).
    Removing tcpserver.o(i.checkIsMatch), (54 bytes).
    Removing tcpserver.o(i.sendData), (48 bytes).
    Removing tcpserver.o(i.sendDataIT), (40 bytes).
    Removing tcpserver.o(i.sendDataTouchScreen), (48 bytes).
    Removing tcpserver.o(i.wifiDataReceived), (48 bytes).
    Removing tcpserver.o(.data), (5 bytes).
    Removing ultrasonic.o(.rev16_text), (4 bytes).
    Removing ultrasonic.o(.revsh_text), (4 bytes).
    Removing ultrasonic.o(.rrx_text), (6 bytes).
    Removing ultrasonic.o(i.GetUltraDistance), (32 bytes).
    Removing ultrasonic.o(i.GetUltraDurationTime), (32 bytes).
    Removing ultrasonic.o(i.GetUltraTemperature), (32 bytes).
    Removing ultrasonic.o(i.anaslyUltraDistance), (24 bytes).
    Removing ultrasonic.o(i.anaslyUltraTemperature), (42 bytes).
    Removing ultrasonic.o(i.anaslyUltraTime), (12 bytes).
    Removing ultrasonic.o(i.checkUart5Receive), (152 bytes).
    Removing ultrasonic.o(i.loopUltra), (260 bytes).
    Removing ultrasonic.o(i.ultraData), (504 bytes).
    Removing ultrasonic.o(.bss), (192 bytes).
    Removing ultrasonic.o(.constdata), (81 bytes).
    Removing test.o(.rev16_text), (4 bytes).
    Removing test.o(.revsh_text), (4 bytes).
    Removing test.o(.rrx_text), (6 bytes).
    Removing test.o(i.dataCurve), (68 bytes).
    Removing test.o(i.testUsart7receive), (64 bytes).
    Removing test.o(i.testweight), (108 bytes).
    Removing test.o(i.valveTest), (48 bytes).
    Removing dfltul.o(.text), (24 bytes).
    Removing d2f.o(.text), (56 bytes).
    Removing fepilogue.o(.text), (110 bytes).

418 unused section(s) (total 39981 bytes) removed from the image.

==============================================================================

Image Symbol Table

    Local Symbols

    Symbol Name                              Value     Ov Type        Size  Object(Section)

    ../Drivers/STM32F7xx_HAL_Driver/Src/stm32f7xx_hal.c 0x00000000   Number         0  stm32f7xx_hal.o ABSOLUTE
    ../Drivers/STM32F7xx_HAL_Driver/Src/stm32f7xx_hal_cortex.c 0x00000000   Number         0  stm32f7xx_hal_cortex.o ABSOLUTE
    ../Drivers/STM32F7xx_HAL_Driver/Src/stm32f7xx_hal_dma.c 0x00000000   Number         0  stm32f7xx_hal_dma.o ABSOLUTE
    ../Drivers/STM32F7xx_HAL_Driver/Src/stm32f7xx_hal_dma_ex.c 0x00000000   Number         0  stm32f7xx_hal_dma_ex.o ABSOLUTE
    ../Drivers/STM32F7xx_HAL_Driver/Src/stm32f7xx_hal_flash.c 0x00000000   Number         0  stm32f7xx_hal_flash.o ABSOLUTE
    ../Drivers/STM32F7xx_HAL_Driver/Src/stm32f7xx_hal_flash_ex.c 0x00000000   Number         0  stm32f7xx_hal_flash_ex.o ABSOLUTE
    ../Drivers/STM32F7xx_HAL_Driver/Src/stm32f7xx_hal_gpio.c 0x00000000   Number         0  stm32f7xx_hal_gpio.o ABSOLUTE
    ../Drivers/STM32F7xx_HAL_Driver/Src/stm32f7xx_hal_i2c.c 0x00000000   Number         0  stm32f7xx_hal_i2c.o ABSOLUTE
    ../Drivers/STM32F7xx_HAL_Driver/Src/stm32f7xx_hal_i2c_ex.c 0x00000000   Number         0  stm32f7xx_hal_i2c_ex.o ABSOLUTE
    ../Drivers/STM32F7xx_HAL_Driver/Src/stm32f7xx_hal_pwr.c 0x00000000   Number         0  stm32f7xx_hal_pwr.o ABSOLUTE
    ../Drivers/STM32F7xx_HAL_Driver/Src/stm32f7xx_hal_pwr_ex.c 0x00000000   Number         0  stm32f7xx_hal_pwr_ex.o ABSOLUTE
    ../Drivers/STM32F7xx_HAL_Driver/Src/stm32f7xx_hal_rcc.c 0x00000000   Number         0  stm32f7xx_hal_rcc.o ABSOLUTE
    ../Drivers/STM32F7xx_HAL_Driver/Src/stm32f7xx_hal_rcc_ex.c 0x00000000   Number         0  stm32f7xx_hal_rcc_ex.o ABSOLUTE
    ../Drivers/STM32F7xx_HAL_Driver/Src/stm32f7xx_hal_spi.c 0x00000000   Number         0  stm32f7xx_hal_spi.o ABSOLUTE
    ../Drivers/STM32F7xx_HAL_Driver/Src/stm32f7xx_hal_tim.c 0x00000000   Number         0  stm32f7xx_hal_tim.o ABSOLUTE
    ../Drivers/STM32F7xx_HAL_Driver/Src/stm32f7xx_hal_tim_ex.c 0x00000000   Number         0  stm32f7xx_hal_tim_ex.o ABSOLUTE
    ../Drivers/STM32F7xx_HAL_Driver/Src/stm32f7xx_hal_uart.c 0x00000000   Number         0  stm32f7xx_hal_uart.o ABSOLUTE
    ../Src/main.c                            0x00000000   Number         0  main.o ABSOLUTE
    ../Src/stm32f7xx_hal_msp.c               0x00000000   Number         0  stm32f7xx_hal_msp.o ABSOLUTE
    ../Src/stm32f7xx_it.c                    0x00000000   Number         0  stm32f7xx_it.o ABSOLUTE
    ../Src/system_stm32f7xx.c                0x00000000   Number         0  system_stm32f7xx.o ABSOLUTE
    ../clib/../cmprslib/zerorunl.c           0x00000000   Number         0  __dczerorl.o ABSOLUTE
    ../clib/microlib/ctype/ctype.c           0x00000000   Number         0  ispunct_o.o ABSOLUTE
    ../clib/microlib/ctype/ctype.c           0x00000000   Number         0  isprint_o.o ABSOLUTE
    ../clib/microlib/ctype/ctype.c           0x00000000   Number         0  islower_o.o ABSOLUTE
    ../clib/microlib/ctype/ctype.c           0x00000000   Number         0  iscntrl_o.o ABSOLUTE
    ../clib/microlib/ctype/ctype.c           0x00000000   Number         0  isblank_o.o ABSOLUTE
    ../clib/microlib/ctype/ctype.c           0x00000000   Number         0  isalpha_o.o ABSOLUTE
    ../clib/microlib/ctype/ctype.c           0x00000000   Number         0  isalnum_o.o ABSOLUTE
    ../clib/microlib/ctype/ctype.c           0x00000000   Number         0  isgraph_o.o ABSOLUTE
    ../clib/microlib/ctype/ctype.c           0x00000000   Number         0  isspace_c.o ABSOLUTE
    ../clib/microlib/ctype/ctype.c           0x00000000   Number         0  ctype_c.o ABSOLUTE
    ../clib/microlib/ctype/ctype.c           0x00000000   Number         0  isxdigit_o.o ABSOLUTE
    ../clib/microlib/ctype/ctype.c           0x00000000   Number         0  ctype_o.o ABSOLUTE
    ../clib/microlib/ctype/ctype.c           0x00000000   Number         0  isupper_o.o ABSOLUTE
    ../clib/microlib/ctype/ctype.c           0x00000000   Number         0  isdigit_o.o ABSOLUTE
    ../clib/microlib/ctype/ctype.c           0x00000000   Number         0  isspace_o.o ABSOLUTE
    ../clib/microlib/division.c              0x00000000   Number         0  uidiv.o ABSOLUTE
    ../clib/microlib/division.c              0x00000000   Number         0  uldiv.o ABSOLUTE
    ../clib/microlib/errno.c                 0x00000000   Number         0  errno.o ABSOLUTE
    ../clib/microlib/init/entry.s            0x00000000   Number         0  entry11a.o ABSOLUTE
    ../clib/microlib/init/entry.s            0x00000000   Number         0  entry9b.o ABSOLUTE
    ../clib/microlib/init/entry.s            0x00000000   Number         0  entry10a.o ABSOLUTE
    ../clib/microlib/init/entry.s            0x00000000   Number         0  entry11b.o ABSOLUTE
    ../clib/microlib/init/entry.s            0x00000000   Number         0  entry10b.o ABSOLUTE
    ../clib/microlib/init/entry.s            0x00000000   Number         0  entry.o ABSOLUTE
    ../clib/microlib/init/entry.s            0x00000000   Number         0  entry2.o ABSOLUTE
    ../clib/microlib/init/entry.s            0x00000000   Number         0  entry5.o ABSOLUTE
    ../clib/microlib/init/entry.s            0x00000000   Number         0  entry7a.o ABSOLUTE
    ../clib/microlib/init/entry.s            0x00000000   Number         0  entry7b.o ABSOLUTE
    ../clib/microlib/init/entry.s            0x00000000   Number         0  entry8a.o ABSOLUTE
    ../clib/microlib/init/entry.s            0x00000000   Number         0  entry8b.o ABSOLUTE
    ../clib/microlib/init/entry.s            0x00000000   Number         0  entry9a.o ABSOLUTE
    ../clib/microlib/longlong.c              0x00000000   Number         0  llushr.o ABSOLUTE
    ../clib/microlib/longlong.c              0x00000000   Number         0  llshl.o ABSOLUTE
    ../clib/microlib/longlong.c              0x00000000   Number         0  llsshr.o ABSOLUTE
    ../clib/microlib/printf/printf.c         0x00000000   Number         0  printf4.o ABSOLUTE
    ../clib/microlib/printf/printf.c         0x00000000   Number         0  printf5.o ABSOLUTE
    ../clib/microlib/printf/printf.c         0x00000000   Number         0  printfb.o ABSOLUTE
    ../clib/microlib/printf/printf.c         0x00000000   Number         0  printf0.o ABSOLUTE
    ../clib/microlib/printf/printf.c         0x00000000   Number         0  printf6.o ABSOLUTE
    ../clib/microlib/printf/printf.c         0x00000000   Number         0  printf7.o ABSOLUTE
    ../clib/microlib/printf/printf.c         0x00000000   Number         0  printf2.o ABSOLUTE
    ../clib/microlib/printf/printf.c         0x00000000   Number         0  printf1.o ABSOLUTE
    ../clib/microlib/printf/printf.c         0x00000000   Number         0  printf3.o ABSOLUTE
    ../clib/microlib/printf/printf.c         0x00000000   Number         0  printf8.o ABSOLUTE
    ../clib/microlib/printf/printf.c         0x00000000   Number         0  printfa.o ABSOLUTE
    ../clib/microlib/printf/stubs.s          0x00000000   Number         0  stubs.o ABSOLUTE
    ../clib/microlib/stdio/fputc.c           0x00000000   Number         0  fputc.o ABSOLUTE
    ../clib/microlib/stdio/semi.s            0x00000000   Number         0  semi.o ABSOLUTE
    ../clib/microlib/stdio/streams.c         0x00000000   Number         0  stdout.o ABSOLUTE
    ../clib/microlib/string/memcpy.c         0x00000000   Number         0  memcpyb.o ABSOLUTE
    ../clib/microlib/string/memcpy.c         0x00000000   Number         0  memcpya.o ABSOLUTE
    ../clib/microlib/string/memset.c         0x00000000   Number         0  memseta.o ABSOLUTE
    ../clib/microlib/string/strcat.c         0x00000000   Number         0  strcat.o ABSOLUTE
    ../clib/microlib/string/strlen.c         0x00000000   Number         0  strlen.o ABSOLUTE
    ../clib/microlib/string/strtok.c         0x00000000   Number         0  strtok_r.o ABSOLUTE
    ../clib/microlib/string/strtok.c         0x00000000   Number         0  strtok.o ABSOLUTE
    ../clib/microlib/stubs.s                 0x00000000   Number         0  iusesemip.o ABSOLUTE
    ../clib/microlib/stubs.s                 0x00000000   Number         0  iusefp.o ABSOLUTE
    ../clib/scanf.c                          0x00000000   Number         0  scanf_char.o ABSOLUTE
    ../clib/scanf.c                          0x00000000   Number         0  _scanf_int.o ABSOLUTE
    ../clib/scanf.c                          0x00000000   Number         0  __0sscanf.o ABSOLUTE
    ../clib/scanf.c                          0x00000000   Number         0  strtod.o ABSOLUTE
    ../clib/scanf.c                          0x00000000   Number         0  strtol.o ABSOLUTE
    ../clib/scanf.c                          0x00000000   Number         0  scanf_fp.o ABSOLUTE
    ../clib/scanf.c                          0x00000000   Number         0  _scanf.o ABSOLUTE
    ../clib/scanf.c                          0x00000000   Number         0  _sgetc.o ABSOLUTE
    ../clib/scanf.c                          0x00000000   Number         0  _strtoul.o ABSOLUTE
    ../clib/scanf.c                          0x00000000   Number         0  atoi.o ABSOLUTE
    ../clib/scanf.c                          0x00000000   Number         0  _chval.o ABSOLUTE
    ../fplib/microlib/d2f.c                  0x00000000   Number         0  d2f.o ABSOLUTE
    ../fplib/microlib/fpadd.c                0x00000000   Number         0  dadd.o ABSOLUTE
    ../fplib/microlib/fpdiv.c                0x00000000   Number         0  ddiv.o ABSOLUTE
    ../fplib/microlib/fpepilogue.c           0x00000000   Number         0  depilogue.o ABSOLUTE
    ../fplib/microlib/fpepilogue.c           0x00000000   Number         0  fepilogue.o ABSOLUTE
    ../fplib/microlib/fpfix.c                0x00000000   Number         0  dfixul.o ABSOLUTE
    ../fplib/microlib/fpflt.c                0x00000000   Number         0  dfltul.o ABSOLUTE
    ../fplib/microlib/fpmul.c                0x00000000   Number         0  dmul.o ABSOLUTE
    ../mathlib/atof.c                        0x00000000   Number         0  atof.o ABSOLUTE
    ..\Drivers\STM32F7xx_HAL_Driver\Src\stm32f7xx_hal.c 0x00000000   Number         0  stm32f7xx_hal.o ABSOLUTE
    ..\Drivers\STM32F7xx_HAL_Driver\Src\stm32f7xx_hal_cortex.c 0x00000000   Number         0  stm32f7xx_hal_cortex.o ABSOLUTE
    ..\Drivers\STM32F7xx_HAL_Driver\Src\stm32f7xx_hal_dma.c 0x00000000   Number         0  stm32f7xx_hal_dma.o ABSOLUTE
    ..\Drivers\STM32F7xx_HAL_Driver\Src\stm32f7xx_hal_dma_ex.c 0x00000000   Number         0  stm32f7xx_hal_dma_ex.o ABSOLUTE
    ..\Drivers\STM32F7xx_HAL_Driver\Src\stm32f7xx_hal_flash.c 0x00000000   Number         0  stm32f7xx_hal_flash.o ABSOLUTE
    ..\Drivers\STM32F7xx_HAL_Driver\Src\stm32f7xx_hal_flash_ex.c 0x00000000   Number         0  stm32f7xx_hal_flash_ex.o ABSOLUTE
    ..\Drivers\STM32F7xx_HAL_Driver\Src\stm32f7xx_hal_gpio.c 0x00000000   Number         0  stm32f7xx_hal_gpio.o ABSOLUTE
    ..\Drivers\STM32F7xx_HAL_Driver\Src\stm32f7xx_hal_i2c.c 0x00000000   Number         0  stm32f7xx_hal_i2c.o ABSOLUTE
    ..\Drivers\STM32F7xx_HAL_Driver\Src\stm32f7xx_hal_i2c_ex.c 0x00000000   Number         0  stm32f7xx_hal_i2c_ex.o ABSOLUTE
    ..\Drivers\STM32F7xx_HAL_Driver\Src\stm32f7xx_hal_pwr.c 0x00000000   Number         0  stm32f7xx_hal_pwr.o ABSOLUTE
    ..\Drivers\STM32F7xx_HAL_Driver\Src\stm32f7xx_hal_pwr_ex.c 0x00000000   Number         0  stm32f7xx_hal_pwr_ex.o ABSOLUTE
    ..\Drivers\STM32F7xx_HAL_Driver\Src\stm32f7xx_hal_rcc.c 0x00000000   Number         0  stm32f7xx_hal_rcc.o ABSOLUTE
    ..\Drivers\STM32F7xx_HAL_Driver\Src\stm32f7xx_hal_rcc_ex.c 0x00000000   Number         0  stm32f7xx_hal_rcc_ex.o ABSOLUTE
    ..\Drivers\STM32F7xx_HAL_Driver\Src\stm32f7xx_hal_spi.c 0x00000000   Number         0  stm32f7xx_hal_spi.o ABSOLUTE
    ..\Drivers\STM32F7xx_HAL_Driver\Src\stm32f7xx_hal_tim.c 0x00000000   Number         0  stm32f7xx_hal_tim.o ABSOLUTE
    ..\Drivers\STM32F7xx_HAL_Driver\Src\stm32f7xx_hal_tim_ex.c 0x00000000   Number         0  stm32f7xx_hal_tim_ex.o ABSOLUTE
    ..\Drivers\STM32F7xx_HAL_Driver\Src\stm32f7xx_hal_uart.c 0x00000000   Number         0  stm32f7xx_hal_uart.o ABSOLUTE
    ..\Src\IOControl.c                       0x00000000   Number         0  iocontrol.o ABSOLUTE
    ..\Src\RS485Loop.c                       0x00000000   Number         0  rs485loop.o ABSOLUTE
    ..\Src\Ultrasonic.c                      0x00000000   Number         0  ultrasonic.o ABSOLUTE
    ..\Src\eleWeight.c                       0x00000000   Number         0  eleweight.o ABSOLUTE
    ..\Src\main.c                            0x00000000   Number         0  main.o ABSOLUTE
    ..\Src\stm32f7xx_hal_msp.c               0x00000000   Number         0  stm32f7xx_hal_msp.o ABSOLUTE
    ..\Src\stm32f7xx_it.c                    0x00000000   Number         0  stm32f7xx_it.o ABSOLUTE
    ..\Src\system_stm32f7xx.c                0x00000000   Number         0  system_stm32f7xx.o ABSOLUTE
    ..\Src\tcpServer.c                       0x00000000   Number         0  tcpserver.o ABSOLUTE
    ..\Src\test.c                            0x00000000   Number         0  test.o ABSOLUTE
    ..\\Src\\IOControl.c                     0x00000000   Number         0  iocontrol.o ABSOLUTE
    ..\\Src\\RS485Loop.c                     0x00000000   Number         0  rs485loop.o ABSOLUTE
    ..\\Src\\Ultrasonic.c                    0x00000000   Number         0  ultrasonic.o ABSOLUTE
    ..\\Src\\eleWeight.c                     0x00000000   Number         0  eleweight.o ABSOLUTE
    ..\\Src\\tcpServer.c                     0x00000000   Number         0  tcpserver.o ABSOLUTE
    ..\\Src\\test.c                          0x00000000   Number         0  test.o ABSOLUTE
    cdrcmple.s                               0x00000000   Number         0  cdrcmple.o ABSOLUTE
    dc.s                                     0x00000000   Number         0  dc.o ABSOLUTE
    handlers.s                               0x00000000   Number         0  handlers.o ABSOLUTE
    init.s                                   0x00000000   Number         0  init.o ABSOLUTE
    startup_stm32f767xx.s                    0x00000000   Number         0  startup_stm32f767xx.o ABSOLUTE
    RESET                                    0x08000000   Section      504  startup_stm32f767xx.o(RESET)
    .ARM.Collect$$$$00000000                 0x080001f8   Section        0  entry.o(.ARM.Collect$$$$00000000)
    .ARM.Collect$$$$00000001                 0x080001f8   Section        4  entry2.o(.ARM.Collect$$$$00000001)
    .ARM.Collect$$$$00000004                 0x080001fc   Section        4  entry5.o(.ARM.Collect$$$$00000004)
    .ARM.Collect$$$$00000008                 0x08000200   Section        0  entry7b.o(.ARM.Collect$$$$00000008)
    .ARM.Collect$$$$0000000A                 0x08000200   Section        0  entry8b.o(.ARM.Collect$$$$0000000A)
    .ARM.Collect$$$$0000000B                 0x08000200   Section        8  entry9a.o(.ARM.Collect$$$$0000000B)
    .ARM.Collect$$$$0000000D                 0x08000208   Section        0  entry10a.o(.ARM.Collect$$$$0000000D)
    .ARM.Collect$$$$0000000F                 0x08000208   Section        0  entry11a.o(.ARM.Collect$$$$0000000F)
    .ARM.Collect$$$$00002712                 0x08000208   Section        4  entry2.o(.ARM.Collect$$$$00002712)
    __lit__00000000                          0x08000208   Data           4  entry2.o(.ARM.Collect$$$$00002712)
    .text                                    0x0800020c   Section       36  startup_stm32f767xx.o(.text)
    $v0                                      0x0800020c   Number         0  startup_stm32f767xx.o(.text)
    .text                                    0x08000230   Section        0  __0sscanf.o(.text)
    .text                                    0x08000268   Section        0  _scanf_int.o(.text)
    .text                                    0x080003b4   Section        0  uidiv.o(.text)
    .text                                    0x080003e0   Section        0  uldiv.o(.text)
    .text                                    0x08000442   Section        0  _chval.o(.text)
    .text                                    0x08000460   Section        0  scanf_char.o(.text)
    _scanf_char_input                        0x08000461   Thumb Code    12  scanf_char.o(.text)
    .text                                    0x08000488   Section        0  _sgetc.o(.text)
    .text                                    0x080004c8   Section        0  iusefp.o(.text)
    .text                                    0x080004c8   Section        0  dadd.o(.text)
    .text                                    0x08000616   Section        0  dmul.o(.text)
    .text                                    0x080006fa   Section        0  ddiv.o(.text)
    .text                                    0x080007d8   Section        0  dfixul.o(.text)
    .text                                    0x08000808   Section       48  cdrcmple.o(.text)
    .text                                    0x08000838   Section       36  init.o(.text)
    .text                                    0x0800085c   Section        0  llshl.o(.text)
    .text                                    0x0800087a   Section        0  llushr.o(.text)
    .text                                    0x0800089a   Section        0  llsshr.o(.text)
    .text                                    0x080008c0   Section        0  ctype_o.o(.text)
    .text                                    0x080008c8   Section        0  isspace_o.o(.text)
    .text                                    0x080008dc   Section        0  _scanf.o(.text)
    .text                                    0x08000c08   Section        0  depilogue.o(.text)
    .text                                    0x08000cc2   Section        0  __dczerorl.o(.text)
    i.BusFault_Handler                       0x08000cfc   Section        0  stm32f7xx_it.o(i.BusFault_Handler)
    i.CRCCodeTest                            0x08000d00   Section        0  rs485loop.o(i.CRCCodeTest)
    i.DebugMon_Handler                       0x08000d30   Section        0  stm32f7xx_it.o(i.DebugMon_Handler)
    i.HAL_DMA_Abort_IT                       0x08000d32   Section        0  stm32f7xx_hal_dma.o(i.HAL_DMA_Abort_IT)
    i.HAL_Delay                              0x08000d5a   Section        0  stm32f7xx_hal.o(i.HAL_Delay)
    i.HAL_GPIO_Init                          0x08000d74   Section        0  stm32f7xx_hal_gpio.o(i.HAL_GPIO_Init)
    i.HAL_GPIO_WritePin                      0x08000f8c   Section        0  stm32f7xx_hal_gpio.o(i.HAL_GPIO_WritePin)
    i.HAL_GetTick                            0x08000f98   Section        0  stm32f7xx_hal.o(i.HAL_GetTick)
    i.HAL_IncTick                            0x08000fa4   Section        0  stm32f7xx_hal.o(i.HAL_IncTick)
    i.HAL_Init                               0x08000fb4   Section        0  stm32f7xx_hal.o(i.HAL_Init)
    i.HAL_InitTick                           0x08000fcc   Section        0  stm32f7xx_hal.o(i.HAL_InitTick)
    i.HAL_MspInit                            0x08000ff4   Section        0  stm32f7xx_hal_msp.o(i.HAL_MspInit)
    i.HAL_NVIC_EnableIRQ                     0x0800104a   Section        0  stm32f7xx_hal_cortex.o(i.HAL_NVIC_EnableIRQ)
    i.HAL_NVIC_SetPriority                   0x08001064   Section        0  stm32f7xx_hal_cortex.o(i.HAL_NVIC_SetPriority)
    i.HAL_NVIC_SetPriorityGrouping           0x080010e0   Section        0  stm32f7xx_hal_cortex.o(i.HAL_NVIC_SetPriorityGrouping)
    i.HAL_RCCEx_PeriphCLKConfig              0x08001108   Section        0  stm32f7xx_hal_rcc_ex.o(i.HAL_RCCEx_PeriphCLKConfig)
    i.HAL_RCC_ClockConfig                    0x08001a88   Section        0  stm32f7xx_hal_rcc.o(i.HAL_RCC_ClockConfig)
    i.HAL_RCC_GetHCLKFreq                    0x08001c3c   Section        0  stm32f7xx_hal_rcc.o(i.HAL_RCC_GetHCLKFreq)
    i.HAL_RCC_GetPCLK1Freq                   0x08001c48   Section        0  stm32f7xx_hal_rcc.o(i.HAL_RCC_GetPCLK1Freq)
    i.HAL_RCC_GetPCLK2Freq                   0x08001c74   Section        0  stm32f7xx_hal_rcc.o(i.HAL_RCC_GetPCLK2Freq)
    i.HAL_RCC_GetSysClockFreq                0x08001ca0   Section        0  stm32f7xx_hal_rcc.o(i.HAL_RCC_GetSysClockFreq)
    i.HAL_RCC_OscConfig                      0x08001d54   Section        0  stm32f7xx_hal_rcc_ex.o(i.HAL_RCC_OscConfig)
    i.HAL_SPI_Init                           0x08002224   Section        0  stm32f7xx_hal_spi.o(i.HAL_SPI_Init)
    i.HAL_SPI_MspInit                        0x080022d8   Section        0  stm32f7xx_hal_msp.o(i.HAL_SPI_MspInit)
    i.HAL_SYSTICK_CLKSourceConfig            0x08002330   Section        0  stm32f7xx_hal_cortex.o(i.HAL_SYSTICK_CLKSourceConfig)
    i.HAL_SYSTICK_Callback                   0x08002358   Section        0  stm32f7xx_hal_cortex.o(i.HAL_SYSTICK_Callback)
    i.HAL_SYSTICK_Config                     0x0800235a   Section        0  stm32f7xx_hal_cortex.o(i.HAL_SYSTICK_Config)
    i.HAL_SYSTICK_IRQHandler                 0x0800238e   Section        0  stm32f7xx_hal_cortex.o(i.HAL_SYSTICK_IRQHandler)
    i.HAL_UART_ErrorCallback                 0x08002396   Section        0  stm32f7xx_hal_uart.o(i.HAL_UART_ErrorCallback)
    i.HAL_UART_IRQHandler                    0x08002398   Section        0  stm32f7xx_hal_uart.o(i.HAL_UART_IRQHandler)
    i.HAL_UART_Init                          0x080024f4   Section        0  stm32f7xx_hal_uart.o(i.HAL_UART_Init)
    i.HAL_UART_MspInit                       0x0800256c   Section        0  stm32f7xx_hal_msp.o(i.HAL_UART_MspInit)
    i.HAL_UART_Receive_IT                    0x08002808   Section        0  stm32f7xx_hal_uart.o(i.HAL_UART_Receive_IT)
    i.HAL_UART_RxCpltCallback                0x080028d0   Section        0  main.o(i.HAL_UART_RxCpltCallback)
    i.HAL_UART_Transmit                      0x080028dc   Section        0  stm32f7xx_hal_uart.o(i.HAL_UART_Transmit)
    i.HAL_UART_TxCpltCallback                0x080029a2   Section        0  stm32f7xx_hal_uart.o(i.HAL_UART_TxCpltCallback)
    i.HardFault_Handler                      0x080029a4   Section        0  stm32f7xx_it.o(i.HardFault_Handler)
    i.MX_GPIO_Init                           0x080029a8   Section        0  main.o(i.MX_GPIO_Init)
    MX_GPIO_Init                             0x080029a9   Thumb Code   314  main.o(i.MX_GPIO_Init)
    i.MX_NVIC_Init                           0x08002af4   Section        0  main.o(i.MX_NVIC_Init)
    MX_NVIC_Init                             0x08002af5   Thumb Code   100  main.o(i.MX_NVIC_Init)
    i.MX_SPI2_Init                           0x08002b58   Section        0  main.o(i.MX_SPI2_Init)
    MX_SPI2_Init                             0x08002b59   Thumb Code    78  main.o(i.MX_SPI2_Init)
    i.MX_UART4_Init                          0x08002bc0   Section        0  main.o(i.MX_UART4_Init)
    MX_UART4_Init                            0x08002bc1   Thumb Code    62  main.o(i.MX_UART4_Init)
    i.MX_UART5_Init                          0x08002c18   Section        0  main.o(i.MX_UART5_Init)
    MX_UART5_Init                            0x08002c19   Thumb Code    62  main.o(i.MX_UART5_Init)
    i.MX_UART7_Init                          0x08002c70   Section        0  main.o(i.MX_UART7_Init)
    MX_UART7_Init                            0x08002c71   Thumb Code    62  main.o(i.MX_UART7_Init)
    i.MX_UART8_Init                          0x08002cc8   Section        0  main.o(i.MX_UART8_Init)
    MX_UART8_Init                            0x08002cc9   Thumb Code    64  main.o(i.MX_UART8_Init)
    i.MX_USART1_UART_Init                    0x08002d20   Section        0  main.o(i.MX_USART1_UART_Init)
    MX_USART1_UART_Init                      0x08002d21   Thumb Code    62  main.o(i.MX_USART1_UART_Init)
    i.MX_USART2_UART_Init                    0x08002d78   Section        0  main.o(i.MX_USART2_UART_Init)
    MX_USART2_UART_Init                      0x08002d79   Thumb Code    76  main.o(i.MX_USART2_UART_Init)
    i.MX_USART3_UART_Init                    0x08002ddc   Section        0  main.o(i.MX_USART3_UART_Init)
    MX_USART3_UART_Init                      0x08002ddd   Thumb Code    62  main.o(i.MX_USART3_UART_Init)
    i.MX_USART6_UART_Init                    0x08002e34   Section        0  main.o(i.MX_USART6_UART_Init)
    MX_USART6_UART_Init                      0x08002e35   Thumb Code    64  main.o(i.MX_USART6_UART_Init)
    i.MemManage_Handler                      0x08002e8c   Section        0  stm32f7xx_it.o(i.MemManage_Handler)
    i.NMI_Handler                            0x08002e90   Section        0  stm32f7xx_it.o(i.NMI_Handler)
    i.NVIC_GetPriorityGrouping               0x08002e94   Section        0  stm32f7xx_hal_cortex.o(i.NVIC_GetPriorityGrouping)
    NVIC_GetPriorityGrouping                 0x08002e95   Thumb Code    10  stm32f7xx_hal_cortex.o(i.NVIC_GetPriorityGrouping)
    i.NVIC_SetPriority                       0x08002ea4   Section        0  stm32f7xx_hal_cortex.o(i.NVIC_SetPriority)
    NVIC_SetPriority                         0x08002ea5   Thumb Code    32  stm32f7xx_hal_cortex.o(i.NVIC_SetPriority)
    i.PendSV_Handler                         0x08002ecc   Section        0  stm32f7xx_it.o(i.PendSV_Handler)
    i.SVC_Handler                            0x08002ece   Section        0  stm32f7xx_it.o(i.SVC_Handler)
    i.StartInverter                          0x08002ed0   Section        0  rs485loop.o(i.StartInverter)
    i.StopInverter                           0x08002f0c   Section        0  rs485loop.o(i.StopInverter)
    i.SysTick_Handler                        0x08002f48   Section        0  stm32f7xx_it.o(i.SysTick_Handler)
    i.SystemClock_Config                     0x08002f54   Section        0  main.o(i.SystemClock_Config)
    i.SystemInit                             0x08003060   Section        0  system_stm32f7xx.o(i.SystemInit)
    i.UART4_IRQHandler                       0x080030c4   Section        0  stm32f7xx_it.o(i.UART4_IRQHandler)
    i.UART5_IRQHandler                       0x080030d4   Section        0  stm32f7xx_it.o(i.UART5_IRQHandler)
    i.UART7_IRQHandler                       0x080030e4   Section        0  stm32f7xx_it.o(i.UART7_IRQHandler)
    i.UART8_IRQHandler                       0x080030f4   Section        0  stm32f7xx_it.o(i.UART8_IRQHandler)
    i.UART_AdvFeatureConfig                  0x08003104   Section        0  stm32f7xx_hal_uart.o(i.UART_AdvFeatureConfig)
    i.UART_Change_Page                       0x080031f0   Section        0  test.o(i.UART_Change_Page)
    i.UART_CheckIdleState                    0x08003210   Section        0  stm32f7xx_hal_uart.o(i.UART_CheckIdleState)
    i.UART_DMAAbortOnError                   0x08003284   Section        0  stm32f7xx_hal_uart.o(i.UART_DMAAbortOnError)
    UART_DMAAbortOnError                     0x08003285   Thumb Code    24  stm32f7xx_hal_uart.o(i.UART_DMAAbortOnError)
    i.UART_EndRxTransfer                     0x0800329c   Section        0  stm32f7xx_hal_uart.o(i.UART_EndRxTransfer)
    UART_EndRxTransfer                       0x0800329d   Thumb Code    32  stm32f7xx_hal_uart.o(i.UART_EndRxTransfer)
    i.UART_EndTransmit_IT                    0x080032bc   Section        0  stm32f7xx_hal_uart.o(i.UART_EndTransmit_IT)
    UART_EndTransmit_IT                      0x080032bd   Thumb Code    32  stm32f7xx_hal_uart.o(i.UART_EndTransmit_IT)
    i.UART_Receive_IT                        0x080032dc   Section        0  stm32f7xx_hal_uart.o(i.UART_Receive_IT)
    UART_Receive_IT                          0x080032dd   Thumb Code   136  stm32f7xx_hal_uart.o(i.UART_Receive_IT)
    i.UART_Send_END                          0x08003364   Section        0  test.o(i.UART_Send_END)
    i.UART_Send_start                        0x0800339c   Section        0  test.o(i.UART_Send_start)
    i.UART_SetConfig                         0x080033b0   Section        0  stm32f7xx_hal_uart.o(i.UART_SetConfig)
    i.UART_Transmit_IT                       0x0800373c   Section        0  stm32f7xx_hal_uart.o(i.UART_Transmit_IT)
    UART_Transmit_IT                         0x0800373d   Thumb Code   106  stm32f7xx_hal_uart.o(i.UART_Transmit_IT)
    i.UART_WaitOnFlagUntilTimeout            0x080037a6   Section        0  stm32f7xx_hal_uart.o(i.UART_WaitOnFlagUntilTimeout)
    i.USART1_IRQHandler                      0x08003814   Section        0  stm32f7xx_it.o(i.USART1_IRQHandler)
    i.USART2_IRQHandler                      0x08003824   Section        0  stm32f7xx_it.o(i.USART2_IRQHandler)
    i.USART3_IRQHandler                      0x08003834   Section        0  stm32f7xx_it.o(i.USART3_IRQHandler)
    i.USART6_IRQHandler                      0x08003844   Section        0  stm32f7xx_it.o(i.USART6_IRQHandler)
    i.UsageFault_Handler                     0x08003854   Section        0  stm32f7xx_it.o(i.UsageFault_Handler)
    i._Error_Handler                         0x08003858   Section        0  main.o(i._Error_Handler)
    i.__0sprintf                             0x0800385c   Section        0  printfa.o(i.__0sprintf)
    i.__scatterload_copy                     0x08003884   Section       14  handlers.o(i.__scatterload_copy)
    i.__scatterload_null                     0x08003892   Section        2  handlers.o(i.__scatterload_null)
    i.__scatterload_zeroinit                 0x08003894   Section       14  handlers.o(i.__scatterload_zeroinit)
    i._fp_digits                             0x080038a4   Section        0  printfa.o(i._fp_digits)
    _fp_digits                               0x080038a5   Thumb Code   366  printfa.o(i._fp_digits)
    i._printf_core                           0x08003a28   Section        0  printfa.o(i._printf_core)
    _printf_core                             0x08003a29   Thumb Code  1744  printfa.o(i._printf_core)
    i._printf_post_padding                   0x08004104   Section        0  printfa.o(i._printf_post_padding)
    _printf_post_padding                     0x08004105   Thumb Code    36  printfa.o(i._printf_post_padding)
    i._printf_pre_padding                    0x08004128   Section        0  printfa.o(i._printf_pre_padding)
    _printf_pre_padding                      0x08004129   Thumb Code    46  printfa.o(i._printf_pre_padding)
    i._sputc                                 0x08004156   Section        0  printfa.o(i._sputc)
    _sputc                                   0x08004157   Thumb Code    10  printfa.o(i._sputc)
    i.handleRxCpltCallback                   0x08004160   Section        0  test.o(i.handleRxCpltCallback)
    i.main                                   0x08004360   Section        0  main.o(i.main)
    i.open1Receive                           0x08004414   Section        0  test.o(i.open1Receive)
    i.open2Receive                           0x0800442c   Section        0  test.o(i.open2Receive)
    i.open3Receive                           0x08004444   Section        0  rs485loop.o(i.open3Receive)
    i.open5Receive                           0x0800445c   Section        0  ultrasonic.o(i.open5Receive)
    i.open7Receive                           0x08004474   Section        0  test.o(i.open7Receive)
    i.ridOfZero                              0x0800448c   Section        0  test.o(i.ridOfZero)
    i.setRelayState                          0x080044c8   Section        0  iocontrol.o(i.setRelayState)
    i.wifiStartListening                     0x08004530   Section        0  tcpserver.o(i.wifiStartListening)
    .constdata                               0x08004548   Section       24  system_stm32f7xx.o(.constdata)
    .constdata                               0x08004560   Section      129  ctype_o.o(.constdata)
    .constdata                               0x080045e4   Section        4  ctype_o.o(.constdata)
    table                                    0x080045e4   Data           4  ctype_o.o(.constdata)
    .data                                    0x20000000   Section        4  stm32f7xx_hal.o(.data)
    .data                                    0x20000004   Section        4  system_stm32f7xx.o(.data)
    .data                                    0x20000008   Section      536  rs485loop.o(.data)
    wCRCTable                                0x20000020   Data         512  rs485loop.o(.data)
    .data                                    0x20000220   Section        6  ultrasonic.o(.data)
    .data                                    0x20000226   Section       45  test.o(.data)
    RcvBufLen                                0x20000234   Data           2  test.o(.data)
    flag_uartbegin                           0x20000236   Data           1  test.o(.data)
    RcvBufLen3                               0x20000238   Data           2  test.o(.data)
    .bss                                     0x20000254   Section      996  main.o(.bss)
    .bss                                     0x20000638   Section      418  rs485loop.o(.bss)
    .bss                                     0x200007da   Section      250  tcpserver.o(.bss)
    .bss                                     0x200008d4   Section      224  test.o(.bss)
    STACK                                    0x200009b8   Section     1024  startup_stm32f767xx.o(STACK)

    Global Symbols

    Symbol Name                              Value     Ov Type        Size  Object(Section)

    BuildAttributes$$THM_ISAv4$E$P$D$K$B$S$7EM$VFPv5_D16$PE$PLD8$A:L22UL41UL21$X:L11$S22US41US21$IEEE1$IW$USESV6$~STKCKD$USESV7$~SHL$OTIME$ROPI$IEEEJ$EBA8$MICROLIB$REQ8$PRES8$EABIv2 0x00000000   Number         0  anon$$obj.o ABSOLUTE
    __ARM_use_no_argv                        0x00000000   Number         0  main.o ABSOLUTE
    _printf_a                                0x00000000   Number         0  stubs.o ABSOLUTE
    _printf_c                                0x00000000   Number         0  stubs.o ABSOLUTE
    _printf_charcount                        0x00000000   Number         0  stubs.o ABSOLUTE
    _printf_d                                0x00000000   Number         0  stubs.o ABSOLUTE
    _printf_e                                0x00000000   Number         0  stubs.o ABSOLUTE
    _printf_f                                0x00000000   Number         0  stubs.o ABSOLUTE
    _printf_flags                            0x00000000   Number         0  stubs.o ABSOLUTE
    _printf_fp_dec                           0x00000000   Number         0  stubs.o ABSOLUTE
    _printf_fp_hex                           0x00000000   Number         0  stubs.o ABSOLUTE
    _printf_g                                0x00000000   Number         0  stubs.o ABSOLUTE
    _printf_i                                0x00000000   Number         0  stubs.o ABSOLUTE
    _printf_int_dec                          0x00000000   Number         0  stubs.o ABSOLUTE
    _printf_l                                0x00000000   Number         0  stubs.o ABSOLUTE
    _printf_lc                               0x00000000   Number         0  stubs.o ABSOLUTE
    _printf_ll                               0x00000000   Number         0  stubs.o ABSOLUTE
    _printf_lld                              0x00000000   Number         0  stubs.o ABSOLUTE
    _printf_lli                              0x00000000   Number         0  stubs.o ABSOLUTE
    _printf_llo                              0x00000000   Number         0  stubs.o ABSOLUTE
    _printf_llu                              0x00000000   Number         0  stubs.o ABSOLUTE
    _printf_llx                              0x00000000   Number         0  stubs.o ABSOLUTE
    _printf_longlong_dec                     0x00000000   Number         0  stubs.o ABSOLUTE
    _printf_longlong_hex                     0x00000000   Number         0  stubs.o ABSOLUTE
    _printf_longlong_oct                     0x00000000   Number         0  stubs.o ABSOLUTE
    _printf_ls                               0x00000000   Number         0  stubs.o ABSOLUTE
    _printf_mbtowc                           0x00000000   Number         0  stubs.o ABSOLUTE
    _printf_n                                0x00000000   Number         0  stubs.o ABSOLUTE
    _printf_o                                0x00000000   Number         0  stubs.o ABSOLUTE
    _printf_p                                0x00000000   Number         0  stubs.o ABSOLUTE
    _printf_percent                          0x00000000   Number         0  stubs.o ABSOLUTE
    _printf_pre_padding                      0x00000000   Number         0  stubs.o ABSOLUTE
    _printf_return_value                     0x00000000   Number         0  stubs.o ABSOLUTE
    _printf_s                                0x00000000   Number         0  stubs.o ABSOLUTE
    _printf_sizespec                         0x00000000   Number         0  stubs.o ABSOLUTE
    _printf_str                              0x00000000   Number         0  stubs.o ABSOLUTE
    _printf_truncate_signed                  0x00000000   Number         0  stubs.o ABSOLUTE
    _printf_truncate_unsigned                0x00000000   Number         0  stubs.o ABSOLUTE
    _printf_u                                0x00000000   Number         0  stubs.o ABSOLUTE
    _printf_wc                               0x00000000   Number         0  stubs.o ABSOLUTE
    _printf_wctomb                           0x00000000   Number         0  stubs.o ABSOLUTE
    _printf_widthprec                        0x00000000   Number         0  stubs.o ABSOLUTE
    _printf_x                                0x00000000   Number         0  stubs.o ABSOLUTE
    __cpp_initialize__aeabi_                  - Undefined Weak Reference
    __cxa_finalize                            - Undefined Weak Reference
    _clock_init                               - Undefined Weak Reference
    _microlib_exit                            - Undefined Weak Reference
    _scanf_longlong                           - Undefined Weak Reference
    _scanf_string                             - Undefined Weak Reference
    __Vectors_Size                           0x000001f8   Number         0  startup_stm32f767xx.o ABSOLUTE
    __Vectors                                0x08000000   Data           4  startup_stm32f767xx.o(RESET)
    __Vectors_End                            0x080001f8   Data           0  startup_stm32f767xx.o(RESET)
    __main                                   0x080001f9   Thumb Code     0  entry.o(.ARM.Collect$$$$00000000)
    _main_stk                                0x080001f9   Thumb Code     0  entry2.o(.ARM.Collect$$$$00000001)
    _main_scatterload                        0x080001fd   Thumb Code     0  entry5.o(.ARM.Collect$$$$00000004)
    __main_after_scatterload                 0x08000201   Thumb Code     0  entry5.o(.ARM.Collect$$$$00000004)
    _main_clock                              0x08000201   Thumb Code     0  entry7b.o(.ARM.Collect$$$$00000008)
    _main_cpp_init                           0x08000201   Thumb Code     0  entry8b.o(.ARM.Collect$$$$0000000A)
    _main_init                               0x08000201   Thumb Code     0  entry9a.o(.ARM.Collect$$$$0000000B)
    __rt_final_cpp                           0x08000209   Thumb Code     0  entry10a.o(.ARM.Collect$$$$0000000D)
    __rt_final_exit                          0x08000209   Thumb Code     0  entry11a.o(.ARM.Collect$$$$0000000F)
    Reset_Handler                            0x0800020d   Thumb Code     8  startup_stm32f767xx.o(.text)
    ADC_IRQHandler                           0x08000227   Thumb Code     0  startup_stm32f767xx.o(.text)
    CAN1_RX0_IRQHandler                      0x08000227   Thumb Code     0  startup_stm32f767xx.o(.text)
    CAN1_RX1_IRQHandler                      0x08000227   Thumb Code     0  startup_stm32f767xx.o(.text)
    CAN1_SCE_IRQHandler                      0x08000227   Thumb Code     0  startup_stm32f767xx.o(.text)
    CAN1_TX_IRQHandler                       0x08000227   Thumb Code     0  startup_stm32f767xx.o(.text)
    CAN2_RX0_IRQHandler                      0x08000227   Thumb Code     0  startup_stm32f767xx.o(.text)
    CAN2_RX1_IRQHandler                      0x08000227   Thumb Code     0  startup_stm32f767xx.o(.text)
    CAN2_SCE_IRQHandler                      0x08000227   Thumb Code     0  startup_stm32f767xx.o(.text)
    CAN2_TX_IRQHandler                       0x08000227   Thumb Code     0  startup_stm32f767xx.o(.text)
    CAN3_RX0_IRQHandler                      0x08000227   Thumb Code     0  startup_stm32f767xx.o(.text)
    CAN3_RX1_IRQHandler                      0x08000227   Thumb Code     0  startup_stm32f767xx.o(.text)
    CAN3_SCE_IRQHandler                      0x08000227   Thumb Code     0  startup_stm32f767xx.o(.text)
    CAN3_TX_IRQHandler                       0x08000227   Thumb Code     0  startup_stm32f767xx.o(.text)
    CEC_IRQHandler                           0x08000227   Thumb Code     0  startup_stm32f767xx.o(.text)
    DCMI_IRQHandler                          0x08000227   Thumb Code     0  startup_stm32f767xx.o(.text)
    DFSDM1_FLT0_IRQHandler                   0x08000227   Thumb Code     0  startup_stm32f767xx.o(.text)
    DFSDM1_FLT1_IRQHandler                   0x08000227   Thumb Code     0  startup_stm32f767xx.o(.text)
    DFSDM1_FLT2_IRQHandler                   0x08000227   Thumb Code     0  startup_stm32f767xx.o(.text)
    DFSDM1_FLT3_IRQHandler                   0x08000227   Thumb Code     0  startup_stm32f767xx.o(.text)
    DMA1_Stream0_IRQHandler                  0x08000227   Thumb Code     0  startup_stm32f767xx.o(.text)
    DMA1_Stream1_IRQHandler                  0x08000227   Thumb Code     0  startup_stm32f767xx.o(.text)
    DMA1_Stream2_IRQHandler                  0x08000227   Thumb Code     0  startup_stm32f767xx.o(.text)
    DMA1_Stream3_IRQHandler                  0x08000227   Thumb Code     0  startup_stm32f767xx.o(.text)
    DMA1_Stream4_IRQHandler                  0x08000227   Thumb Code     0  startup_stm32f767xx.o(.text)
    DMA1_Stream5_IRQHandler                  0x08000227   Thumb Code     0  startup_stm32f767xx.o(.text)
    DMA1_Stream6_IRQHandler                  0x08000227   Thumb Code     0  startup_stm32f767xx.o(.text)
    DMA1_Stream7_IRQHandler                  0x08000227   Thumb Code     0  startup_stm32f767xx.o(.text)
    DMA2D_IRQHandler                         0x08000227   Thumb Code     0  startup_stm32f767xx.o(.text)
    DMA2_Stream0_IRQHandler                  0x08000227   Thumb Code     0  startup_stm32f767xx.o(.text)
    DMA2_Stream1_IRQHandler                  0x08000227   Thumb Code     0  startup_stm32f767xx.o(.text)
    DMA2_Stream2_IRQHandler                  0x08000227   Thumb Code     0  startup_stm32f767xx.o(.text)
    DMA2_Stream3_IRQHandler                  0x08000227   Thumb Code     0  startup_stm32f767xx.o(.text)
    DMA2_Stream4_IRQHandler                  0x08000227   Thumb Code     0  startup_stm32f767xx.o(.text)
    DMA2_Stream5_IRQHandler                  0x08000227   Thumb Code     0  startup_stm32f767xx.o(.text)
    DMA2_Stream6_IRQHandler                  0x08000227   Thumb Code     0  startup_stm32f767xx.o(.text)
    DMA2_Stream7_IRQHandler                  0x08000227   Thumb Code     0  startup_stm32f767xx.o(.text)
    ETH_IRQHandler                           0x08000227   Thumb Code     0  startup_stm32f767xx.o(.text)
    ETH_WKUP_IRQHandler                      0x08000227   Thumb Code     0  startup_stm32f767xx.o(.text)
    EXTI0_IRQHandler                         0x08000227   Thumb Code     0  startup_stm32f767xx.o(.text)
    EXTI15_10_IRQHandler                     0x08000227   Thumb Code     0  startup_stm32f767xx.o(.text)
    EXTI1_IRQHandler                         0x08000227   Thumb Code     0  startup_stm32f767xx.o(.text)
    EXTI2_IRQHandler                         0x08000227   Thumb Code     0  startup_stm32f767xx.o(.text)
    EXTI3_IRQHandler                         0x08000227   Thumb Code     0  startup_stm32f767xx.o(.text)
    EXTI4_IRQHandler                         0x08000227   Thumb Code     0  startup_stm32f767xx.o(.text)
    EXTI9_5_IRQHandler                       0x08000227   Thumb Code     0  startup_stm32f767xx.o(.text)
    FLASH_IRQHandler                         0x08000227   Thumb Code     0  startup_stm32f767xx.o(.text)
    FMC_IRQHandler                           0x08000227   Thumb Code     0  startup_stm32f767xx.o(.text)
    FPU_IRQHandler                           0x08000227   Thumb Code     0  startup_stm32f767xx.o(.text)
    I2C1_ER_IRQHandler                       0x08000227   Thumb Code     0  startup_stm32f767xx.o(.text)
    I2C1_EV_IRQHandler                       0x08000227   Thumb Code     0  startup_stm32f767xx.o(.text)
    I2C2_ER_IRQHandler                       0x08000227   Thumb Code     0  startup_stm32f767xx.o(.text)
    I2C2_EV_IRQHandler                       0x08000227   Thumb Code     0  startup_stm32f767xx.o(.text)
    I2C3_ER_IRQHandler                       0x08000227   Thumb Code     0  startup_stm32f767xx.o(.text)
    I2C3_EV_IRQHandler                       0x08000227   Thumb Code     0  startup_stm32f767xx.o(.text)
    I2C4_ER_IRQHandler                       0x08000227   Thumb Code     0  startup_stm32f767xx.o(.text)
    I2C4_EV_IRQHandler                       0x08000227   Thumb Code     0  startup_stm32f767xx.o(.text)
    JPEG_IRQHandler                          0x08000227   Thumb Code     0  startup_stm32f767xx.o(.text)
    LPTIM1_IRQHandler                        0x08000227   Thumb Code     0  startup_stm32f767xx.o(.text)
    LTDC_ER_IRQHandler                       0x08000227   Thumb Code     0  startup_stm32f767xx.o(.text)
    LTDC_IRQHandler                          0x08000227   Thumb Code     0  startup_stm32f767xx.o(.text)
    MDIOS_IRQHandler                         0x08000227   Thumb Code     0  startup_stm32f767xx.o(.text)
    OTG_FS_IRQHandler                        0x08000227   Thumb Code     0  startup_stm32f767xx.o(.text)
    OTG_FS_WKUP_IRQHandler                   0x08000227   Thumb Code     0  startup_stm32f767xx.o(.text)
    OTG_HS_EP1_IN_IRQHandler                 0x08000227   Thumb Code     0  startup_stm32f767xx.o(.text)
    OTG_HS_EP1_OUT_IRQHandler                0x08000227   Thumb Code     0  startup_stm32f767xx.o(.text)
    OTG_HS_IRQHandler                        0x08000227   Thumb Code     0  startup_stm32f767xx.o(.text)
    OTG_HS_WKUP_IRQHandler                   0x08000227   Thumb Code     0  startup_stm32f767xx.o(.text)
    PVD_IRQHandler                           0x08000227   Thumb Code     0  startup_stm32f767xx.o(.text)
    QUADSPI_IRQHandler                       0x08000227   Thumb Code     0  startup_stm32f767xx.o(.text)
    RCC_IRQHandler                           0x08000227   Thumb Code     0  startup_stm32f767xx.o(.text)
    RNG_IRQHandler                           0x08000227   Thumb Code     0  startup_stm32f767xx.o(.text)
    RTC_Alarm_IRQHandler                     0x08000227   Thumb Code     0  startup_stm32f767xx.o(.text)
    RTC_WKUP_IRQHandler                      0x08000227   Thumb Code     0  startup_stm32f767xx.o(.text)
    SAI1_IRQHandler                          0x08000227   Thumb Code     0  startup_stm32f767xx.o(.text)
    SAI2_IRQHandler                          0x08000227   Thumb Code     0  startup_stm32f767xx.o(.text)
    SDMMC1_IRQHandler                        0x08000227   Thumb Code     0  startup_stm32f767xx.o(.text)
    SDMMC2_IRQHandler                        0x08000227   Thumb Code     0  startup_stm32f767xx.o(.text)
    SPDIF_RX_IRQHandler                      0x08000227   Thumb Code     0  startup_stm32f767xx.o(.text)
    SPI1_IRQHandler                          0x08000227   Thumb Code     0  startup_stm32f767xx.o(.text)
    SPI2_IRQHandler                          0x08000227   Thumb Code     0  startup_stm32f767xx.o(.text)
    SPI3_IRQHandler                          0x08000227   Thumb Code     0  startup_stm32f767xx.o(.text)
    SPI4_IRQHandler                          0x08000227   Thumb Code     0  startup_stm32f767xx.o(.text)
    SPI5_IRQHandler                          0x08000227   Thumb Code     0  startup_stm32f767xx.o(.text)
    SPI6_IRQHandler                          0x08000227   Thumb Code     0  startup_stm32f767xx.o(.text)
    TAMP_STAMP_IRQHandler                    0x08000227   Thumb Code     0  startup_stm32f767xx.o(.text)
    TIM1_BRK_TIM9_IRQHandler                 0x08000227   Thumb Code     0  startup_stm32f767xx.o(.text)
    TIM1_CC_IRQHandler                       0x08000227   Thumb Code     0  startup_stm32f767xx.o(.text)
    TIM1_TRG_COM_TIM11_IRQHandler            0x08000227   Thumb Code     0  startup_stm32f767xx.o(.text)
    TIM1_UP_TIM10_IRQHandler                 0x08000227   Thumb Code     0  startup_stm32f767xx.o(.text)
    TIM2_IRQHandler                          0x08000227   Thumb Code     0  startup_stm32f767xx.o(.text)
    TIM3_IRQHandler                          0x08000227   Thumb Code     0  startup_stm32f767xx.o(.text)
    TIM4_IRQHandler                          0x08000227   Thumb Code     0  startup_stm32f767xx.o(.text)
    TIM5_IRQHandler                          0x08000227   Thumb Code     0  startup_stm32f767xx.o(.text)
    TIM6_DAC_IRQHandler                      0x08000227   Thumb Code     0  startup_stm32f767xx.o(.text)
    TIM7_IRQHandler                          0x08000227   Thumb Code     0  startup_stm32f767xx.o(.text)
    TIM8_BRK_TIM12_IRQHandler                0x08000227   Thumb Code     0  startup_stm32f767xx.o(.text)
    TIM8_CC_IRQHandler                       0x08000227   Thumb Code     0  startup_stm32f767xx.o(.text)
    TIM8_TRG_COM_TIM14_IRQHandler            0x08000227   Thumb Code     0  startup_stm32f767xx.o(.text)
    TIM8_UP_TIM13_IRQHandler                 0x08000227   Thumb Code     0  startup_stm32f767xx.o(.text)
    WWDG_IRQHandler                          0x08000227   Thumb Code     0  startup_stm32f767xx.o(.text)
    __0sscanf                                0x08000231   Thumb Code    48  __0sscanf.o(.text)
    _scanf_int                               0x08000269   Thumb Code   332  _scanf_int.o(.text)
    __aeabi_uidiv                            0x080003b5   Thumb Code     0  uidiv.o(.text)
    __aeabi_uidivmod                         0x080003b5   Thumb Code    44  uidiv.o(.text)
    __aeabi_uldivmod                         0x080003e1   Thumb Code    98  uldiv.o(.text)
    _chval                                   0x08000443   Thumb Code    28  _chval.o(.text)
    __vfscanf_char                           0x0800046d   Thumb Code    20  scanf_char.o(.text)
    _sgetc                                   0x08000489   Thumb Code    30  _sgetc.o(.text)
    _sbackspace                              0x080004a7   Thumb Code    34  _sgetc.o(.text)
    __I$use$fp                               0x080004c9   Thumb Code     0  iusefp.o(.text)
    __aeabi_dadd                             0x080004c9   Thumb Code   322  dadd.o(.text)
    __aeabi_dsub                             0x0800060b   Thumb Code     6  dadd.o(.text)
    __aeabi_drsub                            0x08000611   Thumb Code     6  dadd.o(.text)
    __aeabi_dmul                             0x08000617   Thumb Code   228  dmul.o(.text)
    __aeabi_ddiv                             0x080006fb   Thumb Code   222  ddiv.o(.text)
    __aeabi_d2ulz                            0x080007d9   Thumb Code    48  dfixul.o(.text)
    __aeabi_cdrcmple                         0x08000809   Thumb Code    48  cdrcmple.o(.text)
    __scatterload                            0x08000839   Thumb Code    28  init.o(.text)
    __scatterload_rt2                        0x08000839   Thumb Code     0  init.o(.text)
    __aeabi_llsl                             0x0800085d   Thumb Code    30  llshl.o(.text)
    _ll_shift_l                              0x0800085d   Thumb Code     0  llshl.o(.text)
    __aeabi_llsr                             0x0800087b   Thumb Code    32  llushr.o(.text)
    _ll_ushift_r                             0x0800087b   Thumb Code     0  llushr.o(.text)
    __aeabi_lasr                             0x0800089b   Thumb Code    36  llsshr.o(.text)
    _ll_sshift_r                             0x0800089b   Thumb Code     0  llsshr.o(.text)
    __rt_ctype_table                         0x080008c1   Thumb Code     4  ctype_o.o(.text)
    isspace                                  0x080008c9   Thumb Code    18  isspace_o.o(.text)
    __vfscanf                                0x080008dd   Thumb Code   808  _scanf.o(.text)
    _double_round                            0x08000c09   Thumb Code    30  depilogue.o(.text)
    _double_epilogue                         0x08000c27   Thumb Code   156  depilogue.o(.text)
    __decompress                             0x08000cc3   Thumb Code     0  __dczerorl.o(.text)
    __decompress0                            0x08000cc3   Thumb Code    58  __dczerorl.o(.text)
    BusFault_Handler                         0x08000cfd   Thumb Code     4  stm32f7xx_it.o(i.BusFault_Handler)
    CRCCodeTest                              0x08000d01   Thumb Code    42  rs485loop.o(i.CRCCodeTest)
    DebugMon_Handler                         0x08000d31   Thumb Code     2  stm32f7xx_it.o(i.DebugMon_Handler)
    HAL_DMA_Abort_IT                         0x08000d33   Thumb Code    40  stm32f7xx_hal_dma.o(i.HAL_DMA_Abort_IT)
    HAL_Delay                                0x08000d5b   Thumb Code    26  stm32f7xx_hal.o(i.HAL_Delay)
    HAL_GPIO_Init                            0x08000d75   Thumb Code   484  stm32f7xx_hal_gpio.o(i.HAL_GPIO_Init)
    HAL_GPIO_WritePin                        0x08000f8d   Thumb Code    12  stm32f7xx_hal_gpio.o(i.HAL_GPIO_WritePin)
    HAL_GetTick                              0x08000f99   Thumb Code     6  stm32f7xx_hal.o(i.HAL_GetTick)
    HAL_IncTick                              0x08000fa5   Thumb Code    12  stm32f7xx_hal.o(i.HAL_IncTick)
    HAL_Init                                 0x08000fb5   Thumb Code    22  stm32f7xx_hal.o(i.HAL_Init)
    HAL_InitTick                             0x08000fcd   Thumb Code    36  stm32f7xx_hal.o(i.HAL_InitTick)
    HAL_MspInit                              0x08000ff5   Thumb Code    86  stm32f7xx_hal_msp.o(i.HAL_MspInit)
    HAL_NVIC_EnableIRQ                       0x0800104b   Thumb Code    26  stm32f7xx_hal_cortex.o(i.HAL_NVIC_EnableIRQ)
    HAL_NVIC_SetPriority                     0x08001065   Thumb Code   124  stm32f7xx_hal_cortex.o(i.HAL_NVIC_SetPriority)
    HAL_NVIC_SetPriorityGrouping             0x080010e1   Thumb Code    32  stm32f7xx_hal_cortex.o(i.HAL_NVIC_SetPriorityGrouping)
    HAL_RCCEx_PeriphCLKConfig                0x08001109   Thumb Code  2428  stm32f7xx_hal_rcc_ex.o(i.HAL_RCCEx_PeriphCLKConfig)
    HAL_RCC_ClockConfig                      0x08001a89   Thumb Code   420  stm32f7xx_hal_rcc.o(i.HAL_RCC_ClockConfig)
    HAL_RCC_GetHCLKFreq                      0x08001c3d   Thumb Code     6  stm32f7xx_hal_rcc.o(i.HAL_RCC_GetHCLKFreq)
    HAL_RCC_GetPCLK1Freq                     0x08001c49   Thumb Code    36  stm32f7xx_hal_rcc.o(i.HAL_RCC_GetPCLK1Freq)
    HAL_RCC_GetPCLK2Freq                     0x08001c75   Thumb Code    36  stm32f7xx_hal_rcc.o(i.HAL_RCC_GetPCLK2Freq)
    HAL_RCC_GetSysClockFreq                  0x08001ca1   Thumb Code   168  stm32f7xx_hal_rcc.o(i.HAL_RCC_GetSysClockFreq)
    HAL_RCC_OscConfig                        0x08001d55   Thumb Code  1228  stm32f7xx_hal_rcc_ex.o(i.HAL_RCC_OscConfig)
    HAL_SPI_Init                             0x08002225   Thumb Code   178  stm32f7xx_hal_spi.o(i.HAL_SPI_Init)
    HAL_SPI_MspInit                          0x080022d9   Thumb Code    76  stm32f7xx_hal_msp.o(i.HAL_SPI_MspInit)
    HAL_SYSTICK_CLKSourceConfig              0x08002331   Thumb Code    40  stm32f7xx_hal_cortex.o(i.HAL_SYSTICK_CLKSourceConfig)
    HAL_SYSTICK_Callback                     0x08002359   Thumb Code     2  stm32f7xx_hal_cortex.o(i.HAL_SYSTICK_Callback)
    HAL_SYSTICK_Config                       0x0800235b   Thumb Code    52  stm32f7xx_hal_cortex.o(i.HAL_SYSTICK_Config)
    HAL_SYSTICK_IRQHandler                   0x0800238f   Thumb Code     8  stm32f7xx_hal_cortex.o(i.HAL_SYSTICK_IRQHandler)
    HAL_UART_ErrorCallback                   0x08002397   Thumb Code     2  stm32f7xx_hal_uart.o(i.HAL_UART_ErrorCallback)
    HAL_UART_IRQHandler                      0x08002399   Thumb Code   344  stm32f7xx_hal_uart.o(i.HAL_UART_IRQHandler)
    HAL_UART_Init                            0x080024f5   Thumb Code   120  stm32f7xx_hal_uart.o(i.HAL_UART_Init)
    HAL_UART_MspInit                         0x0800256d   Thumb Code   612  stm32f7xx_hal_msp.o(i.HAL_UART_MspInit)
    HAL_UART_Receive_IT                      0x08002809   Thumb Code   200  stm32f7xx_hal_uart.o(i.HAL_UART_Receive_IT)
    HAL_UART_RxCpltCallback                  0x080028d1   Thumb Code    12  main.o(i.HAL_UART_RxCpltCallback)
    HAL_UART_Transmit                        0x080028dd   Thumb Code   198  stm32f7xx_hal_uart.o(i.HAL_UART_Transmit)
    HAL_UART_TxCpltCallback                  0x080029a3   Thumb Code     2  stm32f7xx_hal_uart.o(i.HAL_UART_TxCpltCallback)
    HardFault_Handler                        0x080029a5   Thumb Code     4  stm32f7xx_it.o(i.HardFault_Handler)
    MemManage_Handler                        0x08002e8d   Thumb Code     4  stm32f7xx_it.o(i.MemManage_Handler)
    NMI_Handler                              0x08002e91   Thumb Code     2  stm32f7xx_it.o(i.NMI_Handler)
    PendSV_Handler                           0x08002ecd   Thumb Code     2  stm32f7xx_it.o(i.PendSV_Handler)
    SVC_Handler                              0x08002ecf   Thumb Code     2  stm32f7xx_it.o(i.SVC_Handler)
    StartInverter                            0x08002ed1   Thumb Code    46  rs485loop.o(i.StartInverter)
    StopInverter                             0x08002f0d   Thumb Code    46  rs485loop.o(i.StopInverter)
    SysTick_Handler                          0x08002f49   Thumb Code    12  stm32f7xx_it.o(i.SysTick_Handler)
    SystemClock_Config                       0x08002f55   Thumb Code   242  main.o(i.SystemClock_Config)
    SystemInit                               0x08003061   Thumb Code    82  system_stm32f7xx.o(i.SystemInit)
    UART4_IRQHandler                         0x080030c5   Thumb Code    10  stm32f7xx_it.o(i.UART4_IRQHandler)
    UART5_IRQHandler                         0x080030d5   Thumb Code    10  stm32f7xx_it.o(i.UART5_IRQHandler)
    UART7_IRQHandler                         0x080030e5   Thumb Code    10  stm32f7xx_it.o(i.UART7_IRQHandler)
    UART8_IRQHandler                         0x080030f5   Thumb Code    10  stm32f7xx_it.o(i.UART8_IRQHandler)
    UART_AdvFeatureConfig                    0x08003105   Thumb Code   234  stm32f7xx_hal_uart.o(i.UART_AdvFeatureConfig)
    UART_Change_Page                         0x080031f1   Thumb Code    22  test.o(i.UART_Change_Page)
    UART_CheckIdleState                      0x08003211   Thumb Code   116  stm32f7xx_hal_uart.o(i.UART_CheckIdleState)
    UART_Send_END                            0x08003365   Thumb Code    46  test.o(i.UART_Send_END)
    UART_Send_start                          0x0800339d   Thumb Code    20  test.o(i.UART_Send_start)
    UART_SetConfig                           0x080033b1   Thumb Code   858  stm32f7xx_hal_uart.o(i.UART_SetConfig)
    UART_WaitOnFlagUntilTimeout              0x080037a7   Thumb Code   108  stm32f7xx_hal_uart.o(i.UART_WaitOnFlagUntilTimeout)
    USART1_IRQHandler                        0x08003815   Thumb Code    10  stm32f7xx_it.o(i.USART1_IRQHandler)
    USART2_IRQHandler                        0x08003825   Thumb Code    10  stm32f7xx_it.o(i.USART2_IRQHandler)
    USART3_IRQHandler                        0x08003835   Thumb Code    10  stm32f7xx_it.o(i.USART3_IRQHandler)
    USART6_IRQHandler                        0x08003845   Thumb Code    10  stm32f7xx_it.o(i.USART6_IRQHandler)
    UsageFault_Handler                       0x08003855   Thumb Code     4  stm32f7xx_it.o(i.UsageFault_Handler)
    _Error_Handler                           0x08003859   Thumb Code     4  main.o(i._Error_Handler)
    __0sprintf                               0x0800385d   Thumb Code    34  printfa.o(i.__0sprintf)
    __1sprintf                               0x0800385d   Thumb Code     0  printfa.o(i.__0sprintf)
    __2sprintf                               0x0800385d   Thumb Code     0  printfa.o(i.__0sprintf)
    __c89sprintf                             0x0800385d   Thumb Code     0  printfa.o(i.__0sprintf)
    sprintf                                  0x0800385d   Thumb Code     0  printfa.o(i.__0sprintf)
    __scatterload_copy                       0x08003885   Thumb Code    14  handlers.o(i.__scatterload_copy)
    __scatterload_null                       0x08003893   Thumb Code     2  handlers.o(i.__scatterload_null)
    __scatterload_zeroinit                   0x08003895   Thumb Code    14  handlers.o(i.__scatterload_zeroinit)
    handleRxCpltCallback                     0x08004161   Thumb Code   432  test.o(i.handleRxCpltCallback)
    main                                     0x08004361   Thumb Code   150  main.o(i.main)
    open1Receive                             0x08004415   Thumb Code    14  test.o(i.open1Receive)
    open2Receive                             0x0800442d   Thumb Code    14  test.o(i.open2Receive)
    open3Receive                             0x08004445   Thumb Code    14  rs485loop.o(i.open3Receive)
    open5Receive                             0x0800445d   Thumb Code    14  ultrasonic.o(i.open5Receive)
    open7Receive                             0x08004475   Thumb Code    14  test.o(i.open7Receive)
    ridOfZero                                0x0800448d   Thumb Code    54  test.o(i.ridOfZero)
    setRelayState                            0x080044c9   Thumb Code    98  iocontrol.o(i.setRelayState)
    wifiStartListening                       0x08004531   Thumb Code    14  tcpserver.o(i.wifiStartListening)
    AHBPrescTable                            0x08004548   Data          16  system_stm32f7xx.o(.constdata)
    APBPrescTable                            0x08004558   Data           8  system_stm32f7xx.o(.constdata)
    __ctype_table                            0x08004560   Data         129  ctype_o.o(.constdata)
    Region$$Table$$Base                      0x080045e8   Number         0  anon$$obj.o(Region$$Table)
    Region$$Table$$Limit                     0x08004608   Number         0  anon$$obj.o(Region$$Table)
    uwTick                                   0x20000000   Data           4  stm32f7xx_hal.o(.data)
    SystemCoreClock                          0x20000004   Data           4  system_stm32f7xx.o(.data)
    _vortexTotalFlow                         0x20000008   Data           4  rs485loop.o(.data)
    _vortexFlowrate                          0x2000000c   Data           4  rs485loop.o(.data)
    vortexState                              0x20000010   Data           4  rs485loop.o(.data)
    flowrate3                                0x20000014   Data           4  rs485loop.o(.data)
    totalRate3                               0x20000018   Data           4  rs485loop.o(.data)
    heatMetweState                           0x2000001c   Data           4  rs485loop.o(.data)
    receive5                                 0x20000220   Data           5  ultrasonic.o(.data)
    stage                                    0x20000225   Data           1  ultrasonic.o(.data)
    sendData7                                0x20000226   Data           1  test.o(.data)
    cmd                                      0x20000227   Data           1  test.o(.data)
    numOfBuffer                              0x20000228   Data           1  test.o(.data)
    endChar                                  0x20000229   Data           1  test.o(.data)
    changePage                               0x2000022a   Data          10  test.o(.data)
    state                                    0x2000023a   Data           1  test.o(.data)
    maStatus                                 0x2000023b   Data           1  test.o(.data)
    start_error                              0x2000023c   Data          12  test.o(.data)
    stop_error                               0x20000248   Data          11  test.o(.data)
    hspi2                                    0x20000254   Data         100  main.o(.bss)
    huart4                                   0x200002b8   Data         112  main.o(.bss)
    huart5                                   0x20000328   Data         112  main.o(.bss)
    huart7                                   0x20000398   Data         112  main.o(.bss)
    huart8                                   0x20000408   Data         112  main.o(.bss)
    huart1                                   0x20000478   Data         112  main.o(.bss)
    huart2                                   0x200004e8   Data         112  main.o(.bss)
    huart3                                   0x20000558   Data         112  main.o(.bss)
    huart6                                   0x200005c8   Data         112  main.o(.bss)
    receive3                                 0x20000638   Data          30  rs485loop.o(.bss)
    vortexRxBuffer                           0x20000656   Data          30  rs485loop.o(.bss)
    vortexData                               0x20000674   Data          30  rs485loop.o(.bss)
    buf3rate                                 0x20000692   Data          64  rs485loop.o(.bss)
    buf3total                                0x200006d2   Data          64  rs485loop.o(.bss)
    heatMeterRxBuffer                        0x20000712   Data         100  rs485loop.o(.bss)
    heatMeterData                            0x20000776   Data         100  rs485loop.o(.bss)
    wifiRxBuffer                             0x200007da   Data         250  tcpserver.o(.bss)
    aRxBuffer                                0x200008d4   Data          20  test.o(.bss)
    receive                                  0x200008e8   Data          20  test.o(.bss)
    receive7                                 0x200008fc   Data          20  test.o(.bss)
    receive1                                 0x20000910   Data          20  test.o(.bss)
    weightData                               0x20000924   Data          20  test.o(.bss)
    halusart7                                0x20000938   Data          20  test.o(.bss)
    RcvBuf                                   0x2000094c   Data          20  test.o(.bss)
    RcvBuf3                                  0x20000960   Data          20  test.o(.bss)
    buf                                      0x20000974   Data          64  test.o(.bss)
    __initial_sp                             0x20000db8   Data           0  startup_stm32f767xx.o(STACK)



==============================================================================

Memory Map of the image

  Image Entry point : 0x080001f9

  Load Region LR_IROM1 (Base: 0x08000000, Size: 0x0000485c, Max: 0x00100000, ABSOLUTE, COMPRESSED[0x00004834])

    Execution Region ER_IROM1 (Exec base: 0x08000000, Load base: 0x08000000, Size: 0x00004608, Max: 0x00100000, ABSOLUTE)

    Exec Addr    Load Addr    Size         Type   Attr      Idx    E Section Name        Object

    0x08000000   0x08000000   0x000001f8   Data   RO            3    RESET               startup_stm32f767xx.o
    0x080001f8   0x080001f8   0x00000000   Code   RO         3092  * .ARM.Collect$$$$00000000  mc_w.l(entry.o)
    0x080001f8   0x080001f8   0x00000004   Code   RO         3378    .ARM.Collect$$$$00000001  mc_w.l(entry2.o)
    0x080001fc   0x080001fc   0x00000004   Code   RO         3381    .ARM.Collect$$$$00000004  mc_w.l(entry5.o)
    0x08000200   0x08000200   0x00000000   Code   RO         3383    .ARM.Collect$$$$00000008  mc_w.l(entry7b.o)
    0x08000200   0x08000200   0x00000000   Code   RO         3385    .ARM.Collect$$$$0000000A  mc_w.l(entry8b.o)
    0x08000200   0x08000200   0x00000008   Code   RO         3386    .ARM.Collect$$$$0000000B  mc_w.l(entry9a.o)
    0x08000208   0x08000208   0x00000000   Code   RO         3388    .ARM.Collect$$$$0000000D  mc_w.l(entry10a.o)
    0x08000208   0x08000208   0x00000000   Code   RO         3390    .ARM.Collect$$$$0000000F  mc_w.l(entry11a.o)
    0x08000208   0x08000208   0x00000004   Code   RO         3379    .ARM.Collect$$$$00002712  mc_w.l(entry2.o)
    0x0800020c   0x0800020c   0x00000024   Code   RO            4    .text               startup_stm32f767xx.o
    0x08000230   0x08000230   0x00000038   Code   RO         3372    .text               mc_w.l(__0sscanf.o)
    0x08000268   0x08000268   0x0000014c   Code   RO         3374    .text               mc_w.l(_scanf_int.o)
    0x080003b4   0x080003b4   0x0000002c   Code   RO         3395    .text               mc_w.l(uidiv.o)
    0x080003e0   0x080003e0   0x00000062   Code   RO         3397    .text               mc_w.l(uldiv.o)
    0x08000442   0x08000442   0x0000001c   Code   RO         3406    .text               mc_w.l(_chval.o)
    0x0800045e   0x0800045e   0x00000002   PAD
    0x08000460   0x08000460   0x00000028   Code   RO         3408    .text               mc_w.l(scanf_char.o)
    0x08000488   0x08000488   0x00000040   Code   RO         3410    .text               mc_w.l(_sgetc.o)
    0x080004c8   0x080004c8   0x00000000   Code   RO         3416    .text               mc_w.l(iusefp.o)
    0x080004c8   0x080004c8   0x0000014e   Code   RO         3417    .text               mf_w.l(dadd.o)
    0x08000616   0x08000616   0x000000e4   Code   RO         3419    .text               mf_w.l(dmul.o)
    0x080006fa   0x080006fa   0x000000de   Code   RO         3421    .text               mf_w.l(ddiv.o)
    0x080007d8   0x080007d8   0x00000030   Code   RO         3423    .text               mf_w.l(dfixul.o)
    0x08000808   0x08000808   0x00000030   Code   RO         3425    .text               mf_w.l(cdrcmple.o)
    0x08000838   0x08000838   0x00000024   Code   RO         3427    .text               mc_w.l(init.o)
    0x0800085c   0x0800085c   0x0000001e   Code   RO         3430    .text               mc_w.l(llshl.o)
    0x0800087a   0x0800087a   0x00000020   Code   RO         3432    .text               mc_w.l(llushr.o)
    0x0800089a   0x0800089a   0x00000024   Code   RO         3434    .text               mc_w.l(llsshr.o)
    0x080008be   0x080008be   0x00000002   PAD
    0x080008c0   0x080008c0   0x00000008   Code   RO         3438    .text               mc_w.l(ctype_o.o)
    0x080008c8   0x080008c8   0x00000012   Code   RO         3460    .text               mc_w.l(isspace_o.o)
    0x080008da   0x080008da   0x00000002   PAD
    0x080008dc   0x080008dc   0x0000032c   Code   RO         3466    .text               mc_w.l(_scanf.o)
    0x08000c08   0x08000c08   0x000000ba   Code   RO         3475    .text               mf_w.l(depilogue.o)
    0x08000cc2   0x08000cc2   0x0000003a   Code   RO         3494    .text               mc_w.l(__dczerorl.o)
    0x08000cfc   0x08000cfc   0x00000004   Code   RO         2523    i.BusFault_Handler  stm32f7xx_it.o
    0x08000d00   0x08000d00   0x00000030   Code   RO         2733    i.CRCCodeTest       rs485loop.o
    0x08000d30   0x08000d30   0x00000002   Code   RO         2524    i.DebugMon_Handler  stm32f7xx_it.o
    0x08000d32   0x08000d32   0x00000028   Code   RO          817    i.HAL_DMA_Abort_IT  stm32f7xx_hal_dma.o
    0x08000d5a   0x08000d5a   0x0000001a   Code   RO         1352    i.HAL_Delay         stm32f7xx_hal.o
    0x08000d74   0x08000d74   0x00000218   Code   RO          750    i.HAL_GPIO_Init     stm32f7xx_hal_gpio.o
    0x08000f8c   0x08000f8c   0x0000000c   Code   RO          754    i.HAL_GPIO_WritePin  stm32f7xx_hal_gpio.o
    0x08000f98   0x08000f98   0x0000000c   Code   RO         1362    i.HAL_GetTick       stm32f7xx_hal.o
    0x08000fa4   0x08000fa4   0x00000010   Code   RO         1363    i.HAL_IncTick       stm32f7xx_hal.o
    0x08000fb4   0x08000fb4   0x00000016   Code   RO         1364    i.HAL_Init          stm32f7xx_hal.o
    0x08000fca   0x08000fca   0x00000002   PAD
    0x08000fcc   0x08000fcc   0x00000028   Code   RO         1365    i.HAL_InitTick      stm32f7xx_hal.o
    0x08000ff4   0x08000ff4   0x00000056   Code   RO         2475    i.HAL_MspInit       stm32f7xx_hal_msp.o
    0x0800104a   0x0800104a   0x0000001a   Code   RO          273    i.HAL_NVIC_EnableIRQ  stm32f7xx_hal_cortex.o
    0x08001064   0x08001064   0x0000007c   Code   RO          279    i.HAL_NVIC_SetPriority  stm32f7xx_hal_cortex.o
    0x080010e0   0x080010e0   0x00000028   Code   RO          280    i.HAL_NVIC_SetPriorityGrouping  stm32f7xx_hal_cortex.o
    0x08001108   0x08001108   0x00000980   Code   RO          230    i.HAL_RCCEx_PeriphCLKConfig  stm32f7xx_hal_rcc_ex.o
    0x08001a88   0x08001a88   0x000001b4   Code   RO          526    i.HAL_RCC_ClockConfig  stm32f7xx_hal_rcc.o
    0x08001c3c   0x08001c3c   0x0000000c   Code   RO          531    i.HAL_RCC_GetHCLKFreq  stm32f7xx_hal_rcc.o
    0x08001c48   0x08001c48   0x0000002c   Code   RO          533    i.HAL_RCC_GetPCLK1Freq  stm32f7xx_hal_rcc.o
    0x08001c74   0x08001c74   0x0000002c   Code   RO          534    i.HAL_RCC_GetPCLK2Freq  stm32f7xx_hal_rcc.o
    0x08001ca0   0x08001ca0   0x000000b4   Code   RO          535    i.HAL_RCC_GetSysClockFreq  stm32f7xx_hal_rcc.o
    0x08001d54   0x08001d54   0x000004d0   Code   RO          231    i.HAL_RCC_OscConfig  stm32f7xx_hal_rcc_ex.o
    0x08002224   0x08002224   0x000000b2   Code   RO         1064    i.HAL_SPI_Init      stm32f7xx_hal_spi.o
    0x080022d6   0x080022d6   0x00000002   PAD
    0x080022d8   0x080022d8   0x00000058   Code   RO         2477    i.HAL_SPI_MspInit   stm32f7xx_hal_msp.o
    0x08002330   0x08002330   0x00000028   Code   RO          282    i.HAL_SYSTICK_CLKSourceConfig  stm32f7xx_hal_cortex.o
    0x08002358   0x08002358   0x00000002   Code   RO          283    i.HAL_SYSTICK_Callback  stm32f7xx_hal_cortex.o
    0x0800235a   0x0800235a   0x00000034   Code   RO          284    i.HAL_SYSTICK_Config  stm32f7xx_hal_cortex.o
    0x0800238e   0x0800238e   0x00000008   Code   RO          285    i.HAL_SYSTICK_IRQHandler  stm32f7xx_hal_cortex.o
    0x08002396   0x08002396   0x00000002   Code   RO         1531    i.HAL_UART_ErrorCallback  stm32f7xx_hal_uart.o
    0x08002398   0x08002398   0x0000015c   Code   RO         1534    i.HAL_UART_IRQHandler  stm32f7xx_hal_uart.o
    0x080024f4   0x080024f4   0x00000078   Code   RO         1535    i.HAL_UART_Init     stm32f7xx_hal_uart.o
    0x0800256c   0x0800256c   0x0000029c   Code   RO         2479    i.HAL_UART_MspInit  stm32f7xx_hal_msp.o
    0x08002808   0x08002808   0x000000c8   Code   RO         1540    i.HAL_UART_Receive_IT  stm32f7xx_hal_uart.o
    0x080028d0   0x080028d0   0x0000000c   Code   RO         2330    i.HAL_UART_RxCpltCallback  main.o
    0x080028dc   0x080028dc   0x000000c6   Code   RO         1543    i.HAL_UART_Transmit  stm32f7xx_hal_uart.o
    0x080029a2   0x080029a2   0x00000002   Code   RO         1546    i.HAL_UART_TxCpltCallback  stm32f7xx_hal_uart.o
    0x080029a4   0x080029a4   0x00000004   Code   RO         2525    i.HardFault_Handler  stm32f7xx_it.o
    0x080029a8   0x080029a8   0x0000014c   Code   RO         2331    i.MX_GPIO_Init      main.o
    0x08002af4   0x08002af4   0x00000064   Code   RO         2332    i.MX_NVIC_Init      main.o
    0x08002b58   0x08002b58   0x00000068   Code   RO         2333    i.MX_SPI2_Init      main.o
    0x08002bc0   0x08002bc0   0x00000058   Code   RO         2334    i.MX_UART4_Init     main.o
    0x08002c18   0x08002c18   0x00000058   Code   RO         2335    i.MX_UART5_Init     main.o
    0x08002c70   0x08002c70   0x00000058   Code   RO         2336    i.MX_UART7_Init     main.o
    0x08002cc8   0x08002cc8   0x00000058   Code   RO         2337    i.MX_UART8_Init     main.o
    0x08002d20   0x08002d20   0x00000058   Code   RO         2338    i.MX_USART1_UART_Init  main.o
    0x08002d78   0x08002d78   0x00000064   Code   RO         2339    i.MX_USART2_UART_Init  main.o
    0x08002ddc   0x08002ddc   0x00000058   Code   RO         2340    i.MX_USART3_UART_Init  main.o
    0x08002e34   0x08002e34   0x00000058   Code   RO         2341    i.MX_USART6_UART_Init  main.o
    0x08002e8c   0x08002e8c   0x00000004   Code   RO         2526    i.MemManage_Handler  stm32f7xx_it.o
    0x08002e90   0x08002e90   0x00000002   Code   RO         2527    i.NMI_Handler       stm32f7xx_it.o
    0x08002e92   0x08002e92   0x00000002   PAD
    0x08002e94   0x08002e94   0x00000010   Code   RO          286    i.NVIC_GetPriorityGrouping  stm32f7xx_hal_cortex.o
    0x08002ea4   0x08002ea4   0x00000028   Code   RO          287    i.NVIC_SetPriority  stm32f7xx_hal_cortex.o
    0x08002ecc   0x08002ecc   0x00000002   Code   RO         2528    i.PendSV_Handler    stm32f7xx_it.o
    0x08002ece   0x08002ece   0x00000002   Code   RO         2529    i.SVC_Handler       stm32f7xx_it.o
    0x08002ed0   0x08002ed0   0x0000003c   Code   RO         2736    i.StartInverter     rs485loop.o
    0x08002f0c   0x08002f0c   0x0000003c   Code   RO         2737    i.StopInverter      rs485loop.o
    0x08002f48   0x08002f48   0x0000000c   Code   RO         2530    i.SysTick_Handler   stm32f7xx_it.o
    0x08002f54   0x08002f54   0x0000010c   Code   RO         2342    i.SystemClock_Config  main.o
    0x08003060   0x08003060   0x00000064   Code   RO         2294    i.SystemInit        system_stm32f7xx.o
    0x080030c4   0x080030c4   0x00000010   Code   RO         2531    i.UART4_IRQHandler  stm32f7xx_it.o
    0x080030d4   0x080030d4   0x00000010   Code   RO         2532    i.UART5_IRQHandler  stm32f7xx_it.o
    0x080030e4   0x080030e4   0x00000010   Code   RO         2533    i.UART7_IRQHandler  stm32f7xx_it.o
    0x080030f4   0x080030f4   0x00000010   Code   RO         2534    i.UART8_IRQHandler  stm32f7xx_it.o
    0x08003104   0x08003104   0x000000ea   Code   RO         1548    i.UART_AdvFeatureConfig  stm32f7xx_hal_uart.o
    0x080031ee   0x080031ee   0x00000002   PAD
    0x080031f0   0x080031f0   0x00000020   Code   RO         2994    i.UART_Change_Page  test.o
    0x08003210   0x08003210   0x00000074   Code   RO         1549    i.UART_CheckIdleState  stm32f7xx_hal_uart.o
    0x08003284   0x08003284   0x00000018   Code   RO         1550    i.UART_DMAAbortOnError  stm32f7xx_hal_uart.o
    0x0800329c   0x0800329c   0x00000020   Code   RO         1556    i.UART_EndRxTransfer  stm32f7xx_hal_uart.o
    0x080032bc   0x080032bc   0x00000020   Code   RO         1557    i.UART_EndTransmit_IT  stm32f7xx_hal_uart.o
    0x080032dc   0x080032dc   0x00000088   Code   RO         1559    i.UART_Receive_IT   stm32f7xx_hal_uart.o
    0x08003364   0x08003364   0x00000038   Code   RO         2995    i.UART_Send_END     test.o
    0x0800339c   0x0800339c   0x00000014   Code   RO         2996    i.UART_Send_start   test.o
    0x080033b0   0x080033b0   0x0000038c   Code   RO         1560    i.UART_SetConfig    stm32f7xx_hal_uart.o
    0x0800373c   0x0800373c   0x0000006a   Code   RO         1561    i.UART_Transmit_IT  stm32f7xx_hal_uart.o
    0x080037a6   0x080037a6   0x0000006c   Code   RO         1562    i.UART_WaitOnFlagUntilTimeout  stm32f7xx_hal_uart.o
    0x08003812   0x08003812   0x00000002   PAD
    0x08003814   0x08003814   0x00000010   Code   RO         2535    i.USART1_IRQHandler  stm32f7xx_it.o
    0x08003824   0x08003824   0x00000010   Code   RO         2536    i.USART2_IRQHandler  stm32f7xx_it.o
    0x08003834   0x08003834   0x00000010   Code   RO         2537    i.USART3_IRQHandler  stm32f7xx_it.o
    0x08003844   0x08003844   0x00000010   Code   RO         2538    i.USART6_IRQHandler  stm32f7xx_it.o
    0x08003854   0x08003854   0x00000004   Code   RO         2539    i.UsageFault_Handler  stm32f7xx_it.o
    0x08003858   0x08003858   0x00000004   Code   RO         2347    i._Error_Handler    main.o
    0x0800385c   0x0800385c   0x00000028   Code   RO         3346    i.__0sprintf        mc_w.l(printfa.o)
    0x08003884   0x08003884   0x0000000e   Code   RO         3488    i.__scatterload_copy  mc_w.l(handlers.o)
    0x08003892   0x08003892   0x00000002   Code   RO         3489    i.__scatterload_null  mc_w.l(handlers.o)
    0x08003894   0x08003894   0x0000000e   Code   RO         3490    i.__scatterload_zeroinit  mc_w.l(handlers.o)
    0x080038a2   0x080038a2   0x00000002   PAD
    0x080038a4   0x080038a4   0x00000184   Code   RO         3351    i._fp_digits        mc_w.l(printfa.o)
    0x08003a28   0x08003a28   0x000006dc   Code   RO         3352    i._printf_core      mc_w.l(printfa.o)
    0x08004104   0x08004104   0x00000024   Code   RO         3353    i._printf_post_padding  mc_w.l(printfa.o)
    0x08004128   0x08004128   0x0000002e   Code   RO         3354    i._printf_pre_padding  mc_w.l(printfa.o)
    0x08004156   0x08004156   0x0000000a   Code   RO         3356    i._sputc            mc_w.l(printfa.o)
    0x08004160   0x08004160   0x00000200   Code   RO         2998    i.handleRxCpltCallback  test.o
    0x08004360   0x08004360   0x000000b4   Code   RO         2348    i.main              main.o
    0x08004414   0x08004414   0x00000018   Code   RO         2999    i.open1Receive      test.o
    0x0800442c   0x0800442c   0x00000018   Code   RO         3000    i.open2Receive      test.o
    0x08004444   0x08004444   0x00000018   Code   RO         2742    i.open3Receive      rs485loop.o
    0x0800445c   0x0800445c   0x00000018   Code   RO         2918    i.open5Receive      ultrasonic.o
    0x08004474   0x08004474   0x00000018   Code   RO         3001    i.open7Receive      test.o
    0x0800448c   0x0800448c   0x0000003c   Code   RO         3002    i.ridOfZero         test.o
    0x080044c8   0x080044c8   0x00000068   Code   RO         2702    i.setRelayState     iocontrol.o
    0x08004530   0x08004530   0x00000018   Code   RO         2848    i.wifiStartListening  tcpserver.o
    0x08004548   0x08004548   0x00000018   Data   RO         2295    .constdata          system_stm32f7xx.o
    0x08004560   0x08004560   0x00000081   Data   RO         3439    .constdata          mc_w.l(ctype_o.o)
    0x080045e1   0x080045e1   0x00000003   PAD
    0x080045e4   0x080045e4   0x00000004   Data   RO         3440    .constdata          mc_w.l(ctype_o.o)
    0x080045e8   0x080045e8   0x00000020   Data   RO         3486    Region$$Table       anon$$obj.o


    Execution Region RW_IRAM1 (Exec base: 0x20000000, Load base: 0x08004608, Size: 0x00000db8, Max: 0x00080000, ABSOLUTE, COMPRESSED[0x0000022c])

    Exec Addr    Load Addr    Size         Type   Attr      Idx    E Section Name        Object

    0x20000000   COMPRESSED   0x00000004   Data   RW         1370    .data               stm32f7xx_hal.o
    0x20000004   COMPRESSED   0x00000004   Data   RW         2296    .data               system_stm32f7xx.o
    0x20000008   COMPRESSED   0x00000218   Data   RW         2747    .data               rs485loop.o
    0x20000220   COMPRESSED   0x00000006   Data   RW         2922    .data               ultrasonic.o
    0x20000226   COMPRESSED   0x0000002d   Data   RW         3007    .data               test.o
    0x20000253   COMPRESSED   0x00000001   PAD
    0x20000254        -       0x000003e4   Zero   RW         2349    .bss                main.o
    0x20000638        -       0x000001a2   Zero   RW         2746    .bss                rs485loop.o
    0x200007da        -       0x000000fa   Zero   RW         2849    .bss                tcpserver.o
    0x200008d4        -       0x000000e0   Zero   RW         3006    .bss                test.o
    0x200009b4   COMPRESSED   0x00000004   PAD
    0x200009b8        -       0x00000400   Zero   RW            1    STACK               startup_stm32f767xx.o


==============================================================================

Image component sizes


      Code (inc. data)   RO Data    RW Data    ZI Data      Debug   Object Name

       104         12          0          0          0        688   iocontrol.o
      1716        302          0          0        996       9571   main.o
       192         44          0        536        418       4012   rs485loop.o
        36          8        504          0       1024        868   startup_stm32f767xx.o
       116         14          0          4          0       3999   stm32f7xx_hal.o
       348         22          0          0          0      37953   stm32f7xx_hal_cortex.o
        40          0          0          0          0       1203   stm32f7xx_hal_dma.o
         0          0          0          0          0     397892   stm32f7xx_hal_flash.o
       548         52          0          0          0       2520   stm32f7xx_hal_gpio.o
       842         68          0          0          0       2859   stm32f7xx_hal_msp.o
       716         50          0          0          0       4216   stm32f7xx_hal_rcc.o
      3664         32          0          0          0       3800   stm32f7xx_hal_rcc_ex.o
       178          0          0          0          0       1251   stm32f7xx_hal_spi.o
      2566         54          0          0          0      12300   stm32f7xx_hal_uart.o
       164         48          0          0          0       8542   stm32f7xx_it.o
       100         18         24          4          0       1251   system_stm32f7xx.o
        24         10          0          0        250       1520   tcpserver.o
       752        144          0         45        224       6327   test.o
        24         10          0          6          0       1511   ultrasonic.o

    ----------------------------------------------------------------------
     12140        888        560        596       2916     502283   Object Totals
         0          0         32          0          0          0   (incl. Generated)
        10          0          0          1          4          0   (incl. Padding)

    ----------------------------------------------------------------------

      Code (inc. data)   RO Data    RW Data    ZI Data      Debug   Library Member Name

        56          8          0          0          0         84   __0sscanf.o
        58          0          0          0          0          0   __dczerorl.o
        28          0          0          0          0         68   _chval.o
       812          4          0          0          0        112   _scanf.o
       332          0          0          0          0         96   _scanf_int.o
        64          0          0          0          0         84   _sgetc.o
         8          4        133          0          0         68   ctype_o.o
         0          0          0          0          0          0   entry.o
         0          0          0          0          0          0   entry10a.o
         0          0          0          0          0          0   entry11a.o
         8          4          0          0          0          0   entry2.o
         4          0          0          0          0          0   entry5.o
         0          0          0          0          0          0   entry7b.o
         0          0          0          0          0          0   entry8b.o
         8          4          0          0          0          0   entry9a.o
        30          0          0          0          0          0   handlers.o
        36          8          0          0          0         68   init.o
        18          0          0          0          0         76   isspace_o.o
         0          0          0          0          0          0   iusefp.o
        30          0          0          0          0         68   llshl.o
        36          0          0          0          0         68   llsshr.o
        32          0          0          0          0         68   llushr.o
      2276         86          0          0          0        520   printfa.o
        40          8          0          0          0         84   scanf_char.o
        44          0          0          0          0         80   uidiv.o
        98          0          0          0          0         92   uldiv.o
        48          0          0          0          0         68   cdrcmple.o
       334          0          0          0          0        148   dadd.o
       222          0          0          0          0        100   ddiv.o
       186          0          0          0          0        176   depilogue.o
        48          0          0          0          0         68   dfixul.o
       228          0          0          0          0         96   dmul.o

    ----------------------------------------------------------------------
      5092        126        136          0          0       2292   Library Totals
         8          0          3          0          0          0   (incl. Padding)

    ----------------------------------------------------------------------

      Code (inc. data)   RO Data    RW Data    ZI Data      Debug   Library Name

      4018        126        133          0          0       1636   mc_w.l
      1066          0          0          0          0        656   mf_w.l

    ----------------------------------------------------------------------
      5092        126        136          0          0       2292   Library Totals

    ----------------------------------------------------------------------

==============================================================================


      Code (inc. data)   RO Data    RW Data    ZI Data      Debug   

     17232       1014        696        596       2916     495215   Grand Totals
     17232       1014        696        556       2916     495215   ELF Image Totals (compressed)
     17232       1014        696        556          0          0   ROM Totals

==============================================================================

    Total RO  Size (Code + RO Data)                17928 (  17.51kB)
    Total RW  Size (RW Data + ZI Data)              3512 (   3.43kB)
    Total ROM Size (Code + RO Data + RW Data)      18484 (  18.05kB)

==============================================================================

