<html>
<body>
<pre>
<h1>µVision Build Log</h1>
<h2>Tool Versions:</h2>
IDE-Version: ¦ÌVision V5.24.2.0
Copyright (C) 2017 ARM Ltd and ARM Germany GmbH. All rights reserved.
License Information: kain wu, southeast universuty, LIC=LSNNN-Y77Y3-ZWY2V-PVN6M-3DTAV-MCK1M
 
Tool Versions:
Toolchain:       MDK-ARM Plus  Version: 5.24.1
Toolchain Path:  C:\Keil_v5\ARM\ARMCC\Bin
C Compiler:      Armcc.exe V5.06 update 5 (build 528)
Assembler:       Armasm.exe V5.06 update 5 (build 528)
Linker/Locator:  ArmLink.exe V5.06 update 5 (build 528)
Library Manager: ArmAr.exe V5.06 update 5 (build 528)
Hex Converter:   FromElf.exe V5.06 update 5 (build 528)
CPU DLL:         SARMCM3.DLL V5.24.1
Dialog DLL:      DCM.DLL V1.16.0.0
Target DLL:      Segger\JL2CM3.dll V2.99.26.0
Dialog DLL:      TCM.DLL V1.32.0.0
 
<h2>Project:</h2>
G:\projectFile\graduationProject\softProject\softwore\flowWebKwil1.0\MDK-ARM\flowWebKwil1.0.uvprojx
Project File Date:  05/23/2018

<h2>Output:</h2>
*** Using Compiler 'V5.06 update 5 (build 528)', folder: 'C:\Keil_v5\ARM\ARMCC\Bin'
Build target 'flowWebKwil1.0'
compiling tcpServer.c...
..\Inc\elecWeight.h(15): warning:  #1295-D: Deprecated declaration drawWeight - give arg types
  void drawWeight();
..\Src\tcpServer.c(263): warning:  #177-D: variable "isMatchLeft"  was declared but never referenced
      int isMatchLeft = 0;
..\Src\tcpServer.c(264): warning:  #177-D: variable "isMatchRight"  was declared but never referenced
      int isMatchRight = 0;
..\Src\tcpServer.c(296): warning:  #223-D: function "wifiStartListening" declared implicitly
              wifiStartListening();
..\Src\tcpServer.c: 4 warnings, 0 errors
linking...
Program Size: Code=26032 RO-data=696 RW-data=656 ZI-data=11728  
"flowWebKwil1.0\flowWebKwil1.0" - 0 Error(s), 4 Warning(s).

<h2>Software Packages used:</h2>

Package Vendor: ARM
                http://www.keil.com/pack/ARM.CMSIS.5.0.1.pack
                ARM.CMSIS.5.0.1
                CMSIS (Cortex Microcontroller Software Interface Standard)
   * Component: CORE Version: 5.0.1

Package Vendor: Keil
                http://www.keil.com/pack/Keil.STM32F7xx_DFP.2.9.0.pack
                Keil.STM32F7xx_DFP.2.9.0
                STMicroelectronics STM32F7 Series Device Support, Drivers and Examples

<h2>Collection of Component include folders:</h2>
  .\RTE\_flowWebKwil1.0
  C:\Keil_v5\ARM\PACK\ARM\CMSIS\5.0.1\CMSIS\Include
  C:\Keil_v5\ARM\PACK\Keil\STM32F7xx_DFP\2.9.0\Drivers\CMSIS\Device\ST\STM32F7xx\Include

<h2>Collection of Component Files used:</h2>

   * Component: ARM::CMSIS:CORE:5.0.1
Build Time Elapsed:  00:00:03
</pre>
</body>
</html>
