Component: ARM Compiler 5.06 update 5 (build 528) Tool: armlink [4d35e2]

==============================================================================

Section Cross References

    startup_stm32f767xx.o(RESET) refers to startup_stm32f767xx.o(STACK) for __initial_sp
    startup_stm32f767xx.o(RESET) refers to startup_stm32f767xx.o(.text) for Reset_Handler
    startup_stm32f767xx.o(RESET) refers to stm32f7xx_it.o(i.NMI_Handler) for NMI_Handler
    startup_stm32f767xx.o(RESET) refers to stm32f7xx_it.o(i.HardFault_Handler) for HardFault_Handler
    startup_stm32f767xx.o(RESET) refers to stm32f7xx_it.o(i.MemManage_Handler) for MemManage_Handler
    startup_stm32f767xx.o(RESET) refers to stm32f7xx_it.o(i.BusFault_Handler) for BusFault_Handler
    startup_stm32f767xx.o(RESET) refers to stm32f7xx_it.o(i.UsageFault_Handler) for UsageFault_Handler
    startup_stm32f767xx.o(RESET) refers to stm32f7xx_it.o(i.SVC_Handler) for SVC_Handler
    startup_stm32f767xx.o(RESET) refers to stm32f7xx_it.o(i.DebugMon_Handler) for DebugMon_Handler
    startup_stm32f767xx.o(RESET) refers to stm32f7xx_it.o(i.PendSV_Handler) for PendSV_Handler
    startup_stm32f767xx.o(RESET) refers to stm32f7xx_it.o(i.SysTick_Handler) for SysTick_Handler
    startup_stm32f767xx.o(RESET) refers to stm32f7xx_it.o(i.USART2_IRQHandler) for USART2_IRQHandler
    startup_stm32f767xx.o(RESET) refers to stm32f7xx_it.o(i.USART3_IRQHandler) for USART3_IRQHandler
    startup_stm32f767xx.o(RESET) refers to stm32f7xx_it.o(i.UART4_IRQHandler) for UART4_IRQHandler
    startup_stm32f767xx.o(RESET) refers to stm32f7xx_it.o(i.UART5_IRQHandler) for UART5_IRQHandler
    startup_stm32f767xx.o(RESET) refers to stm32f7xx_it.o(i.UART7_IRQHandler) for UART7_IRQHandler
    startup_stm32f767xx.o(.text) refers to system_stm32f7xx.o(i.SystemInit) for SystemInit
    startup_stm32f767xx.o(.text) refers to entry.o(.ARM.Collect$$$$00000000) for __main
    stm32f7xx_hal_flash.o(i.FLASH_SetErrorCode) refers to stm32f7xx_hal_flash.o(.bss) for .bss
    stm32f7xx_hal_flash.o(i.FLASH_WaitForLastOperation) refers to stm32f7xx_hal.o(i.HAL_GetTick) for HAL_GetTick
    stm32f7xx_hal_flash.o(i.FLASH_WaitForLastOperation) refers to stm32f7xx_hal_flash.o(i.FLASH_SetErrorCode) for FLASH_SetErrorCode
    stm32f7xx_hal_flash.o(i.FLASH_WaitForLastOperation) refers to stm32f7xx_hal_flash.o(.bss) for .bss
    stm32f7xx_hal_flash.o(i.HAL_FLASH_GetError) refers to stm32f7xx_hal_flash.o(.bss) for .bss
    stm32f7xx_hal_flash.o(i.HAL_FLASH_IRQHandler) refers to stm32f7xx_hal_flash.o(i.HAL_FLASH_EndOfOperationCallback) for HAL_FLASH_EndOfOperationCallback
    stm32f7xx_hal_flash.o(i.HAL_FLASH_IRQHandler) refers to stm32f7xx_hal_flash_ex.o(i.FLASH_Erase_Sector) for FLASH_Erase_Sector
    stm32f7xx_hal_flash.o(i.HAL_FLASH_IRQHandler) refers to stm32f7xx_hal_flash.o(i.FLASH_SetErrorCode) for FLASH_SetErrorCode
    stm32f7xx_hal_flash.o(i.HAL_FLASH_IRQHandler) refers to stm32f7xx_hal_flash.o(i.HAL_FLASH_OperationErrorCallback) for HAL_FLASH_OperationErrorCallback
    stm32f7xx_hal_flash.o(i.HAL_FLASH_IRQHandler) refers to stm32f7xx_hal_flash.o(.bss) for .bss
    stm32f7xx_hal_flash.o(i.HAL_FLASH_OB_Launch) refers to stm32f7xx_hal_flash.o(i.FLASH_WaitForLastOperation) for FLASH_WaitForLastOperation
    stm32f7xx_hal_flash.o(i.HAL_FLASH_Program) refers to stm32f7xx_hal_flash.o(i.FLASH_WaitForLastOperation) for FLASH_WaitForLastOperation
    stm32f7xx_hal_flash.o(i.HAL_FLASH_Program) refers to stm32f7xx_hal_flash.o(i.FLASH_Program_Byte) for FLASH_Program_Byte
    stm32f7xx_hal_flash.o(i.HAL_FLASH_Program) refers to stm32f7xx_hal_flash.o(i.FLASH_Program_HalfWord) for FLASH_Program_HalfWord
    stm32f7xx_hal_flash.o(i.HAL_FLASH_Program) refers to stm32f7xx_hal_flash.o(i.FLASH_Program_Word) for FLASH_Program_Word
    stm32f7xx_hal_flash.o(i.HAL_FLASH_Program) refers to stm32f7xx_hal_flash.o(i.FLASH_Program_DoubleWord) for FLASH_Program_DoubleWord
    stm32f7xx_hal_flash.o(i.HAL_FLASH_Program) refers to stm32f7xx_hal_flash.o(.bss) for .bss
    stm32f7xx_hal_flash.o(i.HAL_FLASH_Program_IT) refers to stm32f7xx_hal_flash.o(i.FLASH_Program_Byte) for FLASH_Program_Byte
    stm32f7xx_hal_flash.o(i.HAL_FLASH_Program_IT) refers to stm32f7xx_hal_flash.o(i.FLASH_Program_HalfWord) for FLASH_Program_HalfWord
    stm32f7xx_hal_flash.o(i.HAL_FLASH_Program_IT) refers to stm32f7xx_hal_flash.o(i.FLASH_Program_Word) for FLASH_Program_Word
    stm32f7xx_hal_flash.o(i.HAL_FLASH_Program_IT) refers to stm32f7xx_hal_flash.o(i.FLASH_Program_DoubleWord) for FLASH_Program_DoubleWord
    stm32f7xx_hal_flash.o(i.HAL_FLASH_Program_IT) refers to stm32f7xx_hal_flash.o(.bss) for .bss
    stm32f7xx_hal_rcc_ex.o(i.HAL_RCCEx_PeriphCLKConfig) refers to stm32f7xx_hal.o(i.HAL_GetTick) for HAL_GetTick
    stm32f7xx_hal_rcc_ex.o(i.HAL_RCC_OscConfig) refers to stm32f7xx_hal.o(i.HAL_GetTick) for HAL_GetTick
    stm32f7xx_hal_cortex.o(i.HAL_NVIC_SetPriority) refers to stm32f7xx_hal_cortex.o(i.NVIC_SetPriority) for NVIC_SetPriority
[...]
    Removing stm32f7xx_hal_spi.o(.rev16_text), (4 bytes).
    Removing stm32f7xx_hal_spi.o(.revsh_text), (4 bytes).
    Removing stm32f7xx_hal_spi.o(.rrx_text), (6 bytes).
    Removing stm32f7xx_hal_spi.o(i.HAL_SPI_DMAPause), (38 bytes).
    Removing stm32f7xx_hal_spi.o(i.HAL_SPI_DMAResume), (38 bytes).
    Removing stm32f7xx_hal_spi.o(i.HAL_SPI_DMAStop), (40 bytes).
    Removing stm32f7xx_hal_spi.o(i.HAL_SPI_DeInit), (46 bytes).
    Removing stm32f7xx_hal_spi.o(i.HAL_SPI_ErrorCallback), (2 bytes).
    Removing stm32f7xx_hal_spi.o(i.HAL_SPI_GetError), (4 bytes).
    Removing stm32f7xx_hal_spi.o(i.HAL_SPI_GetState), (6 bytes).
    Removing stm32f7xx_hal_spi.o(i.HAL_SPI_IRQHandler), (232 bytes).
    Removing stm32f7xx_hal_spi.o(i.HAL_SPI_MspDeInit), (2 bytes).
    Removing stm32f7xx_hal_spi.o(i.HAL_SPI_MspInit), (2 bytes).
    Removing stm32f7xx_hal_spi.o(i.HAL_SPI_Receive), (350 bytes).
    Removing stm32f7xx_hal_spi.o(i.HAL_SPI_Receive_DMA), (284 bytes).
    Removing stm32f7xx_hal_spi.o(i.HAL_SPI_Receive_IT), (224 bytes).
    Removing stm32f7xx_hal_spi.o(i.HAL_SPI_RxCpltCallback), (2 bytes).
    Removing stm32f7xx_hal_spi.o(i.HAL_SPI_RxHalfCpltCallback), (2 bytes).
    Removing stm32f7xx_hal_spi.o(i.HAL_SPI_Transmit), (312 bytes).
    Removing stm32f7xx_hal_spi.o(i.HAL_SPI_TransmitReceive), (486 bytes).
    Removing stm32f7xx_hal_spi.o(i.HAL_SPI_TransmitReceive_DMA), (444 bytes).
    Removing stm32f7xx_hal_spi.o(i.HAL_SPI_TransmitReceive_IT), (232 bytes).
    Removing stm32f7xx_hal_spi.o(i.HAL_SPI_Transmit_DMA), (272 bytes).
    Removing stm32f7xx_hal_spi.o(i.HAL_SPI_Transmit_IT), (148 bytes).
    Removing stm32f7xx_hal_spi.o(i.HAL_SPI_TxCpltCallback), (2 bytes).
    Removing stm32f7xx_hal_spi.o(i.HAL_SPI_TxHalfCpltCallback), (2 bytes).
    Removing stm32f7xx_hal_spi.o(i.HAL_SPI_TxRxCpltCallback), (2 bytes).
    Removing stm32f7xx_hal_spi.o(i.HAL_SPI_TxRxHalfCpltCallback), (2 bytes).
    Removing stm32f7xx_hal_spi.o(i.SPI_2linesRxISR_16BIT), (52 bytes).
    Removing stm32f7xx_hal_spi.o(i.SPI_2linesRxISR_8BIT), (98 bytes).
    Removing stm32f7xx_hal_spi.o(i.SPI_2linesTxISR_16BIT), (50 bytes).
    Removing stm32f7xx_hal_spi.o(i.SPI_2linesTxISR_8BIT), (70 bytes).
    Removing stm32f7xx_hal_spi.o(i.SPI_CloseRxTx_ISR), (76 bytes).
    Removing stm32f7xx_hal_spi.o(i.SPI_CloseRx_ISR), (58 bytes).
    Removing stm32f7xx_hal_spi.o(i.SPI_CloseTx_ISR), (70 bytes).
    Removing stm32f7xx_hal_spi.o(i.SPI_DMAAbortOnError), (18 bytes).
    Removing stm32f7xx_hal_spi.o(i.SPI_DMAError), (34 bytes).
    Removing stm32f7xx_hal_spi.o(i.SPI_DMAHalfReceiveCplt), (10 bytes).
    Removing stm32f7xx_hal_spi.o(i.SPI_DMAHalfTransmitCplt), (10 bytes).
    Removing stm32f7xx_hal_spi.o(i.SPI_DMAHalfTransmitReceiveCplt), (10 bytes).
    Removing stm32f7xx_hal_spi.o(i.SPI_DMAReceiveCplt), (72 bytes).
    Removing stm32f7xx_hal_spi.o(i.SPI_DMATransmitCplt), (78 bytes).
    Removing stm32f7xx_hal_spi.o(i.SPI_DMATransmitReceiveCplt), (62 bytes).
    Removing stm32f7xx_hal_spi.o(i.SPI_EndRxTransaction), (108 bytes).
    Removing stm32f7xx_hal_spi.o(i.SPI_EndRxTxTransaction), (64 bytes).
    Removing stm32f7xx_hal_spi.o(i.SPI_RxISR_16BIT), (36 bytes).
    Removing stm32f7xx_hal_spi.o(i.SPI_RxISR_8BIT), (34 bytes).
    Removing stm32f7xx_hal_spi.o(i.SPI_TxISR_16BIT), (32 bytes).
    Removing stm32f7xx_hal_spi.o(i.SPI_TxISR_8BIT), (30 bytes).
    Removing stm32f7xx_hal_spi.o(i.SPI_WaitFifoStateUntilTimeout), (162 bytes).
    Removing stm32f7xx_hal_spi.o(i.SPI_WaitFlagStateUntilTimeout), (142 bytes).
    Removing stm32f7xx_hal.o(.rev16_text), (4 bytes).
    Removing stm32f7xx_hal.o(.revsh_text), (4 bytes).
    Removing stm32f7xx_hal.o(.rrx_text), (6 bytes).
    Removing stm32f7xx_hal.o(i.HAL_DBGMCU_DisableDBGSleepMode), (16 bytes).
    Removing stm32f7xx_hal.o(i.HAL_DBGMCU_DisableDBGStandbyMode), (16 bytes).
    Removing stm32f7xx_hal.o(i.HAL_DBGMCU_DisableDBGStopMode), (16 bytes).
    Removing stm32f7xx_hal.o(i.HAL_DBGMCU_EnableDBGSleepMode), (16 bytes).
    Removing stm32f7xx_hal.o(i.HAL_DBGMCU_EnableDBGStandbyMode), (16 bytes).
    Removing stm32f7xx_hal.o(i.HAL_DBGMCU_EnableDBGStopMode), (16 bytes).
    Removing stm32f7xx_hal.o(i.HAL_DeInit), (52 bytes).
    Removing stm32f7xx_hal.o(i.HAL_DisableCompensationCell), (16 bytes).
    Removing stm32f7xx_hal.o(i.HAL_DisableFMCMemorySwapping), (16 bytes).
    Removing stm32f7xx_hal.o(i.HAL_DisableMemorySwappingBank), (16 bytes).
    Removing stm32f7xx_hal.o(i.HAL_EnableCompensationCell), (16 bytes).
    Removing stm32f7xx_hal.o(i.HAL_EnableFMCMemorySwapping), (16 bytes).
    Removing stm32f7xx_hal.o(i.HAL_EnableMemorySwappingBank), (16 bytes).
    Removing stm32f7xx_hal.o(i.HAL_GetDEVID), (16 bytes).
    Removing stm32f7xx_hal.o(i.HAL_GetHalVersion), (8 bytes).
    Removing stm32f7xx_hal.o(i.HAL_GetREVID), (12 bytes).
    Removing stm32f7xx_hal.o(i.HAL_MspDeInit), (2 bytes).
    Removing stm32f7xx_hal.o(i.HAL_MspInit), (2 bytes).
    Removing stm32f7xx_hal.o(i.HAL_ResumeTick), (14 bytes).
    Removing stm32f7xx_hal.o(i.HAL_SuspendTick), (14 bytes).
    Removing stm32f7xx_hal_uart.o(.rev16_text), (4 bytes).
    Removing stm32f7xx_hal_uart.o(.revsh_text), (4 bytes).
    Removing stm32f7xx_hal_uart.o(.rrx_text), (6 bytes).
    Removing stm32f7xx_hal_uart.o(i.HAL_HalfDuplex_EnableReceiver), (62 bytes).
    Removing stm32f7xx_hal_uart.o(i.HAL_HalfDuplex_EnableTransmitter), (62 bytes).
    Removing stm32f7xx_hal_uart.o(i.HAL_HalfDuplex_Init), (116 bytes).
    Removing stm32f7xx_hal_uart.o(i.HAL_LIN_Init), (130 bytes).
    Removing stm32f7xx_hal_uart.o(i.HAL_LIN_SendBreak), (50 bytes).
    Removing stm32f7xx_hal_uart.o(i.HAL_MultiProcessorEx_AddressLength_Set), (48 bytes).
    Removing stm32f7xx_hal_uart.o(i.HAL_MultiProcessor_DisableMuteMode), (44 bytes).
    Removing stm32f7xx_hal_uart.o(i.HAL_MultiProcessor_EnableMuteMode), (44 bytes).
    Removing stm32f7xx_hal_uart.o(i.HAL_MultiProcessor_EnterMuteMode), (12 bytes).
    Removing stm32f7xx_hal_uart.o(i.HAL_MultiProcessor_Init), (138 bytes).
    Removing stm32f7xx_hal_uart.o(i.HAL_RS485Ex_Init), (140 bytes).
    Removing stm32f7xx_hal_uart.o(i.HAL_UART_DMAPause), (98 bytes).
    Removing stm32f7xx_hal_uart.o(i.HAL_UART_DMAResume), (102 bytes).
    Removing stm32f7xx_hal_uart.o(i.HAL_UART_DMAStop), (84 bytes).
    Removing stm32f7xx_hal_uart.o(i.HAL_UART_DeInit), (64 bytes).
    Removing stm32f7xx_hal_uart.o(i.HAL_UART_GetError), (4 bytes).
    Removing stm32f7xx_hal_uart.o(i.HAL_UART_GetState), (12 bytes).
    Removing stm32f7xx_hal_uart.o(i.HAL_UART_MspDeInit), (2 bytes).
    Removing stm32f7xx_hal_uart.o(i.HAL_UART_MspInit), (2 bytes).
    Removing stm32f7xx_hal_uart.o(i.HAL_UART_Receive_DMA), (148 bytes).
    Removing stm32f7xx_hal_uart.o(i.HAL_UART_Receive_IT), (152 bytes).
    Removing stm32f7xx_hal_uart.o(i.HAL_UART_RxHalfCpltCallback), (2 bytes).
    Removing stm32f7xx_hal_uart.o(i.HAL_UART_Transmit_DMA), (140 bytes).
    Removing stm32f7xx_hal_uart.o(i.HAL_UART_Transmit_IT), (66 bytes).
    Removing stm32f7xx_hal_uart.o(i.HAL_UART_TxHalfCpltCallback), (2 bytes).
    Removing stm32f7xx_hal_uart.o(i.UART_DMAError), (74 bytes).
    Removing stm32f7xx_hal_uart.o(i.UART_DMAReceiveCplt), (60 bytes).
    Removing stm32f7xx_hal_uart.o(i.UART_DMARxHalfCplt), (10 bytes).
    Removing stm32f7xx_hal_uart.o(i.UART_DMATransmitCplt), (46 bytes).
    Removing stm32f7xx_hal_uart.o(i.UART_DMATxHalfCplt), (10 bytes).
    Removing stm32f7xx_hal_uart.o(i.UART_EndTxTransfer), (18 bytes).
    Removing stm32f7xx_hal_tim.o(.rev16_text), (4 bytes).
    Removing stm32f7xx_hal_tim.o(.revsh_text), (4 bytes).
    Removing stm32f7xx_hal_tim.o(.rrx_text), (6 bytes).
    Removing stm32f7xx_hal_i2c.o(.rev16_text), (4 bytes).
    Removing stm32f7xx_hal_i2c.o(.revsh_text), (4 bytes).
    Removing stm32f7xx_hal_i2c.o(.rrx_text), (6 bytes).
    Removing stm32f7xx_hal_i2c.o(i.HAL_I2C_AbortCpltCallback), (2 bytes).
    Removing stm32f7xx_hal_i2c.o(i.HAL_I2C_AddrCallback), (2 bytes).
    Removing stm32f7xx_hal_i2c.o(i.HAL_I2C_DeInit), (52 bytes).
    Removing stm32f7xx_hal_i2c.o(i.HAL_I2C_DisableListen_IT), (54 bytes).
    Removing stm32f7xx_hal_i2c.o(i.HAL_I2C_ER_IRQHandler), (98 bytes).
    Removing stm32f7xx_hal_i2c.o(i.HAL_I2C_EV_IRQHandler), (16 bytes).
    Removing stm32f7xx_hal_i2c.o(i.HAL_I2C_EnableListen_IT), (40 bytes).
    Removing stm32f7xx_hal_i2c.o(i.HAL_I2C_ErrorCallback), (2 bytes).
    Removing stm32f7xx_hal_i2c.o(i.HAL_I2C_GetError), (4 bytes).
    Removing stm32f7xx_hal_i2c.o(i.HAL_I2C_GetMode), (6 bytes).
    Removing stm32f7xx_hal_i2c.o(i.HAL_I2C_GetState), (6 bytes).
    Removing stm32f7xx_hal_i2c.o(i.HAL_I2C_Init), (176 bytes).
    Removing stm32f7xx_hal_i2c.o(i.HAL_I2C_IsDeviceReady), (288 bytes).
    Removing stm32f7xx_hal_i2c.o(i.HAL_I2C_ListenCpltCallback), (2 bytes).
    Removing stm32f7xx_hal_i2c.o(i.HAL_I2C_MasterRxCpltCallback), (2 bytes).
    Removing stm32f7xx_hal_i2c.o(i.HAL_I2C_MasterTxCpltCallback), (2 bytes).
    Removing stm32f7xx_hal_i2c.o(i.HAL_I2C_Master_Abort_IT), (92 bytes).
    Removing stm32f7xx_hal_i2c.o(i.HAL_I2C_Master_Receive), (304 bytes).
    Removing stm32f7xx_hal_i2c.o(i.HAL_I2C_Master_Receive_DMA), (216 bytes).
    Removing stm32f7xx_hal_i2c.o(i.HAL_I2C_Master_Receive_IT), (128 bytes).
    Removing stm32f7xx_hal_i2c.o(i.HAL_I2C_Master_Sequential_Receive_IT), (124 bytes).
    Removing stm32f7xx_hal_i2c.o(i.HAL_I2C_Master_Sequential_Transmit_IT), (124 bytes).
    Removing stm32f7xx_hal_i2c.o(i.HAL_I2C_Master_Transmit), (300 bytes).
    Removing stm32f7xx_hal_i2c.o(i.HAL_I2C_Master_Transmit_DMA), (200 bytes).
    Removing stm32f7xx_hal_i2c.o(i.HAL_I2C_Master_Transmit_IT), (128 bytes).
    Removing stm32f7xx_hal_i2c.o(i.HAL_I2C_MemRxCpltCallback), (2 bytes).
    Removing stm32f7xx_hal_i2c.o(i.HAL_I2C_MemTxCpltCallback), (2 bytes).
    Removing stm32f7xx_hal_i2c.o(i.HAL_I2C_Mem_Read), (364 bytes).
    Removing stm32f7xx_hal_i2c.o(i.HAL_I2C_Mem_Read_DMA), (256 bytes).
    Removing stm32f7xx_hal_i2c.o(i.HAL_I2C_Mem_Read_IT), (196 bytes).
    Removing stm32f7xx_hal_i2c.o(i.HAL_I2C_Mem_Write), (360 bytes).
    Removing stm32f7xx_hal_i2c.o(i.HAL_I2C_Mem_Write_DMA), (252 bytes).
    Removing stm32f7xx_hal_i2c.o(i.HAL_I2C_Mem_Write_IT), (192 bytes).
    Removing stm32f7xx_hal_i2c.o(i.HAL_I2C_MspDeInit), (2 bytes).
    Removing stm32f7xx_hal_i2c.o(i.HAL_I2C_MspInit), (2 bytes).
    Removing stm32f7xx_hal_i2c.o(i.HAL_I2C_SlaveRxCpltCallback), (2 bytes).
    Removing stm32f7xx_hal_i2c.o(i.HAL_I2C_SlaveTxCpltCallback), (2 bytes).
    Removing stm32f7xx_hal_i2c.o(i.HAL_I2C_Slave_Receive), (312 bytes).
    Removing stm32f7xx_hal_i2c.o(i.HAL_I2C_Slave_Receive_DMA), (164 bytes).
    Removing stm32f7xx_hal_i2c.o(i.HAL_I2C_Slave_Receive_IT), (92 bytes).
    Removing stm32f7xx_hal_i2c.o(i.HAL_I2C_Slave_Sequential_Receive_IT), (132 bytes).
    Removing stm32f7xx_hal_i2c.o(i.HAL_I2C_Slave_Sequential_Transmit_IT), (132 bytes).
    Removing stm32f7xx_hal_i2c.o(i.HAL_I2C_Slave_Transmit), (316 bytes).
    Removing stm32f7xx_hal_i2c.o(i.HAL_I2C_Slave_Transmit_DMA), (156 bytes).
    Removing stm32f7xx_hal_i2c.o(i.HAL_I2C_Slave_Transmit_IT), (92 bytes).
    Removing stm32f7xx_hal_i2c.o(i.I2C_DMAAbort), (50 bytes).
    Removing stm32f7xx_hal_i2c.o(i.I2C_DMAError), (18 bytes).
    Removing stm32f7xx_hal_i2c.o(i.I2C_DMAMasterReceiveCplt), (66 bytes).
    Removing stm32f7xx_hal_i2c.o(i.I2C_DMAMasterTransmitCplt), (66 bytes).
    Removing stm32f7xx_hal_i2c.o(i.I2C_DMASlaveReceiveCplt), (2 bytes).
    Removing stm32f7xx_hal_i2c.o(i.I2C_DMASlaveTransmitCplt), (2 bytes).
    Removing stm32f7xx_hal_i2c.o(i.I2C_Disable_IRQ), (88 bytes).
    Removing stm32f7xx_hal_i2c.o(i.I2C_Enable_IRQ), (96 bytes).
    Removing stm32f7xx_hal_i2c.o(i.I2C_Flush_TXDR), (34 bytes).
    Removing stm32f7xx_hal_i2c.o(i.I2C_ITAddrCplt), (136 bytes).
    Removing stm32f7xx_hal_i2c.o(i.I2C_ITError), (216 bytes).
    Removing stm32f7xx_hal_i2c.o(i.I2C_ITListenCplt), (96 bytes).
    Removing stm32f7xx_hal_i2c.o(i.I2C_ITMasterCplt), (172 bytes).
    Removing stm32f7xx_hal_i2c.o(i.I2C_ITMasterSequentialCplt), (80 bytes).
    Removing stm32f7xx_hal_i2c.o(i.I2C_ITSlaveCplt), (252 bytes).
    Removing stm32f7xx_hal_i2c.o(i.I2C_ITSlaveSequentialCplt), (84 bytes).
    Removing stm32f7xx_hal_i2c.o(i.I2C_IsAcknowledgeFailed), (124 bytes).
    Removing stm32f7xx_hal_i2c.o(i.I2C_Master_ISR_DMA), (196 bytes).
    Removing stm32f7xx_hal_i2c.o(i.I2C_Master_ISR_IT), (284 bytes).
    Removing stm32f7xx_hal_i2c.o(i.I2C_RequestMemoryRead), (110 bytes).
    Removing stm32f7xx_hal_i2c.o(i.I2C_RequestMemoryWrite), (110 bytes).
    Removing stm32f7xx_hal_i2c.o(i.I2C_Slave_ISR_DMA), (106 bytes).
    Removing stm32f7xx_hal_i2c.o(i.I2C_Slave_ISR_IT), (276 bytes).
    Removing stm32f7xx_hal_i2c.o(i.I2C_TransferConfig), (36 bytes).
    Removing stm32f7xx_hal_i2c.o(i.I2C_WaitOnFlagUntilTimeout), (82 bytes).
    Removing stm32f7xx_hal_i2c.o(i.I2C_WaitOnRXNEFlagUntilTimeout), (128 bytes).
    Removing stm32f7xx_hal_i2c.o(i.I2C_WaitOnSTOPFlagUntilTimeout), (80 bytes).
    Removing stm32f7xx_hal_i2c.o(i.I2C_WaitOnTXISFlagUntilTimeout), (84 bytes).
    Removing stm32f7xx_hal_i2c_ex.o(.rev16_text), (4 bytes).
    Removing stm32f7xx_hal_i2c_ex.o(.revsh_text), (4 bytes).
    Removing stm32f7xx_hal_i2c_ex.o(.rrx_text), (6 bytes).
    Removing stm32f7xx_hal_i2c_ex.o(i.HAL_I2CEx_ConfigAnalogFilter), (88 bytes).
    Removing stm32f7xx_hal_i2c_ex.o(i.HAL_I2CEx_ConfigDigitalFilter), (84 bytes).
    Removing stm32f7xx_hal_i2c_ex.o(i.HAL_I2CEx_DisableFastModePlus), (40 bytes).
    Removing stm32f7xx_hal_i2c_ex.o(i.HAL_I2CEx_EnableFastModePlus), (40 bytes).
    Removing system_stm32f7xx.o(.rev16_text), (4 bytes).
    Removing system_stm32f7xx.o(.revsh_text), (4 bytes).
    Removing system_stm32f7xx.o(.rrx_text), (6 bytes).
    Removing system_stm32f7xx.o(i.SystemCoreClockUpdate), (132 bytes).
    Removing main.o(.rev16_text), (4 bytes).
    Removing main.o(.revsh_text), (4 bytes).
    Removing main.o(.rrx_text), (6 bytes).
    Removing main.o(i._Error_Handler), (2 bytes).
    Removing main.o(i.loop), (60 bytes).
    Removing main.o(i.test), (88 bytes).
    Removing main.o(.data), (1 bytes).
    Removing stm32f7xx_hal_msp.o(.rev16_text), (4 bytes).
    Removing stm32f7xx_hal_msp.o(.revsh_text), (4 bytes).
    Removing stm32f7xx_hal_msp.o(.rrx_text), (6 bytes).
    Removing stm32f7xx_hal_msp.o(i.HAL_SPI_MspDeInit), (44 bytes).
    Removing stm32f7xx_hal_msp.o(i.HAL_UART_MspDeInit), (232 bytes).
    Removing stm32f7xx_it.o(.rev16_text), (4 bytes).
    Removing stm32f7xx_it.o(.revsh_text), (4 bytes).
    Removing stm32f7xx_it.o(.rrx_text), (6 bytes).
    Removing eleweight.o(.rev16_text), (4 bytes).
    Removing eleweight.o(.revsh_text), (4 bytes).
    Removing eleweight.o(.rrx_text), (6 bytes).
    Removing eleweight.o(i.SetWeightZero), (32 bytes).
    Removing iocontrol.o(.rev16_text), (4 bytes).
    Removing iocontrol.o(.revsh_text), (4 bytes).
    Removing iocontrol.o(.rrx_text), (6 bytes).
    Removing iocontrol.o(i.getRelayState), (48 bytes).
    Removing rs485loop.o(.rev16_text), (4 bytes).
    Removing rs485loop.o(.revsh_text), (4 bytes).
    Removing rs485loop.o(.rrx_text), (6 bytes).
    Removing rs485loop.o(i.AnalyVortexData), (232 bytes).
    Removing rs485loop.o(i.AnanlyReadHeatMeterData), (456 bytes).
    Removing rs485loop.o(i.GetVortexData), (56 bytes).
    Removing rs485loop.o(i.ReadHeatMeter), (128 bytes).
    Removing rs485loop.o(i.SetInverterFreq), (88 bytes).
    Removing rs485loop.o(i.StartInverter), (56 bytes).
    Removing rs485loop.o(i.getVortexFlowrate), (12 bytes).
    Removing rs485loop.o(i.getVortexTotalFlow), (12 bytes).
    Removing rs485loop.o(i.loopHeatMeter), (256 bytes).
    Removing rs485loop.o(i.loopVortex), (152 bytes).
    Removing rs485loop.o(.bss), (30 bytes).
    Removing rs485loop.o(.bss), (30 bytes).
    Removing rs485loop.o(.bss), (100 bytes).
    Removing rs485loop.o(.bss), (100 bytes).
    Removing rs485loop.o(.constdata), (53 bytes).
    Removing rs485loop.o(.data), (4 bytes).
    Removing rs485loop.o(.data), (4 bytes).
    Removing tcpserver.o(.rev16_text), (4 bytes).
    Removing tcpserver.o(.revsh_text), (4 bytes).
    Removing tcpserver.o(.rrx_text), (6 bytes).
    Removing tcpserver.o(i.SLOT_TCPdecoder), (132 bytes).
    Removing tcpserver.o(i.sendDataIT), (32 bytes).
    Removing tcpserver.o(i.wifiDataReceived), (48 bytes).
    Removing tcpserver.o(i.wifiStartListening), (20 bytes).
    Removing tcpserver.o(.data), (4 bytes).
    Removing tcpserver.o(.data), (8 bytes).
    Removing ultrasonic.o(.rev16_text), (4 bytes).
    Removing ultrasonic.o(.revsh_text), (4 bytes).
    Removing ultrasonic.o(.rrx_text), (6 bytes).
    Removing ultrasonic.o(i.GetUltraDistance), (32 bytes).
    Removing ultrasonic.o(i.GetUltraDurationTime), (32 bytes).
    Removing ultrasonic.o(i.GetUltraTemperature), (32 bytes).
    Removing ultrasonic.o(i.anaslyUltraDistance), (18 bytes).
    Removing ultrasonic.o(i.anaslyUltraTemperature), (52 bytes).
    Removing ultrasonic.o(i.anaslyUltraTime), (18 bytes).
    Removing ultrasonic.o(i.loopUltra), (208 bytes).
    Removing ultrasonic.o(.constdata), (81 bytes).
    Removing dfltul.o(.text), (24 bytes).
    Removing d2f.o(.text), (56 bytes).
    Removing fepilogue.o(.text), (110 bytes).

396 unused section(s) (total 29987 bytes) removed from the image.

==============================================================================

Image Symbol Table

    Local Symbols

    Symbol Name                              Value     Ov Type        Size  Object(Section)

    ../Drivers/STM32F7xx_HAL_Driver/Src/stm32f7xx_hal.c 0x00000000   Number         0  stm32f7xx_hal.o ABSOLUTE
    ../Drivers/STM32F7xx_HAL_Driver/Src/stm32f7xx_hal_cortex.c 0x00000000   Number         0  stm32f7xx_hal_cortex.o ABSOLUTE
    ../Drivers/STM32F7xx_HAL_Driver/Src/stm32f7xx_hal_dma.c 0x00000000   Number         0  stm32f7xx_hal_dma.o ABSOLUTE
    ../Drivers/STM32F7xx_HAL_Driver/Src/stm32f7xx_hal_dma_ex.c 0x00000000   Number         0  stm32f7xx_hal_dma_ex.o ABSOLUTE
    ../Drivers/STM32F7xx_HAL_Driver/Src/stm32f7xx_hal_flash.c 0x00000000   Number         0  stm32f7xx_hal_flash.o ABSOLUTE
    ../Drivers/STM32F7xx_HAL_Driver/Src/stm32f7xx_hal_flash_ex.c 0x00000000   Number         0  stm32f7xx_hal_flash_ex.o ABSOLUTE
    ../Drivers/STM32F7xx_HAL_Driver/Src/stm32f7xx_hal_gpio.c 0x00000000   Number         0  stm32f7xx_hal_gpio.o ABSOLUTE
    ../Drivers/STM32F7xx_HAL_Driver/Src/stm32f7xx_hal_i2c.c 0x00000000   Number         0  stm32f7xx_hal_i2c.o ABSOLUTE
    ../Drivers/STM32F7xx_HAL_Driver/Src/stm32f7xx_hal_i2c_ex.c 0x00000000   Number         0  stm32f7xx_hal_i2c_ex.o ABSOLUTE
    ../Drivers/STM32F7xx_HAL_Driver/Src/stm32f7xx_hal_pwr.c 0x00000000   Number         0  stm32f7xx_hal_pwr.o ABSOLUTE
    ../Drivers/STM32F7xx_HAL_Driver/Src/stm32f7xx_hal_pwr_ex.c 0x00000000   Number         0  stm32f7xx_hal_pwr_ex.o ABSOLUTE
    ../Drivers/STM32F7xx_HAL_Driver/Src/stm32f7xx_hal_rcc.c 0x00000000   Number         0  stm32f7xx_hal_rcc.o ABSOLUTE
    ../Drivers/STM32F7xx_HAL_Driver/Src/stm32f7xx_hal_rcc_ex.c 0x00000000   Number         0  stm32f7xx_hal_rcc_ex.o ABSOLUTE
    ../Drivers/STM32F7xx_HAL_Driver/Src/stm32f7xx_hal_spi.c 0x00000000   Number         0  stm32f7xx_hal_spi.o ABSOLUTE
    ../Drivers/STM32F7xx_HAL_Driver/Src/stm32f7xx_hal_tim.c 0x00000000   Number         0  stm32f7xx_hal_tim.o ABSOLUTE
    ../Drivers/STM32F7xx_HAL_Driver/Src/stm32f7xx_hal_tim_ex.c 0x00000000   Number         0  stm32f7xx_hal_tim_ex.o ABSOLUTE
    ../Drivers/STM32F7xx_HAL_Driver/Src/stm32f7xx_hal_uart.c 0x00000000   Number         0  stm32f7xx_hal_uart.o ABSOLUTE
    ../Src/main.c                            0x00000000   Number         0  main.o ABSOLUTE
    ../Src/stm32f7xx_hal_msp.c               0x00000000   Number         0  stm32f7xx_hal_msp.o ABSOLUTE
    ../Src/stm32f7xx_it.c                    0x00000000   Number         0  stm32f7xx_it.o ABSOLUTE
    ../Src/system_stm32f7xx.c                0x00000000   Number         0  system_stm32f7xx.o ABSOLUTE
    ../clib/microlib/ctype/ctype.c           0x00000000   Number         0  isdigit_o.o ABSOLUTE
    ../clib/microlib/ctype/ctype.c           0x00000000   Number         0  isspace_c.o ABSOLUTE
    ../clib/microlib/ctype/ctype.c           0x00000000   Number         0  isupper_o.o ABSOLUTE
    ../clib/microlib/ctype/ctype.c           0x00000000   Number         0  isspace_o.o ABSOLUTE
    ../clib/microlib/ctype/ctype.c           0x00000000   Number         0  ispunct_o.o ABSOLUTE
    ../clib/microlib/ctype/ctype.c           0x00000000   Number         0  isprint_o.o ABSOLUTE
    ../clib/microlib/ctype/ctype.c           0x00000000   Number         0  islower_o.o ABSOLUTE
    ../clib/microlib/ctype/ctype.c           0x00000000   Number         0  isgraph_o.o ABSOLUTE
    ../clib/microlib/ctype/ctype.c           0x00000000   Number         0  isxdigit_o.o ABSOLUTE
    ../clib/microlib/ctype/ctype.c           0x00000000   Number         0  ctype_c.o ABSOLUTE
    ../clib/microlib/ctype/ctype.c           0x00000000   Number         0  iscntrl_o.o ABSOLUTE
    ../clib/microlib/ctype/ctype.c           0x00000000   Number         0  isblank_o.o ABSOLUTE
    ../clib/microlib/ctype/ctype.c           0x00000000   Number         0  isalpha_o.o ABSOLUTE
    ../clib/microlib/ctype/ctype.c           0x00000000   Number         0  isalnum_o.o ABSOLUTE
    ../clib/microlib/ctype/ctype.c           0x00000000   Number         0  ctype_o.o ABSOLUTE
    ../clib/microlib/division.c              0x00000000   Number         0  uidiv.o ABSOLUTE
    ../clib/microlib/division.c              0x00000000   Number         0  uldiv.o ABSOLUTE
    ../clib/microlib/errno.c                 0x00000000   Number         0  errno.o ABSOLUTE
    ../clib/microlib/init/entry.s            0x00000000   Number         0  entry10b.o ABSOLUTE
    ../clib/microlib/init/entry.s            0x00000000   Number         0  entry.o ABSOLUTE
    ../clib/microlib/init/entry.s            0x00000000   Number         0  entry9a.o ABSOLUTE
    ../clib/microlib/init/entry.s            0x00000000   Number         0  entry5.o ABSOLUTE
    ../clib/microlib/init/entry.s            0x00000000   Number         0  entry7a.o ABSOLUTE
    ../clib/microlib/init/entry.s            0x00000000   Number         0  entry7b.o ABSOLUTE
    ../clib/microlib/init/entry.s            0x00000000   Number         0  entry2.o ABSOLUTE
    ../clib/microlib/init/entry.s            0x00000000   Number         0  entry8a.o ABSOLUTE
    ../clib/microlib/init/entry.s            0x00000000   Number         0  entry9b.o ABSOLUTE
    ../clib/microlib/init/entry.s            0x00000000   Number         0  entry8b.o ABSOLUTE
    ../clib/microlib/init/entry.s            0x00000000   Number         0  entry11a.o ABSOLUTE
    ../clib/microlib/init/entry.s            0x00000000   Number         0  entry10a.o ABSOLUTE
    ../clib/microlib/init/entry.s            0x00000000   Number         0  entry11b.o ABSOLUTE
    ../clib/microlib/longlong.c              0x00000000   Number         0  llsshr.o ABSOLUTE
    ../clib/microlib/longlong.c              0x00000000   Number         0  llushr.o ABSOLUTE
    ../clib/microlib/longlong.c              0x00000000   Number         0  llshl.o ABSOLUTE
    ../clib/microlib/printf/printf.c         0x00000000   Number         0  printf2.o ABSOLUTE
    ../clib/microlib/printf/printf.c         0x00000000   Number         0  printf4.o ABSOLUTE
    ../clib/microlib/printf/printf.c         0x00000000   Number         0  printf5.o ABSOLUTE
    ../clib/microlib/printf/printf.c         0x00000000   Number         0  printf6.o ABSOLUTE
    ../clib/microlib/printf/printf.c         0x00000000   Number         0  printfb.o ABSOLUTE
    ../clib/microlib/printf/printf.c         0x00000000   Number         0  printf7.o ABSOLUTE
    ../clib/microlib/printf/printf.c         0x00000000   Number         0  printf8.o ABSOLUTE
    ../clib/microlib/printf/printf.c         0x00000000   Number         0  printfa.o ABSOLUTE
    ../clib/microlib/printf/printf.c         0x00000000   Number         0  printf0.o ABSOLUTE
    ../clib/microlib/printf/printf.c         0x00000000   Number         0  printf1.o ABSOLUTE
    ../clib/microlib/printf/printf.c         0x00000000   Number         0  printf3.o ABSOLUTE
    ../clib/microlib/printf/stubs.s          0x00000000   Number         0  stubs.o ABSOLUTE
    ../clib/microlib/stdio/fputc.c           0x00000000   Number         0  fputc.o ABSOLUTE
    ../clib/microlib/stdio/semi.s            0x00000000   Number         0  semi.o ABSOLUTE
    ../clib/microlib/stdio/streams.c         0x00000000   Number         0  stdout.o ABSOLUTE
    ../clib/microlib/string/memcpy.c         0x00000000   Number         0  memcpya.o ABSOLUTE
    ../clib/microlib/string/memcpy.c         0x00000000   Number         0  memcpyb.o ABSOLUTE
    ../clib/microlib/string/memset.c         0x00000000   Number         0  memseta.o ABSOLUTE
    ../clib/microlib/string/strcat.c         0x00000000   Number         0  strcat.o ABSOLUTE
    ../clib/microlib/string/strlen.c         0x00000000   Number         0  strlen.o ABSOLUTE
    ../clib/microlib/string/strtok.c         0x00000000   Number         0  strtok.o ABSOLUTE
    ../clib/microlib/string/strtok.c         0x00000000   Number         0  strtok_r.o ABSOLUTE
    ../clib/microlib/stubs.s                 0x00000000   Number         0  iusefp.o ABSOLUTE
    ../clib/microlib/stubs.s                 0x00000000   Number         0  iusesemip.o ABSOLUTE
    ../clib/scanf.c                          0x00000000   Number         0  atoi.o ABSOLUTE
    ../clib/scanf.c                          0x00000000   Number         0  strtod.o ABSOLUTE
    ../clib/scanf.c                          0x00000000   Number         0  strtol.o ABSOLUTE
    ../clib/scanf.c                          0x00000000   Number         0  scanf_fp.o ABSOLUTE
    ../clib/scanf.c                          0x00000000   Number         0  _sgetc.o ABSOLUTE
    ../clib/scanf.c                          0x00000000   Number         0  _strtoul.o ABSOLUTE
    ../clib/scanf.c                          0x00000000   Number         0  _chval.o ABSOLUTE
    ../fplib/microlib/d2f.c                  0x00000000   Number         0  d2f.o ABSOLUTE
    ../fplib/microlib/fpadd.c                0x00000000   Number         0  dadd.o ABSOLUTE
    ../fplib/microlib/fpdiv.c                0x00000000   Number         0  ddiv.o ABSOLUTE
    ../fplib/microlib/fpepilogue.c           0x00000000   Number         0  depilogue.o ABSOLUTE
    ../fplib/microlib/fpepilogue.c           0x00000000   Number         0  fepilogue.o ABSOLUTE
    ../fplib/microlib/fpfix.c                0x00000000   Number         0  dfixul.o ABSOLUTE
    ../fplib/microlib/fpflt.c                0x00000000   Number         0  dfltul.o ABSOLUTE
    ../fplib/microlib/fpmul.c                0x00000000   Number         0  dmul.o ABSOLUTE
    ../mathlib/atof.c                        0x00000000   Number         0  atof.o ABSOLUTE
    ..\Drivers\STM32F7xx_HAL_Driver\Src\stm32f7xx_hal.c 0x00000000   Number         0  stm32f7xx_hal.o ABSOLUTE
    ..\Drivers\STM32F7xx_HAL_Driver\Src\stm32f7xx_hal_cortex.c 0x00000000   Number         0  stm32f7xx_hal_cortex.o ABSOLUTE
    ..\Drivers\STM32F7xx_HAL_Driver\Src\stm32f7xx_hal_dma.c 0x00000000   Number         0  stm32f7xx_hal_dma.o ABSOLUTE
    ..\Drivers\STM32F7xx_HAL_Driver\Src\stm32f7xx_hal_dma_ex.c 0x00000000   Number         0  stm32f7xx_hal_dma_ex.o ABSOLUTE
    ..\Drivers\STM32F7xx_HAL_Driver\Src\stm32f7xx_hal_flash.c 0x00000000   Number         0  stm32f7xx_hal_flash.o ABSOLUTE
    ..\Drivers\STM32F7xx_HAL_Driver\Src\stm32f7xx_hal_flash_ex.c 0x00000000   Number         0  stm32f7xx_hal_flash_ex.o ABSOLUTE
    ..\Drivers\STM32F7xx_HAL_Driver\Src\stm32f7xx_hal_gpio.c 0x00000000   Number         0  stm32f7xx_hal_gpio.o ABSOLUTE
    ..\Drivers\STM32F7xx_HAL_Driver\Src\stm32f7xx_hal_i2c.c 0x00000000   Number         0  stm32f7xx_hal_i2c.o ABSOLUTE
    ..\Drivers\STM32F7xx_HAL_Driver\Src\stm32f7xx_hal_i2c_ex.c 0x00000000   Number         0  stm32f7xx_hal_i2c_ex.o ABSOLUTE
    ..\Drivers\STM32F7xx_HAL_Driver\Src\stm32f7xx_hal_pwr.c 0x00000000   Number         0  stm32f7xx_hal_pwr.o ABSOLUTE
    ..\Drivers\STM32F7xx_HAL_Driver\Src\stm32f7xx_hal_pwr_ex.c 0x00000000   Number         0  stm32f7xx_hal_pwr_ex.o ABSOLUTE
    ..\Drivers\STM32F7xx_HAL_Driver\Src\stm32f7xx_hal_rcc.c 0x00000000   Number         0  stm32f7xx_hal_rcc.o ABSOLUTE
    ..\Drivers\STM32F7xx_HAL_Driver\Src\stm32f7xx_hal_rcc_ex.c 0x00000000   Number         0  stm32f7xx_hal_rcc_ex.o ABSOLUTE
    ..\Drivers\STM32F7xx_HAL_Driver\Src\stm32f7xx_hal_spi.c 0x00000000   Number         0  stm32f7xx_hal_spi.o ABSOLUTE
    ..\Drivers\STM32F7xx_HAL_Driver\Src\stm32f7xx_hal_tim.c 0x00000000   Number         0  stm32f7xx_hal_tim.o ABSOLUTE
    ..\Drivers\STM32F7xx_HAL_Driver\Src\stm32f7xx_hal_tim_ex.c 0x00000000   Number         0  stm32f7xx_hal_tim_ex.o ABSOLUTE
    ..\Drivers\STM32F7xx_HAL_Driver\Src\stm32f7xx_hal_uart.c 0x00000000   Number         0  stm32f7xx_hal_uart.o ABSOLUTE
    ..\Src\IOControl.c                       0x00000000   Number         0  iocontrol.o ABSOLUTE
    ..\Src\RS485Loop.c                       0x00000000   Number         0  rs485loop.o ABSOLUTE
    ..\Src\Ultrasonic.c                      0x00000000   Number         0  ultrasonic.o ABSOLUTE
    ..\Src\eleWeight.c                       0x00000000   Number         0  eleweight.o ABSOLUTE
    ..\Src\main.c                            0x00000000   Number         0  main.o ABSOLUTE
    ..\Src\stm32f7xx_hal_msp.c               0x00000000   Number         0  stm32f7xx_hal_msp.o ABSOLUTE
    ..\Src\stm32f7xx_it.c                    0x00000000   Number         0  stm32f7xx_it.o ABSOLUTE
    ..\Src\system_stm32f7xx.c                0x00000000   Number         0  system_stm32f7xx.o ABSOLUTE
    ..\Src\tcpServer.c                       0x00000000   Number         0  tcpserver.o ABSOLUTE
    ..\\Src\\IOControl.c                     0x00000000   Number         0  iocontrol.o ABSOLUTE
    ..\\Src\\RS485Loop.c                     0x00000000   Number         0  rs485loop.o ABSOLUTE
    ..\\Src\\Ultrasonic.c                    0x00000000   Number         0  ultrasonic.o ABSOLUTE
    ..\\Src\\eleWeight.c                     0x00000000   Number         0  eleweight.o ABSOLUTE
    ..\\Src\\tcpServer.c                     0x00000000   Number         0  tcpserver.o ABSOLUTE
    cdrcmple.s                               0x00000000   Number         0  cdrcmple.o ABSOLUTE
    dc.s                                     0x00000000   Number         0  dc.o ABSOLUTE
    handlers.s                               0x00000000   Number         0  handlers.o ABSOLUTE
    init.s                                   0x00000000   Number         0  init.o ABSOLUTE
    startup_stm32f767xx.s                    0x00000000   Number         0  startup_stm32f767xx.o ABSOLUTE
    RESET                                    0x08000000   Section      504  startup_stm32f767xx.o(RESET)
    .ARM.Collect$$$$00000000                 0x080001f8   Section        0  entry.o(.ARM.Collect$$$$00000000)
    .ARM.Collect$$$$00000001                 0x080001f8   Section        4  entry2.o(.ARM.Collect$$$$00000001)
    .ARM.Collect$$$$00000004                 0x080001fc   Section        4  entry5.o(.ARM.Collect$$$$00000004)
    .ARM.Collect$$$$00000008                 0x08000200   Section        0  entry7b.o(.ARM.Collect$$$$00000008)
    .ARM.Collect$$$$0000000A                 0x08000200   Section        0  entry8b.o(.ARM.Collect$$$$0000000A)
    .ARM.Collect$$$$0000000B                 0x08000200   Section        8  entry9a.o(.ARM.Collect$$$$0000000B)
    .ARM.Collect$$$$0000000D                 0x08000208   Section        0  entry10a.o(.ARM.Collect$$$$0000000D)
    .ARM.Collect$$$$0000000F                 0x08000208   Section        0  entry11a.o(.ARM.Collect$$$$0000000F)
    .ARM.Collect$$$$00002712                 0x08000208   Section        4  entry2.o(.ARM.Collect$$$$00002712)
    __lit__00000000                          0x08000208   Data           4  entry2.o(.ARM.Collect$$$$00002712)
    .text                                    0x0800020c   Section       36  startup_stm32f767xx.o(.text)
    $v0                                      0x0800020c   Number         0  startup_stm32f767xx.o(.text)
    .text                                    0x08000230   Section        0  strcat.o(.text)
    .text                                    0x08000248   Section        0  strlen.o(.text)
    .text                                    0x08000256   Section        0  uidiv.o(.text)
    .text                                    0x08000282   Section        0  uldiv.o(.text)
    .text                                    0x080002e4   Section        0  iusefp.o(.text)
    .text                                    0x080002e4   Section        0  dadd.o(.text)
    .text                                    0x08000432   Section        0  dmul.o(.text)
    .text                                    0x08000516   Section        0  ddiv.o(.text)
    .text                                    0x080005f4   Section        0  dfixul.o(.text)
    .text                                    0x08000624   Section       48  cdrcmple.o(.text)
    .text                                    0x08000654   Section       36  init.o(.text)
    .text                                    0x08000678   Section        0  llshl.o(.text)
    .text                                    0x08000696   Section        0  llushr.o(.text)
    .text                                    0x080006b6   Section        0  llsshr.o(.text)
    .text                                    0x080006da   Section        0  depilogue.o(.text)
    i.BusFault_Handler                       0x08000794   Section        0  stm32f7xx_it.o(i.BusFault_Handler)
    i.CRCCodeTest                            0x08000798   Section        0  rs485loop.o(i.CRCCodeTest)
    i.DebugMon_Handler                       0x080007c0   Section        0  stm32f7xx_it.o(i.DebugMon_Handler)
    i.GetWeightValue                         0x080007c4   Section        0  eleweight.o(i.GetWeightValue)
    i.HAL_DMA_Abort_IT                       0x080007e4   Section        0  stm32f7xx_hal_dma.o(i.HAL_DMA_Abort_IT)
    i.HAL_Delay                              0x08000808   Section        0  stm32f7xx_hal.o(i.HAL_Delay)
    i.HAL_GPIO_Init                          0x08000820   Section        0  stm32f7xx_hal_gpio.o(i.HAL_GPIO_Init)
    i.HAL_GPIO_WritePin                      0x080009f8   Section        0  stm32f7xx_hal_gpio.o(i.HAL_GPIO_WritePin)
    i.HAL_GetTick                            0x08000a04   Section        0  stm32f7xx_hal.o(i.HAL_GetTick)
    i.HAL_IncTick                            0x08000a10   Section        0  stm32f7xx_hal.o(i.HAL_IncTick)
    i.HAL_Init                               0x08000a20   Section        0  stm32f7xx_hal.o(i.HAL_Init)
    i.HAL_InitTick                           0x08000a38   Section        0  stm32f7xx_hal.o(i.HAL_InitTick)
    i.HAL_MspInit                            0x08000a60   Section        0  stm32f7xx_hal_msp.o(i.HAL_MspInit)
    i.HAL_NVIC_EnableIRQ                     0x08000ab8   Section        0  stm32f7xx_hal_cortex.o(i.HAL_NVIC_EnableIRQ)
    i.HAL_NVIC_SetPriority                   0x08000ad0   Section        0  stm32f7xx_hal_cortex.o(i.HAL_NVIC_SetPriority)
    i.HAL_NVIC_SetPriorityGrouping           0x08000b10   Section        0  stm32f7xx_hal_cortex.o(i.HAL_NVIC_SetPriorityGrouping)
    i.HAL_RCCEx_PeriphCLKConfig              0x08000b34   Section        0  stm32f7xx_hal_rcc_ex.o(i.HAL_RCCEx_PeriphCLKConfig)
    i.HAL_RCC_CSSCallback                    0x08001250   Section        0  stm32f7xx_hal_rcc.o(i.HAL_RCC_CSSCallback)
    i.HAL_RCC_ClockConfig                    0x08001254   Section        0  stm32f7xx_hal_rcc.o(i.HAL_RCC_ClockConfig)
    i.HAL_RCC_EnableCSS                      0x080013b8   Section        0  stm32f7xx_hal_rcc.o(i.HAL_RCC_EnableCSS)
    i.HAL_RCC_GetHCLKFreq                    0x080013c8   Section        0  stm32f7xx_hal_rcc.o(i.HAL_RCC_GetHCLKFreq)
    i.HAL_RCC_GetPCLK1Freq                   0x080013d4   Section        0  stm32f7xx_hal_rcc.o(i.HAL_RCC_GetPCLK1Freq)
    i.HAL_RCC_GetPCLK2Freq                   0x08001404   Section        0  stm32f7xx_hal_rcc.o(i.HAL_RCC_GetPCLK2Freq)
    i.HAL_RCC_GetSysClockFreq                0x08001434   Section        0  stm32f7xx_hal_rcc.o(i.HAL_RCC_GetSysClockFreq)
    i.HAL_RCC_NMI_IRQHandler                 0x080014b8   Section        0  stm32f7xx_hal_rcc.o(i.HAL_RCC_NMI_IRQHandler)
    i.HAL_RCC_OscConfig                      0x080014d4   Section        0  stm32f7xx_hal_rcc_ex.o(i.HAL_RCC_OscConfig)
    i.HAL_SPI_Init                           0x0800180c   Section        0  stm32f7xx_hal_spi.o(i.HAL_SPI_Init)
    i.HAL_SPI_MspInit                        0x080018bc   Section        0  stm32f7xx_hal_msp.o(i.HAL_SPI_MspInit)
    i.HAL_SYSTICK_CLKSourceConfig            0x08001904   Section        0  stm32f7xx_hal_cortex.o(i.HAL_SYSTICK_CLKSourceConfig)
    i.HAL_SYSTICK_Callback                   0x0800191c   Section        0  stm32f7xx_hal_cortex.o(i.HAL_SYSTICK_Callback)
    i.HAL_SYSTICK_Config                     0x0800191e   Section        0  stm32f7xx_hal_cortex.o(i.HAL_SYSTICK_Config)
    i.HAL_SYSTICK_IRQHandler                 0x08001944   Section        0  stm32f7xx_hal_cortex.o(i.HAL_SYSTICK_IRQHandler)
    i.HAL_UART_ErrorCallback                 0x0800194c   Section        0  stm32f7xx_hal_uart.o(i.HAL_UART_ErrorCallback)
    i.HAL_UART_IRQHandler                    0x08001950   Section        0  stm32f7xx_hal_uart.o(i.HAL_UART_IRQHandler)
    i.HAL_UART_Init                          0x08001ac8   Section        0  stm32f7xx_hal_uart.o(i.HAL_UART_Init)
    i.HAL_UART_MspInit                       0x08001b34   Section        0  stm32f7xx_hal_msp.o(i.HAL_UART_MspInit)
    i.HAL_UART_Receive                       0x08001c5c   Section        0  stm32f7xx_hal_uart.o(i.HAL_UART_Receive)
    i.HAL_UART_RxCpltCallback                0x08001d42   Section        0  stm32f7xx_hal_uart.o(i.HAL_UART_RxCpltCallback)
    i.HAL_UART_Transmit                      0x08001d44   Section        0  stm32f7xx_hal_uart.o(i.HAL_UART_Transmit)
    i.HAL_UART_TxCpltCallback                0x08001dfa   Section        0  stm32f7xx_hal_uart.o(i.HAL_UART_TxCpltCallback)
    i.HardFault_Handler                      0x08001dfc   Section        0  stm32f7xx_it.o(i.HardFault_Handler)
    i.MX_GPIO_Init                           0x08001e00   Section        0  main.o(i.MX_GPIO_Init)
    MX_GPIO_Init                             0x08001e01   Thumb Code   246  main.o(i.MX_GPIO_Init)
    i.MX_SPI2_Init                           0x08001f08   Section        0  main.o(i.MX_SPI2_Init)
    MX_SPI2_Init                             0x08001f09   Thumb Code    62  main.o(i.MX_SPI2_Init)
    i.MX_UART4_Init                          0x08001f50   Section        0  main.o(i.MX_UART4_Init)
    MX_UART4_Init                            0x08001f51   Thumb Code    46  main.o(i.MX_UART4_Init)
    i.MX_UART5_Init                          0x08001f88   Section        0  main.o(i.MX_UART5_Init)
    MX_UART5_Init                            0x08001f89   Thumb Code    46  main.o(i.MX_UART5_Init)
    i.MX_UART7_Init                          0x08001fc0   Section        0  main.o(i.MX_UART7_Init)
    MX_UART7_Init                            0x08001fc1   Thumb Code    46  main.o(i.MX_UART7_Init)
    i.MX_USART1_UART_Init                    0x08001ff8   Section        0  main.o(i.MX_USART1_UART_Init)
    MX_USART1_UART_Init                      0x08001ff9   Thumb Code    48  main.o(i.MX_USART1_UART_Init)
    i.MX_USART2_UART_Init                    0x08002030   Section        0  main.o(i.MX_USART2_UART_Init)
    MX_USART2_UART_Init                      0x08002031   Thumb Code    48  main.o(i.MX_USART2_UART_Init)
    i.MX_USART3_UART_Init                    0x08002068   Section        0  main.o(i.MX_USART3_UART_Init)
    MX_USART3_UART_Init                      0x08002069   Thumb Code    46  main.o(i.MX_USART3_UART_Init)
    i.MemManage_Handler                      0x080020a0   Section        0  stm32f7xx_it.o(i.MemManage_Handler)
    i.NMI_Handler                            0x080020a2   Section        0  stm32f7xx_it.o(i.NMI_Handler)
    i.NVIC_SetPriority                       0x080020a6   Section        0  stm32f7xx_hal_cortex.o(i.NVIC_SetPriority)
    NVIC_SetPriority                         0x080020a7   Thumb Code    34  stm32f7xx_hal_cortex.o(i.NVIC_SetPriority)
    i.PendSV_Handler                         0x080020c8   Section        0  stm32f7xx_it.o(i.PendSV_Handler)
    i.SVC_Handler                            0x080020ca   Section        0  stm32f7xx_it.o(i.SVC_Handler)
    i.StopInverter                           0x080020cc   Section        0  rs485loop.o(i.StopInverter)
    i.SysTick_Handler                        0x08002104   Section        0  stm32f7xx_it.o(i.SysTick_Handler)
    i.SystemClock_Config                     0x08002114   Section        0  main.o(i.SystemClock_Config)
    i.SystemInit                             0x080021d4   Section        0  system_stm32f7xx.o(i.SystemInit)
    i.UART4_IRQHandler                       0x08002228   Section        0  stm32f7xx_it.o(i.UART4_IRQHandler)
    i.UART5_IRQHandler                       0x08002234   Section        0  stm32f7xx_it.o(i.UART5_IRQHandler)
    i.UART7_IRQHandler                       0x08002240   Section        0  stm32f7xx_it.o(i.UART7_IRQHandler)
    i.UART_AdvFeatureConfig                  0x0800224c   Section        0  stm32f7xx_hal_uart.o(i.UART_AdvFeatureConfig)
    i.UART_CheckIdleState                    0x08002314   Section        0  stm32f7xx_hal_uart.o(i.UART_CheckIdleState)
    i.UART_DMAAbortOnError                   0x08002370   Section        0  stm32f7xx_hal_uart.o(i.UART_DMAAbortOnError)
    UART_DMAAbortOnError                     0x08002371   Thumb Code    20  stm32f7xx_hal_uart.o(i.UART_DMAAbortOnError)
    i.UART_EndRxTransfer                     0x08002384   Section        0  stm32f7xx_hal_uart.o(i.UART_EndRxTransfer)
    UART_EndRxTransfer                       0x08002385   Thumb Code    28  stm32f7xx_hal_uart.o(i.UART_EndRxTransfer)
    i.UART_Receive_IT                        0x080023a0   Section        0  stm32f7xx_hal_uart.o(i.UART_Receive_IT)
    UART_Receive_IT                          0x080023a1   Thumb Code   120  stm32f7xx_hal_uart.o(i.UART_Receive_IT)
    i.UART_SetConfig                         0x08002418   Section        0  stm32f7xx_hal_uart.o(i.UART_SetConfig)
    i.UART_WaitOnFlagUntilTimeout            0x08002670   Section        0  stm32f7xx_hal_uart.o(i.UART_WaitOnFlagUntilTimeout)
    i.USART2_IRQHandler                      0x080026d4   Section        0  stm32f7xx_it.o(i.USART2_IRQHandler)
    i.USART3_IRQHandler                      0x080026e0   Section        0  stm32f7xx_it.o(i.USART3_IRQHandler)
    i.UsageFault_Handler                     0x080026ec   Section        0  stm32f7xx_it.o(i.UsageFault_Handler)
    i.__0sprintf                             0x080026f0   Section        0  printfa.o(i.__0sprintf)
    i.__scatterload_copy                     0x08002718   Section       14  handlers.o(i.__scatterload_copy)
    i.__scatterload_null                     0x08002726   Section        2  handlers.o(i.__scatterload_null)
    i.__scatterload_zeroinit                 0x08002728   Section       14  handlers.o(i.__scatterload_zeroinit)
    i._fp_digits                             0x08002738   Section        0  printfa.o(i._fp_digits)
    _fp_digits                               0x08002739   Thumb Code   366  printfa.o(i._fp_digits)
    i._printf_core                           0x080028bc   Section        0  printfa.o(i._printf_core)
    _printf_core                             0x080028bd   Thumb Code  1744  printfa.o(i._printf_core)
    i._printf_post_padding                   0x08002f98   Section        0  printfa.o(i._printf_post_padding)
    _printf_post_padding                     0x08002f99   Thumb Code    36  printfa.o(i._printf_post_padding)
    i._printf_pre_padding                    0x08002fbc   Section        0  printfa.o(i._printf_pre_padding)
    _printf_pre_padding                      0x08002fbd   Thumb Code    46  printfa.o(i._printf_pre_padding)
    i._sputc                                 0x08002fea   Section        0  printfa.o(i._sputc)
    _sputc                                   0x08002feb   Thumb Code    10  printfa.o(i._sputc)
    i.analyWeightValue                       0x08002ff4   Section        0  eleweight.o(i.analyWeightValue)
    i.loopWeight                             0x080030c0   Section        0  eleweight.o(i.loopWeight)
    i.main                                   0x08003120   Section        0  main.o(i.main)
    i.sendData                               0x080031b8   Section        0  tcpserver.o(i.sendData)
    i.setRelayState                          0x080031dc   Section        0  iocontrol.o(i.setRelayState)
    .constdata                               0x08003214   Section       16  system_stm32f7xx.o(.constdata)
    .constdata                               0x08003224   Section        8  system_stm32f7xx.o(.constdata)
    .constdata                               0x0800322c   Section       15  eleweight.o(.constdata)
    .data                                    0x20000000   Section        4  stm32f7xx_hal.o(.data)
    .data                                    0x20000004   Section        4  system_stm32f7xx.o(.data)
    .data                                    0x20000008   Section      520  rs485loop.o(.data)
    wCRCTable                                0x20000010   Data         512  rs485loop.o(.data)
    .bss                                     0x20000210   Section      812  main.o(.bss)
    STACK                                    0x20000540   Section     1024  startup_stm32f767xx.o(STACK)

    Global Symbols

    Symbol Name                              Value     Ov Type        Size  Object(Section)

    BuildAttributes$$THM_ISAv4$E$P$D$K$B$S$7EM$VFPv5_D16$PE$PLD8$A:L22UL41UL21$X:L11$S22US41US21$IEEE1$IW$USESV6$~STKCKD$USESV7$~SHL$OTIME$ROPI$IEEEJ$EBA8$MICROLIB$REQ8$PRES8$EABIv2 0x00000000   Number         0  anon$$obj.o ABSOLUTE
    __ARM_use_no_argv                        0x00000000   Number         0  main.o ABSOLUTE
    _printf_a                                0x00000000   Number         0  stubs.o ABSOLUTE
    _printf_c                                0x00000000   Number         0  stubs.o ABSOLUTE
    _printf_charcount                        0x00000000   Number         0  stubs.o ABSOLUTE
    _printf_d                                0x00000000   Number         0  stubs.o ABSOLUTE
    _printf_e                                0x00000000   Number         0  stubs.o ABSOLUTE
    _printf_f                                0x00000000   Number         0  stubs.o ABSOLUTE
    _printf_flags                            0x00000000   Number         0  stubs.o ABSOLUTE
    _printf_fp_dec                           0x00000000   Number         0  stubs.o ABSOLUTE
    _printf_fp_hex                           0x00000000   Number         0  stubs.o ABSOLUTE
    _printf_g                                0x00000000   Number         0  stubs.o ABSOLUTE
    _printf_i                                0x00000000   Number         0  stubs.o ABSOLUTE
    _printf_int_dec                          0x00000000   Number         0  stubs.o ABSOLUTE
    _printf_l                                0x00000000   Number         0  stubs.o ABSOLUTE
    _printf_lc                               0x00000000   Number         0  stubs.o ABSOLUTE
    _printf_ll                               0x00000000   Number         0  stubs.o ABSOLUTE
    _printf_lld                              0x00000000   Number         0  stubs.o ABSOLUTE
    _printf_lli                              0x00000000   Number         0  stubs.o ABSOLUTE
    _printf_llo                              0x00000000   Number         0  stubs.o ABSOLUTE
    _printf_llu                              0x00000000   Number         0  stubs.o ABSOLUTE
    _printf_llx                              0x00000000   Number         0  stubs.o ABSOLUTE
    _printf_longlong_dec                     0x00000000   Number         0  stubs.o ABSOLUTE
    _printf_longlong_hex                     0x00000000   Number         0  stubs.o ABSOLUTE
    _printf_longlong_oct                     0x00000000   Number         0  stubs.o ABSOLUTE
    _printf_ls                               0x00000000   Number         0  stubs.o ABSOLUTE
    _printf_mbtowc                           0x00000000   Number         0  stubs.o ABSOLUTE
    _printf_n                                0x00000000   Number         0  stubs.o ABSOLUTE
    _printf_o                                0x00000000   Number         0  stubs.o ABSOLUTE
    _printf_p                                0x00000000   Number         0  stubs.o ABSOLUTE
    _printf_percent                          0x00000000   Number         0  stubs.o ABSOLUTE
    _printf_pre_padding                      0x00000000   Number         0  stubs.o ABSOLUTE
    _printf_return_value                     0x00000000   Number         0  stubs.o ABSOLUTE
    _printf_s                                0x00000000   Number         0  stubs.o ABSOLUTE
    _printf_sizespec                         0x00000000   Number         0  stubs.o ABSOLUTE
    _printf_str                              0x00000000   Number         0  stubs.o ABSOLUTE
    _printf_truncate_signed                  0x00000000   Number         0  stubs.o ABSOLUTE
    _printf_truncate_unsigned                0x00000000   Number         0  stubs.o ABSOLUTE
    _printf_u                                0x00000000   Number         0  stubs.o ABSOLUTE
    _printf_wc                               0x00000000   Number         0  stubs.o ABSOLUTE
    _printf_wctomb                           0x00000000   Number         0  stubs.o ABSOLUTE
    _printf_widthprec                        0x00000000   Number         0  stubs.o ABSOLUTE
    _printf_x                                0x00000000   Number         0  stubs.o ABSOLUTE
    __cpp_initialize__aeabi_                  - Undefined Weak Reference
    __cxa_finalize                            - Undefined Weak Reference
    __decompress                              - Undefined Weak Reference
    _clock_init                               - Undefined Weak Reference
    _microlib_exit                            - Undefined Weak Reference
    __Vectors_Size                           0x000001f8   Number         0  startup_stm32f767xx.o ABSOLUTE
    __Vectors                                0x08000000   Data           4  startup_stm32f767xx.o(RESET)
    __Vectors_End                            0x080001f8   Data           0  startup_stm32f767xx.o(RESET)
    __main                                   0x080001f9   Thumb Code     0  entry.o(.ARM.Collect$$$$00000000)
    _main_stk                                0x080001f9   Thumb Code     0  entry2.o(.ARM.Collect$$$$00000001)
    _main_scatterload                        0x080001fd   Thumb Code     0  entry5.o(.ARM.Collect$$$$00000004)
    __main_after_scatterload                 0x08000201   Thumb Code     0  entry5.o(.ARM.Collect$$$$00000004)
    _main_clock                              0x08000201   Thumb Code     0  entry7b.o(.ARM.Collect$$$$00000008)
    _main_cpp_init                           0x08000201   Thumb Code     0  entry8b.o(.ARM.Collect$$$$0000000A)
    _main_init                               0x08000201   Thumb Code     0  entry9a.o(.ARM.Collect$$$$0000000B)
    __rt_final_cpp                           0x08000209   Thumb Code     0  entry10a.o(.ARM.Collect$$$$0000000D)
    __rt_final_exit                          0x08000209   Thumb Code     0  entry11a.o(.ARM.Collect$$$$0000000F)
    Reset_Handler                            0x0800020d   Thumb Code     8  startup_stm32f767xx.o(.text)
    ADC_IRQHandler                           0x08000227   Thumb Code     0  startup_stm32f767xx.o(.text)
    CAN1_RX0_IRQHandler                      0x08000227   Thumb Code     0  startup_stm32f767xx.o(.text)
    CAN1_RX1_IRQHandler                      0x08000227   Thumb Code     0  startup_stm32f767xx.o(.text)
    CAN1_SCE_IRQHandler                      0x08000227   Thumb Code     0  startup_stm32f767xx.o(.text)
    CAN1_TX_IRQHandler                       0x08000227   Thumb Code     0  startup_stm32f767xx.o(.text)
    CAN2_RX0_IRQHandler                      0x08000227   Thumb Code     0  startup_stm32f767xx.o(.text)
    CAN2_RX1_IRQHandler                      0x08000227   Thumb Code     0  startup_stm32f767xx.o(.text)
    CAN2_SCE_IRQHandler                      0x08000227   Thumb Code     0  startup_stm32f767xx.o(.text)
    CAN2_TX_IRQHandler                       0x08000227   Thumb Code     0  startup_stm32f767xx.o(.text)
    CAN3_RX0_IRQHandler                      0x08000227   Thumb Code     0  startup_stm32f767xx.o(.text)
    CAN3_RX1_IRQHandler                      0x08000227   Thumb Code     0  startup_stm32f767xx.o(.text)
    CAN3_SCE_IRQHandler                      0x08000227   Thumb Code     0  startup_stm32f767xx.o(.text)
    CAN3_TX_IRQHandler                       0x08000227   Thumb Code     0  startup_stm32f767xx.o(.text)
    CEC_IRQHandler                           0x08000227   Thumb Code     0  startup_stm32f767xx.o(.text)
    DCMI_IRQHandler                          0x08000227   Thumb Code     0  startup_stm32f767xx.o(.text)
    DFSDM1_FLT0_IRQHandler                   0x08000227   Thumb Code     0  startup_stm32f767xx.o(.text)
    DFSDM1_FLT1_IRQHandler                   0x08000227   Thumb Code     0  startup_stm32f767xx.o(.text)
    DFSDM1_FLT2_IRQHandler                   0x08000227   Thumb Code     0  startup_stm32f767xx.o(.text)
    DFSDM1_FLT3_IRQHandler                   0x08000227   Thumb Code     0  startup_stm32f767xx.o(.text)
    DMA1_Stream0_IRQHandler                  0x08000227   Thumb Code     0  startup_stm32f767xx.o(.text)
    DMA1_Stream1_IRQHandler                  0x08000227   Thumb Code     0  startup_stm32f767xx.o(.text)
    DMA1_Stream2_IRQHandler                  0x08000227   Thumb Code     0  startup_stm32f767xx.o(.text)
    DMA1_Stream3_IRQHandler                  0x08000227   Thumb Code     0  startup_stm32f767xx.o(.text)
    DMA1_Stream4_IRQHandler                  0x08000227   Thumb Code     0  startup_stm32f767xx.o(.text)
    DMA1_Stream5_IRQHandler                  0x08000227   Thumb Code     0  startup_stm32f767xx.o(.text)
    DMA1_Stream6_IRQHandler                  0x08000227   Thumb Code     0  startup_stm32f767xx.o(.text)
    DMA1_Stream7_IRQHandler                  0x08000227   Thumb Code     0  startup_stm32f767xx.o(.text)
    DMA2D_IRQHandler                         0x08000227   Thumb Code     0  startup_stm32f767xx.o(.text)
    DMA2_Stream0_IRQHandler                  0x08000227   Thumb Code     0  startup_stm32f767xx.o(.text)
    DMA2_Stream1_IRQHandler                  0x08000227   Thumb Code     0  startup_stm32f767xx.o(.text)
    DMA2_Stream2_IRQHandler                  0x08000227   Thumb Code     0  startup_stm32f767xx.o(.text)
    DMA2_Stream3_IRQHandler                  0x08000227   Thumb Code     0  startup_stm32f767xx.o(.text)
    DMA2_Stream4_IRQHandler                  0x08000227   Thumb Code     0  startup_stm32f767xx.o(.text)
    DMA2_Stream5_IRQHandler                  0x08000227   Thumb Code     0  startup_stm32f767xx.o(.text)
    DMA2_Stream6_IRQHandler                  0x08000227   Thumb Code     0  startup_stm32f767xx.o(.text)
    DMA2_Stream7_IRQHandler                  0x08000227   Thumb Code     0  startup_stm32f767xx.o(.text)
    ETH_IRQHandler                           0x08000227   Thumb Code     0  startup_stm32f767xx.o(.text)
    ETH_WKUP_IRQHandler                      0x08000227   Thumb Code     0  startup_stm32f767xx.o(.text)
    EXTI0_IRQHandler                         0x08000227   Thumb Code     0  startup_stm32f767xx.o(.text)
    EXTI15_10_IRQHandler                     0x08000227   Thumb Code     0  startup_stm32f767xx.o(.text)
    EXTI1_IRQHandler                         0x08000227   Thumb Code     0  startup_stm32f767xx.o(.text)
    EXTI2_IRQHandler                         0x08000227   Thumb Code     0  startup_stm32f767xx.o(.text)
    EXTI3_IRQHandler                         0x08000227   Thumb Code     0  startup_stm32f767xx.o(.text)
    EXTI4_IRQHandler                         0x08000227   Thumb Code     0  startup_stm32f767xx.o(.text)
    EXTI9_5_IRQHandler                       0x08000227   Thumb Code     0  startup_stm32f767xx.o(.text)
    FLASH_IRQHandler                         0x08000227   Thumb Code     0  startup_stm32f767xx.o(.text)
    FMC_IRQHandler                           0x08000227   Thumb Code     0  startup_stm32f767xx.o(.text)
    FPU_IRQHandler                           0x08000227   Thumb Code     0  startup_stm32f767xx.o(.text)
    I2C1_ER_IRQHandler                       0x08000227   Thumb Code     0  startup_stm32f767xx.o(.text)
    I2C1_EV_IRQHandler                       0x08000227   Thumb Code     0  startup_stm32f767xx.o(.text)
    I2C2_ER_IRQHandler                       0x08000227   Thumb Code     0  startup_stm32f767xx.o(.text)
    I2C2_EV_IRQHandler                       0x08000227   Thumb Code     0  startup_stm32f767xx.o(.text)
    I2C3_ER_IRQHandler                       0x08000227   Thumb Code     0  startup_stm32f767xx.o(.text)
    I2C3_EV_IRQHandler                       0x08000227   Thumb Code     0  startup_stm32f767xx.o(.text)
    I2C4_ER_IRQHandler                       0x08000227   Thumb Code     0  startup_stm32f767xx.o(.text)
    I2C4_EV_IRQHandler                       0x08000227   Thumb Code     0  startup_stm32f767xx.o(.text)
    JPEG_IRQHandler                          0x08000227   Thumb Code     0  startup_stm32f767xx.o(.text)
    LPTIM1_IRQHandler                        0x08000227   Thumb Code     0  startup_stm32f767xx.o(.text)
    LTDC_ER_IRQHandler                       0x08000227   Thumb Code     0  startup_stm32f767xx.o(.text)
    LTDC_IRQHandler                          0x08000227   Thumb Code     0  startup_stm32f767xx.o(.text)
    MDIOS_IRQHandler                         0x08000227   Thumb Code     0  startup_stm32f767xx.o(.text)
    OTG_FS_IRQHandler                        0x08000227   Thumb Code     0  startup_stm32f767xx.o(.text)
    OTG_FS_WKUP_IRQHandler                   0x08000227   Thumb Code     0  startup_stm32f767xx.o(.text)
    OTG_HS_EP1_IN_IRQHandler                 0x08000227   Thumb Code     0  startup_stm32f767xx.o(.text)
    OTG_HS_EP1_OUT_IRQHandler                0x08000227   Thumb Code     0  startup_stm32f767xx.o(.text)
    OTG_HS_IRQHandler                        0x08000227   Thumb Code     0  startup_stm32f767xx.o(.text)
    OTG_HS_WKUP_IRQHandler                   0x08000227   Thumb Code     0  startup_stm32f767xx.o(.text)
    PVD_IRQHandler                           0x08000227   Thumb Code     0  startup_stm32f767xx.o(.text)
    QUADSPI_IRQHandler                       0x08000227   Thumb Code     0  startup_stm32f767xx.o(.text)
    RCC_IRQHandler                           0x08000227   Thumb Code     0  startup_stm32f767xx.o(.text)
    RNG_IRQHandler                           0x08000227   Thumb Code     0  startup_stm32f767xx.o(.text)
    RTC_Alarm_IRQHandler                     0x08000227   Thumb Code     0  startup_stm32f767xx.o(.text)
    RTC_WKUP_IRQHandler                      0x08000227   Thumb Code     0  startup_stm32f767xx.o(.text)
    SAI1_IRQHandler                          0x08000227   Thumb Code     0  startup_stm32f767xx.o(.text)
    SAI2_IRQHandler                          0x08000227   Thumb Code     0  startup_stm32f767xx.o(.text)
    SDMMC1_IRQHandler                        0x08000227   Thumb Code     0  startup_stm32f767xx.o(.text)
    SDMMC2_IRQHandler                        0x08000227   Thumb Code     0  startup_stm32f767xx.o(.text)
    SPDIF_RX_IRQHandler                      0x08000227   Thumb Code     0  startup_stm32f767xx.o(.text)
    SPI1_IRQHandler                          0x08000227   Thumb Code     0  startup_stm32f767xx.o(.text)
    SPI2_IRQHandler                          0x08000227   Thumb Code     0  startup_stm32f767xx.o(.text)
    SPI3_IRQHandler                          0x08000227   Thumb Code     0  startup_stm32f767xx.o(.text)
    SPI4_IRQHandler                          0x08000227   Thumb Code     0  startup_stm32f767xx.o(.text)
    SPI5_IRQHandler                          0x08000227   Thumb Code     0  startup_stm32f767xx.o(.text)
    SPI6_IRQHandler                          0x08000227   Thumb Code     0  startup_stm32f767xx.o(.text)
    TAMP_STAMP_IRQHandler                    0x08000227   Thumb Code     0  startup_stm32f767xx.o(.text)
    TIM1_BRK_TIM9_IRQHandler                 0x08000227   Thumb Code     0  startup_stm32f767xx.o(.text)
    TIM1_CC_IRQHandler                       0x08000227   Thumb Code     0  startup_stm32f767xx.o(.text)
    TIM1_TRG_COM_TIM11_IRQHandler            0x08000227   Thumb Code     0  startup_stm32f767xx.o(.text)
    TIM1_UP_TIM10_IRQHandler                 0x08000227   Thumb Code     0  startup_stm32f767xx.o(.text)
    TIM2_IRQHandler                          0x08000227   Thumb Code     0  startup_stm32f767xx.o(.text)
    TIM3_IRQHandler                          0x08000227   Thumb Code     0  startup_stm32f767xx.o(.text)
    TIM4_IRQHandler                          0x08000227   Thumb Code     0  startup_stm32f767xx.o(.text)
    TIM5_IRQHandler                          0x08000227   Thumb Code     0  startup_stm32f767xx.o(.text)
    TIM6_DAC_IRQHandler                      0x08000227   Thumb Code     0  startup_stm32f767xx.o(.text)
    TIM7_IRQHandler                          0x08000227   Thumb Code     0  startup_stm32f767xx.o(.text)
    TIM8_BRK_TIM12_IRQHandler                0x08000227   Thumb Code     0  startup_stm32f767xx.o(.text)
    TIM8_CC_IRQHandler                       0x08000227   Thumb Code     0  startup_stm32f767xx.o(.text)
    TIM8_TRG_COM_TIM14_IRQHandler            0x08000227   Thumb Code     0  startup_stm32f767xx.o(.text)
    TIM8_UP_TIM13_IRQHandler                 0x08000227   Thumb Code     0  startup_stm32f767xx.o(.text)
    UART8_IRQHandler                         0x08000227   Thumb Code     0  startup_stm32f767xx.o(.text)
    USART1_IRQHandler                        0x08000227   Thumb Code     0  startup_stm32f767xx.o(.text)
    USART6_IRQHandler                        0x08000227   Thumb Code     0  startup_stm32f767xx.o(.text)
    WWDG_IRQHandler                          0x08000227   Thumb Code     0  startup_stm32f767xx.o(.text)
    strcat                                   0x08000231   Thumb Code    24  strcat.o(.text)
    strlen                                   0x08000249   Thumb Code    14  strlen.o(.text)
    __aeabi_uidiv                            0x08000257   Thumb Code     0  uidiv.o(.text)
    __aeabi_uidivmod                         0x08000257   Thumb Code    44  uidiv.o(.text)
    __aeabi_uldivmod                         0x08000283   Thumb Code    98  uldiv.o(.text)
    __I$use$fp                               0x080002e5   Thumb Code     0  iusefp.o(.text)
    __aeabi_dadd                             0x080002e5   Thumb Code   322  dadd.o(.text)
    __aeabi_dsub                             0x08000427   Thumb Code     6  dadd.o(.text)
    __aeabi_drsub                            0x0800042d   Thumb Code     6  dadd.o(.text)
    __aeabi_dmul                             0x08000433   Thumb Code   228  dmul.o(.text)
    __aeabi_ddiv                             0x08000517   Thumb Code   222  ddiv.o(.text)
    __aeabi_d2ulz                            0x080005f5   Thumb Code    48  dfixul.o(.text)
    __aeabi_cdrcmple                         0x08000625   Thumb Code    48  cdrcmple.o(.text)
    __scatterload                            0x08000655   Thumb Code    28  init.o(.text)
    __scatterload_rt2                        0x08000655   Thumb Code     0  init.o(.text)
    __aeabi_llsl                             0x08000679   Thumb Code    30  llshl.o(.text)
    _ll_shift_l                              0x08000679   Thumb Code     0  llshl.o(.text)
    __aeabi_llsr                             0x08000697   Thumb Code    32  llushr.o(.text)
    _ll_ushift_r                             0x08000697   Thumb Code     0  llushr.o(.text)
    __aeabi_lasr                             0x080006b7   Thumb Code    36  llsshr.o(.text)
    _ll_sshift_r                             0x080006b7   Thumb Code     0  llsshr.o(.text)
    _double_round                            0x080006db   Thumb Code    30  depilogue.o(.text)
    _double_epilogue                         0x080006f9   Thumb Code   156  depilogue.o(.text)
    BusFault_Handler                         0x08000795   Thumb Code     2  stm32f7xx_it.o(i.BusFault_Handler)
    CRCCodeTest                              0x08000799   Thumb Code    34  rs485loop.o(i.CRCCodeTest)
    DebugMon_Handler                         0x080007c1   Thumb Code     2  stm32f7xx_it.o(i.DebugMon_Handler)
    GetWeightValue                           0x080007c5   Thumb Code    22  eleweight.o(i.GetWeightValue)
    HAL_DMA_Abort_IT                         0x080007e5   Thumb Code    36  stm32f7xx_hal_dma.o(i.HAL_DMA_Abort_IT)
    HAL_Delay                                0x08000809   Thumb Code    22  stm32f7xx_hal.o(i.HAL_Delay)
    HAL_GPIO_Init                            0x08000821   Thumb Code   418  stm32f7xx_hal_gpio.o(i.HAL_GPIO_Init)
    HAL_GPIO_WritePin                        0x080009f9   Thumb Code    10  stm32f7xx_hal_gpio.o(i.HAL_GPIO_WritePin)
    HAL_GetTick                              0x08000a05   Thumb Code     6  stm32f7xx_hal.o(i.HAL_GetTick)
    HAL_IncTick                              0x08000a11   Thumb Code    10  stm32f7xx_hal.o(i.HAL_IncTick)
    HAL_Init                                 0x08000a21   Thumb Code    22  stm32f7xx_hal.o(i.HAL_Init)
    HAL_InitTick                             0x08000a39   Thumb Code    34  stm32f7xx_hal.o(i.HAL_InitTick)
    HAL_MspInit                              0x08000a61   Thumb Code    88  stm32f7xx_hal_msp.o(i.HAL_MspInit)
    HAL_NVIC_EnableIRQ                       0x08000ab9   Thumb Code    22  stm32f7xx_hal_cortex.o(i.HAL_NVIC_EnableIRQ)
    HAL_NVIC_SetPriority                     0x08000ad1   Thumb Code    60  stm32f7xx_hal_cortex.o(i.HAL_NVIC_SetPriority)
    HAL_NVIC_SetPriorityGrouping             0x08000b11   Thumb Code    28  stm32f7xx_hal_cortex.o(i.HAL_NVIC_SetPriorityGrouping)
    HAL_RCCEx_PeriphCLKConfig                0x08000b35   Thumb Code  1816  stm32f7xx_hal_rcc_ex.o(i.HAL_RCCEx_PeriphCLKConfig)
    HAL_RCC_CSSCallback                      0x08001251   Thumb Code     2  stm32f7xx_hal_rcc.o(i.HAL_RCC_CSSCallback)
    HAL_RCC_ClockConfig                      0x08001255   Thumb Code   338  stm32f7xx_hal_rcc.o(i.HAL_RCC_ClockConfig)
    HAL_RCC_EnableCSS                        0x080013b9   Thumb Code    12  stm32f7xx_hal_rcc.o(i.HAL_RCC_EnableCSS)
    HAL_RCC_GetHCLKFreq                      0x080013c9   Thumb Code     6  stm32f7xx_hal_rcc.o(i.HAL_RCC_GetHCLKFreq)
    HAL_RCC_GetPCLK1Freq                     0x080013d5   Thumb Code    34  stm32f7xx_hal_rcc.o(i.HAL_RCC_GetPCLK1Freq)
    HAL_RCC_GetPCLK2Freq                     0x08001405   Thumb Code    34  stm32f7xx_hal_rcc.o(i.HAL_RCC_GetPCLK2Freq)
    HAL_RCC_GetSysClockFreq                  0x08001435   Thumb Code   120  stm32f7xx_hal_rcc.o(i.HAL_RCC_GetSysClockFreq)
    HAL_RCC_NMI_IRQHandler                   0x080014b9   Thumb Code    24  stm32f7xx_hal_rcc.o(i.HAL_RCC_NMI_IRQHandler)
    HAL_RCC_OscConfig                        0x080014d5   Thumb Code   814  stm32f7xx_hal_rcc_ex.o(i.HAL_RCC_OscConfig)
    HAL_SPI_Init                             0x0800180d   Thumb Code   174  stm32f7xx_hal_spi.o(i.HAL_SPI_Init)
    HAL_SPI_MspInit                          0x080018bd   Thumb Code    58  stm32f7xx_hal_msp.o(i.HAL_SPI_MspInit)
    HAL_SYSTICK_CLKSourceConfig              0x08001905   Thumb Code    24  stm32f7xx_hal_cortex.o(i.HAL_SYSTICK_CLKSourceConfig)
    HAL_SYSTICK_Callback                     0x0800191d   Thumb Code     2  stm32f7xx_hal_cortex.o(i.HAL_SYSTICK_Callback)
    HAL_SYSTICK_Config                       0x0800191f   Thumb Code    38  stm32f7xx_hal_cortex.o(i.HAL_SYSTICK_Config)
    HAL_SYSTICK_IRQHandler                   0x08001945   Thumb Code     8  stm32f7xx_hal_cortex.o(i.HAL_SYSTICK_IRQHandler)
    HAL_UART_ErrorCallback                   0x0800194d   Thumb Code     2  stm32f7xx_hal_uart.o(i.HAL_UART_ErrorCallback)
    HAL_UART_IRQHandler                      0x08001951   Thumb Code   372  stm32f7xx_hal_uart.o(i.HAL_UART_IRQHandler)
    HAL_UART_Init                            0x08001ac9   Thumb Code   106  stm32f7xx_hal_uart.o(i.HAL_UART_Init)
    HAL_UART_MspInit                         0x08001b35   Thumb Code   248  stm32f7xx_hal_msp.o(i.HAL_UART_MspInit)
    HAL_UART_Receive                         0x08001c5d   Thumb Code   230  stm32f7xx_hal_uart.o(i.HAL_UART_Receive)
    HAL_UART_RxCpltCallback                  0x08001d43   Thumb Code     2  stm32f7xx_hal_uart.o(i.HAL_UART_RxCpltCallback)
    HAL_UART_Transmit                        0x08001d45   Thumb Code   182  stm32f7xx_hal_uart.o(i.HAL_UART_Transmit)
    HAL_UART_TxCpltCallback                  0x08001dfb   Thumb Code     2  stm32f7xx_hal_uart.o(i.HAL_UART_TxCpltCallback)
    HardFault_Handler                        0x08001dfd   Thumb Code     2  stm32f7xx_it.o(i.HardFault_Handler)
    MemManage_Handler                        0x080020a1   Thumb Code     2  stm32f7xx_it.o(i.MemManage_Handler)
    NMI_Handler                              0x080020a3   Thumb Code     4  stm32f7xx_it.o(i.NMI_Handler)
    PendSV_Handler                           0x080020c9   Thumb Code     2  stm32f7xx_it.o(i.PendSV_Handler)
    SVC_Handler                              0x080020cb   Thumb Code     2  stm32f7xx_it.o(i.SVC_Handler)
    StopInverter                             0x080020cd   Thumb Code    44  rs485loop.o(i.StopInverter)
    SysTick_Handler                          0x08002105   Thumb Code    14  stm32f7xx_it.o(i.SysTick_Handler)
    SystemClock_Config                       0x08002115   Thumb Code   184  main.o(i.SystemClock_Config)
    SystemInit                               0x080021d5   Thumb Code    68  system_stm32f7xx.o(i.SystemInit)
    UART4_IRQHandler                         0x08002229   Thumb Code     6  stm32f7xx_it.o(i.UART4_IRQHandler)
    UART5_IRQHandler                         0x08002235   Thumb Code     6  stm32f7xx_it.o(i.UART5_IRQHandler)
    UART7_IRQHandler                         0x08002241   Thumb Code     6  stm32f7xx_it.o(i.UART7_IRQHandler)
    UART_AdvFeatureConfig                    0x0800224d   Thumb Code   200  stm32f7xx_hal_uart.o(i.UART_AdvFeatureConfig)
    UART_CheckIdleState                      0x08002315   Thumb Code    92  stm32f7xx_hal_uart.o(i.UART_CheckIdleState)
    UART_SetConfig                           0x08002419   Thumb Code   550  stm32f7xx_hal_uart.o(i.UART_SetConfig)
    UART_WaitOnFlagUntilTimeout              0x08002671   Thumb Code   100  stm32f7xx_hal_uart.o(i.UART_WaitOnFlagUntilTimeout)
    USART2_IRQHandler                        0x080026d5   Thumb Code     6  stm32f7xx_it.o(i.USART2_IRQHandler)
    USART3_IRQHandler                        0x080026e1   Thumb Code     6  stm32f7xx_it.o(i.USART3_IRQHandler)
    UsageFault_Handler                       0x080026ed   Thumb Code     2  stm32f7xx_it.o(i.UsageFault_Handler)
    __0sprintf                               0x080026f1   Thumb Code    34  printfa.o(i.__0sprintf)
    __1sprintf                               0x080026f1   Thumb Code     0  printfa.o(i.__0sprintf)
    __2sprintf                               0x080026f1   Thumb Code     0  printfa.o(i.__0sprintf)
    __c89sprintf                             0x080026f1   Thumb Code     0  printfa.o(i.__0sprintf)
    sprintf                                  0x080026f1   Thumb Code     0  printfa.o(i.__0sprintf)
    __scatterload_copy                       0x08002719   Thumb Code    14  handlers.o(i.__scatterload_copy)
    __scatterload_null                       0x08002727   Thumb Code     2  handlers.o(i.__scatterload_null)
    __scatterload_zeroinit                   0x08002729   Thumb Code    14  handlers.o(i.__scatterload_zeroinit)
    analyWeightValue                         0x08002ff5   Thumb Code   182  eleweight.o(i.analyWeightValue)
    loopWeight                               0x080030c1   Thumb Code    84  eleweight.o(i.loopWeight)
    main                                     0x08003121   Thumb Code   146  main.o(i.main)
    sendData                                 0x080031b9   Thumb Code    32  tcpserver.o(i.sendData)
    setRelayState                            0x080031dd   Thumb Code    52  iocontrol.o(i.setRelayState)
    AHBPrescTable                            0x08003214   Data          16  system_stm32f7xx.o(.constdata)
    APBPrescTable                            0x08003224   Data           8  system_stm32f7xx.o(.constdata)
    Region$$Table$$Base                      0x0800323c   Number         0  anon$$obj.o(Region$$Table)
    Region$$Table$$Limit                     0x0800325c   Number         0  anon$$obj.o(Region$$Table)
    uwTick                                   0x20000000   Data           4  stm32f7xx_hal.o(.data)
    SystemCoreClock                          0x20000004   Data           4  system_stm32f7xx.o(.data)
    _vortexTotalFlow                         0x20000008   Data           4  rs485loop.o(.data)
    _vortexFlowrate                          0x2000000c   Data           4  rs485loop.o(.data)
    hspi2                                    0x20000210   Data         100  main.o(.bss)
    huart4                                   0x20000274   Data         112  main.o(.bss)
    huart5                                   0x200002e4   Data         112  main.o(.bss)
    huart7                                   0x20000354   Data         112  main.o(.bss)
    huart1                                   0x200003c4   Data         112  main.o(.bss)
    huart2                                   0x20000434   Data         112  main.o(.bss)
    huart3                                   0x200004a4   Data         112  main.o(.bss)
    aRxBuffer                                0x20000514   Data          20  main.o(.bss)
    receive                                  0x20000528   Data          20  main.o(.bss)
    __initial_sp                             0x20000940   Data           0  startup_stm32f767xx.o(STACK)



==============================================================================

Memory Map of the image

  Image Entry point : 0x080001f9

  Load Region LR_IROM1 (Base: 0x08000000, Size: 0x0000346c, Max: 0x00100000, ABSOLUTE)

    Execution Region ER_IROM1 (Exec base: 0x08000000, Load base: 0x08000000, Size: 0x0000325c, Max: 0x00100000, ABSOLUTE)

    Exec Addr    Load Addr    Size         Type   Attr      Idx    E Section Name        Object

    0x08000000   0x08000000   0x000001f8   Data   RO            3    RESET               startup_stm32f767xx.o
    0x080001f8   0x080001f8   0x00000000   Code   RO         2834  * .ARM.Collect$$$$00000000  mc_w.l(entry.o)
    0x080001f8   0x080001f8   0x00000004   Code   RO         3116    .ARM.Collect$$$$00000001  mc_w.l(entry2.o)
    0x080001fc   0x080001fc   0x00000004   Code   RO         3119    .ARM.Collect$$$$00000004  mc_w.l(entry5.o)
    0x08000200   0x08000200   0x00000000   Code   RO         3121    .ARM.Collect$$$$00000008  mc_w.l(entry7b.o)
    0x08000200   0x08000200   0x00000000   Code   RO         3123    .ARM.Collect$$$$0000000A  mc_w.l(entry8b.o)
    0x08000200   0x08000200   0x00000008   Code   RO         3124    .ARM.Collect$$$$0000000B  mc_w.l(entry9a.o)
    0x08000208   0x08000208   0x00000000   Code   RO         3126    .ARM.Collect$$$$0000000D  mc_w.l(entry10a.o)
    0x08000208   0x08000208   0x00000000   Code   RO         3128    .ARM.Collect$$$$0000000F  mc_w.l(entry11a.o)
    0x08000208   0x08000208   0x00000004   Code   RO         3117    .ARM.Collect$$$$00002712  mc_w.l(entry2.o)
    0x0800020c   0x0800020c   0x00000024   Code   RO            4    .text               startup_stm32f767xx.o
    0x08000230   0x08000230   0x00000018   Code   RO         2841    .text               mc_w.l(strcat.o)
    0x08000248   0x08000248   0x0000000e   Code   RO         2843    .text               mc_w.l(strlen.o)
    0x08000256   0x08000256   0x0000002c   Code   RO         3133    .text               mc_w.l(uidiv.o)
    0x08000282   0x08000282   0x00000062   Code   RO         3135    .text               mc_w.l(uldiv.o)
    0x080002e4   0x080002e4   0x00000000   Code   RO         3148    .text               mc_w.l(iusefp.o)
    0x080002e4   0x080002e4   0x0000014e   Code   RO         3149    .text               mf_w.l(dadd.o)
    0x08000432   0x08000432   0x000000e4   Code   RO         3151    .text               mf_w.l(dmul.o)
    0x08000516   0x08000516   0x000000de   Code   RO         3153    .text               mf_w.l(ddiv.o)
    0x080005f4   0x080005f4   0x00000030   Code   RO         3155    .text               mf_w.l(dfixul.o)
    0x08000624   0x08000624   0x00000030   Code   RO         3157    .text               mf_w.l(cdrcmple.o)
    0x08000654   0x08000654   0x00000024   Code   RO         3159    .text               mc_w.l(init.o)
    0x08000678   0x08000678   0x0000001e   Code   RO         3162    .text               mc_w.l(llshl.o)
    0x08000696   0x08000696   0x00000020   Code   RO         3164    .text               mc_w.l(llushr.o)
    0x080006b6   0x080006b6   0x00000024   Code   RO         3166    .text               mc_w.l(llsshr.o)
    0x080006da   0x080006da   0x000000ba   Code   RO         3207    .text               mf_w.l(depilogue.o)
    0x08000794   0x08000794   0x00000002   Code   RO         2426    i.BusFault_Handler  stm32f7xx_it.o
    0x08000796   0x08000796   0x00000002   PAD
    0x08000798   0x08000798   0x00000028   Code   RO         2617    i.CRCCodeTest       rs485loop.o
    0x080007c0   0x080007c0   0x00000002   Code   RO         2427    i.DebugMon_Handler  stm32f7xx_it.o
    0x080007c2   0x080007c2   0x00000002   PAD
    0x080007c4   0x080007c4   0x00000020   Code   RO         2532    i.GetWeightValue    eleweight.o
    0x080007e4   0x080007e4   0x00000024   Code   RO          767    i.HAL_DMA_Abort_IT  stm32f7xx_hal_dma.o
    0x08000808   0x08000808   0x00000016   Code   RO         1302    i.HAL_Delay         stm32f7xx_hal.o
    0x0800081e   0x0800081e   0x00000002   PAD
    0x08000820   0x08000820   0x000001d8   Code   RO          700    i.HAL_GPIO_Init     stm32f7xx_hal_gpio.o
    0x080009f8   0x080009f8   0x0000000a   Code   RO          704    i.HAL_GPIO_WritePin  stm32f7xx_hal_gpio.o
    0x08000a02   0x08000a02   0x00000002   PAD
    0x08000a04   0x08000a04   0x0000000c   Code   RO         1312    i.HAL_GetTick       stm32f7xx_hal.o
    0x08000a10   0x08000a10   0x00000010   Code   RO         1313    i.HAL_IncTick       stm32f7xx_hal.o
    0x08000a20   0x08000a20   0x00000016   Code   RO         1314    i.HAL_Init          stm32f7xx_hal.o
    0x08000a36   0x08000a36   0x00000002   PAD
    0x08000a38   0x08000a38   0x00000028   Code   RO         1315    i.HAL_InitTick      stm32f7xx_hal.o
    0x08000a60   0x08000a60   0x00000058   Code   RO         2378    i.HAL_MspInit       stm32f7xx_hal_msp.o
    0x08000ab8   0x08000ab8   0x00000016   Code   RO          273    i.HAL_NVIC_EnableIRQ  stm32f7xx_hal_cortex.o
    0x08000ace   0x08000ace   0x00000002   PAD
    0x08000ad0   0x08000ad0   0x00000040   Code   RO          279    i.HAL_NVIC_SetPriority  stm32f7xx_hal_cortex.o
    0x08000b10   0x08000b10   0x00000024   Code   RO          280    i.HAL_NVIC_SetPriorityGrouping  stm32f7xx_hal_cortex.o
    0x08000b34   0x08000b34   0x0000071c   Code   RO          230    i.HAL_RCCEx_PeriphCLKConfig  stm32f7xx_hal_rcc_ex.o
    0x08001250   0x08001250   0x00000002   Code   RO          475    i.HAL_RCC_CSSCallback  stm32f7xx_hal_rcc.o
    0x08001252   0x08001252   0x00000002   PAD
    0x08001254   0x08001254   0x00000164   Code   RO          476    i.HAL_RCC_ClockConfig  stm32f7xx_hal_rcc.o
    0x080013b8   0x080013b8   0x00000010   Code   RO          479    i.HAL_RCC_EnableCSS  stm32f7xx_hal_rcc.o
    0x080013c8   0x080013c8   0x0000000c   Code   RO          481    i.HAL_RCC_GetHCLKFreq  stm32f7xx_hal_rcc.o
    0x080013d4   0x080013d4   0x00000030   Code   RO          483    i.HAL_RCC_GetPCLK1Freq  stm32f7xx_hal_rcc.o
    0x08001404   0x08001404   0x00000030   Code   RO          484    i.HAL_RCC_GetPCLK2Freq  stm32f7xx_hal_rcc.o
    0x08001434   0x08001434   0x00000084   Code   RO          485    i.HAL_RCC_GetSysClockFreq  stm32f7xx_hal_rcc.o
    0x080014b8   0x080014b8   0x0000001c   Code   RO          487    i.HAL_RCC_NMI_IRQHandler  stm32f7xx_hal_rcc.o
    0x080014d4   0x080014d4   0x00000338   Code   RO          231    i.HAL_RCC_OscConfig  stm32f7xx_hal_rcc_ex.o
    0x0800180c   0x0800180c   0x000000ae   Code   RO         1014    i.HAL_SPI_Init      stm32f7xx_hal_spi.o
    0x080018ba   0x080018ba   0x00000002   PAD
    0x080018bc   0x080018bc   0x00000048   Code   RO         2380    i.HAL_SPI_MspInit   stm32f7xx_hal_msp.o
    0x08001904   0x08001904   0x00000018   Code   RO          282    i.HAL_SYSTICK_CLKSourceConfig  stm32f7xx_hal_cortex.o
    0x0800191c   0x0800191c   0x00000002   Code   RO          283    i.HAL_SYSTICK_Callback  stm32f7xx_hal_cortex.o
    0x0800191e   0x0800191e   0x00000026   Code   RO          284    i.HAL_SYSTICK_Config  stm32f7xx_hal_cortex.o
    0x08001944   0x08001944   0x00000008   Code   RO          285    i.HAL_SYSTICK_IRQHandler  stm32f7xx_hal_cortex.o
    0x0800194c   0x0800194c   0x00000002   Code   RO         1481    i.HAL_UART_ErrorCallback  stm32f7xx_hal_uart.o
    0x0800194e   0x0800194e   0x00000002   PAD
    0x08001950   0x08001950   0x00000178   Code   RO         1484    i.HAL_UART_IRQHandler  stm32f7xx_hal_uart.o
    0x08001ac8   0x08001ac8   0x0000006a   Code   RO         1485    i.HAL_UART_Init     stm32f7xx_hal_uart.o
    0x08001b32   0x08001b32   0x00000002   PAD
    0x08001b34   0x08001b34   0x00000128   Code   RO         2382    i.HAL_UART_MspInit  stm32f7xx_hal_msp.o
    0x08001c5c   0x08001c5c   0x000000e6   Code   RO         1488    i.HAL_UART_Receive  stm32f7xx_hal_uart.o
    0x08001d42   0x08001d42   0x00000002   Code   RO         1491    i.HAL_UART_RxCpltCallback  stm32f7xx_hal_uart.o
    0x08001d44   0x08001d44   0x000000b6   Code   RO         1493    i.HAL_UART_Transmit  stm32f7xx_hal_uart.o
    0x08001dfa   0x08001dfa   0x00000002   Code   RO         1496    i.HAL_UART_TxCpltCallback  stm32f7xx_hal_uart.o
    0x08001dfc   0x08001dfc   0x00000002   Code   RO         2428    i.HardFault_Handler  stm32f7xx_it.o
    0x08001dfe   0x08001dfe   0x00000002   PAD
    0x08001e00   0x08001e00   0x00000108   Code   RO         2271    i.MX_GPIO_Init      main.o
    0x08001f08   0x08001f08   0x00000048   Code   RO         2272    i.MX_SPI2_Init      main.o
    0x08001f50   0x08001f50   0x00000038   Code   RO         2273    i.MX_UART4_Init     main.o
    0x08001f88   0x08001f88   0x00000038   Code   RO         2274    i.MX_UART5_Init     main.o
    0x08001fc0   0x08001fc0   0x00000038   Code   RO         2275    i.MX_UART7_Init     main.o
    0x08001ff8   0x08001ff8   0x00000038   Code   RO         2276    i.MX_USART1_UART_Init  main.o
    0x08002030   0x08002030   0x00000038   Code   RO         2277    i.MX_USART2_UART_Init  main.o
    0x08002068   0x08002068   0x00000038   Code   RO         2278    i.MX_USART3_UART_Init  main.o
    0x080020a0   0x080020a0   0x00000002   Code   RO         2429    i.MemManage_Handler  stm32f7xx_it.o
    0x080020a2   0x080020a2   0x00000004   Code   RO         2430    i.NMI_Handler       stm32f7xx_it.o
    0x080020a6   0x080020a6   0x00000022   Code   RO          286    i.NVIC_SetPriority  stm32f7xx_hal_cortex.o
    0x080020c8   0x080020c8   0x00000002   Code   RO         2431    i.PendSV_Handler    stm32f7xx_it.o
    0x080020ca   0x080020ca   0x00000002   Code   RO         2432    i.SVC_Handler       stm32f7xx_it.o
    0x080020cc   0x080020cc   0x00000038   Code   RO         2622    i.StopInverter      rs485loop.o
    0x08002104   0x08002104   0x0000000e   Code   RO         2433    i.SysTick_Handler   stm32f7xx_it.o
    0x08002112   0x08002112   0x00000002   PAD
    0x08002114   0x08002114   0x000000c0   Code   RO         2279    i.SystemClock_Config  main.o
    0x080021d4   0x080021d4   0x00000054   Code   RO         2234    i.SystemInit        system_stm32f7xx.o
    0x08002228   0x08002228   0x0000000c   Code   RO         2434    i.UART4_IRQHandler  stm32f7xx_it.o
    0x08002234   0x08002234   0x0000000c   Code   RO         2435    i.UART5_IRQHandler  stm32f7xx_it.o
    0x08002240   0x08002240   0x0000000c   Code   RO         2436    i.UART7_IRQHandler  stm32f7xx_it.o
    0x0800224c   0x0800224c   0x000000c8   Code   RO         1498    i.UART_AdvFeatureConfig  stm32f7xx_hal_uart.o
    0x08002314   0x08002314   0x0000005c   Code   RO         1499    i.UART_CheckIdleState  stm32f7xx_hal_uart.o
    0x08002370   0x08002370   0x00000014   Code   RO         1500    i.UART_DMAAbortOnError  stm32f7xx_hal_uart.o
    0x08002384   0x08002384   0x0000001c   Code   RO         1506    i.UART_EndRxTransfer  stm32f7xx_hal_uart.o
    0x080023a0   0x080023a0   0x00000078   Code   RO         1508    i.UART_Receive_IT   stm32f7xx_hal_uart.o
    0x08002418   0x08002418   0x00000258   Code   RO         1509    i.UART_SetConfig    stm32f7xx_hal_uart.o
    0x08002670   0x08002670   0x00000064   Code   RO         1510    i.UART_WaitOnFlagUntilTimeout  stm32f7xx_hal_uart.o
    0x080026d4   0x080026d4   0x0000000c   Code   RO         2437    i.USART2_IRQHandler  stm32f7xx_it.o
    0x080026e0   0x080026e0   0x0000000c   Code   RO         2438    i.USART3_IRQHandler  stm32f7xx_it.o
    0x080026ec   0x080026ec   0x00000002   Code   RO         2439    i.UsageFault_Handler  stm32f7xx_it.o
    0x080026ee   0x080026ee   0x00000002   PAD
    0x080026f0   0x080026f0   0x00000028   Code   RO         3088    i.__0sprintf        mc_w.l(printfa.o)
    0x08002718   0x08002718   0x0000000e   Code   RO         3222    i.__scatterload_copy  mc_w.l(handlers.o)
    0x08002726   0x08002726   0x00000002   Code   RO         3223    i.__scatterload_null  mc_w.l(handlers.o)
    0x08002728   0x08002728   0x0000000e   Code   RO         3224    i.__scatterload_zeroinit  mc_w.l(handlers.o)
    0x08002736   0x08002736   0x00000002   PAD
    0x08002738   0x08002738   0x00000184   Code   RO         3093    i._fp_digits        mc_w.l(printfa.o)
    0x080028bc   0x080028bc   0x000006dc   Code   RO         3094    i._printf_core      mc_w.l(printfa.o)
    0x08002f98   0x08002f98   0x00000024   Code   RO         3095    i._printf_post_padding  mc_w.l(printfa.o)
    0x08002fbc   0x08002fbc   0x0000002e   Code   RO         3096    i._printf_pre_padding  mc_w.l(printfa.o)
    0x08002fea   0x08002fea   0x0000000a   Code   RO         3098    i._sputc            mc_w.l(printfa.o)
    0x08002ff4   0x08002ff4   0x000000cc   Code   RO         2534    i.analyWeightValue  eleweight.o
    0x080030c0   0x080030c0   0x00000060   Code   RO         2535    i.loopWeight        eleweight.o
    0x08003120   0x08003120   0x00000098   Code   RO         2282    i.main              main.o
    0x080031b8   0x080031b8   0x00000024   Code   RO         2716    i.sendData          tcpserver.o
    0x080031dc   0x080031dc   0x00000038   Code   RO         2586    i.setRelayState     iocontrol.o
    0x08003214   0x08003214   0x00000010   Data   RO         2235    .constdata          system_stm32f7xx.o
    0x08003224   0x08003224   0x00000008   Data   RO         2236    .constdata          system_stm32f7xx.o
    0x0800322c   0x0800322c   0x0000000f   Data   RO         2536    .constdata          eleweight.o
    0x0800323b   0x0800323b   0x00000001   PAD
    0x0800323c   0x0800323c   0x00000020   Data   RO         3220    Region$$Table       anon$$obj.o


    Execution Region RW_IRAM1 (Exec base: 0x20000000, Load base: 0x0800325c, Size: 0x00000940, Max: 0x00080000, ABSOLUTE)

    Exec Addr    Load Addr    Size         Type   Attr      Idx    E Section Name        Object

    0x20000000   0x0800325c   0x00000004   Data   RW         1320    .data               stm32f7xx_hal.o
    0x20000004   0x08003260   0x00000004   Data   RW         2237    .data               system_stm32f7xx.o
    0x20000008   0x08003264   0x00000208   Data   RW         2632    .data               rs485loop.o
    0x20000210        -       0x0000032c   Zero   RW         2284    .bss                main.o
    0x2000053c   0x0800346c   0x00000004   PAD
    0x20000540        -       0x00000400   Zero   RW            1    STACK               startup_stm32f767xx.o


==============================================================================

Image component sizes


      Code (inc. data)   RO Data    RW Data    ZI Data      Debug   Object Name

       332         44         15          0          0       2664   eleweight.o
        56         10          0          0          0        656   iocontrol.o
      1016         98          0          0        812       7239   main.o
        96         18          0        520          0       2672   rs485loop.o
        36          8        504          0       1024        868   startup_stm32f767xx.o
       112         18          0          4          0       4003   stm32f7xx_hal.o
       228         12          0          0          0      37521   stm32f7xx_hal_cortex.o
        36          0          0          0          0       1287   stm32f7xx_hal_dma.o
         0          0          0          0          0     397892   stm32f7xx_hal_flash.o
       482         54          0          0          0       2668   stm32f7xx_hal_gpio.o
       456         62          0          0          0       2639   stm32f7xx_hal_msp.o
       642         72          0          0          0       6167   stm32f7xx_hal_rcc.o
      2644         26          0          0          0       3960   stm32f7xx_hal_rcc_ex.o
       174          0          0          0          0       1315   stm32f7xx_hal_spi.o
      2060         74          0          0          0      12791   stm32f7xx_hal_uart.o
        92         30          0          0          0       6859   stm32f7xx_it.o
        84         16         24          4          0       1323   system_stm32f7xx.o
        36          4          0          0          0        655   tcpserver.o

    ----------------------------------------------------------------------
      8608        546        576        528       1840     493179   Object Totals
         0          0         32          0          0          0   (incl. Generated)
        26          0          1          0          4          0   (incl. Padding)

    ----------------------------------------------------------------------

      Code (inc. data)   RO Data    RW Data    ZI Data      Debug   Library Member Name

         0          0          0          0          0          0   entry.o
         0          0          0          0          0          0   entry10a.o
         0          0          0          0          0          0   entry11a.o
         8          4          0          0          0          0   entry2.o
         4          0          0          0          0          0   entry5.o
         0          0          0          0          0          0   entry7b.o
         0          0          0          0          0          0   entry8b.o
         8          4          0          0          0          0   entry9a.o
        30          0          0          0          0          0   handlers.o
        36          8          0          0          0         68   init.o
         0          0          0          0          0          0   iusefp.o
        30          0          0          0          0         68   llshl.o
        36          0          0          0          0         68   llsshr.o
        32          0          0          0          0         68   llushr.o
      2276         86          0          0          0        520   printfa.o
        24          0          0          0          0         68   strcat.o
        14          0          0          0          0         68   strlen.o
        44          0          0          0          0         80   uidiv.o
        98          0          0          0          0         92   uldiv.o
        48          0          0          0          0         68   cdrcmple.o
       334          0          0          0          0        148   dadd.o
       222          0          0          0          0        100   ddiv.o
       186          0          0          0          0        176   depilogue.o
        48          0          0          0          0         68   dfixul.o
       228          0          0          0          0         96   dmul.o

    ----------------------------------------------------------------------
      3708        102          0          0          0       1756   Library Totals
         2          0          0          0          0          0   (incl. Padding)

    ----------------------------------------------------------------------

      Code (inc. data)   RO Data    RW Data    ZI Data      Debug   Library Name

      2640        102          0          0          0       1100   mc_w.l
      1066          0          0          0          0        656   mf_w.l

    ----------------------------------------------------------------------
      3708        102          0          0          0       1756   Library Totals

    ----------------------------------------------------------------------

==============================================================================


      Code (inc. data)   RO Data    RW Data    ZI Data      Debug   

     12316        648        576        528       1840     487355   Grand Totals
     12316        648        576        528       1840     487355   ELF Image Totals
     12316        648        576        528          0          0   ROM Totals

==============================================================================

    Total RO  Size (Code + RO Data)                12892 (  12.59kB)
    Total RW  Size (RW Data + ZI Data)              2368 (   2.31kB)
    Total ROM Size (Code + RO Data + RW Data)      13420 (  13.11kB)

==============================================================================

